{"request_id":1,"ts":"2026-07-10T22:59:29.646053Z","method":"GET","path":"/models","provider":"copilot","endpoint":"copilot-models","upstream":"api.githubcopilot.com","model":"","stream":"unknown","request_body":"","request_body_truncated":false,"status":400,"latency_ms":0,"response_headers":{"Content-Length":["56"],"Content-Security-Policy":["default-src 'none'; sandbox"],"Content-Type":["text/plain; charset=utf-8"],"Date":["Fri, 10 Jul 2026 22:59:29 GMT"],"Strict-Transport-Security":["max-age=31536000"],"X-Content-Type-Options":["nosniff"],"X-Copilot-Service-Request-Id":["efe748e3-de8b-4335-9155-4ce203e94bb8"],"X-Github-Backend":["Kubernetes"],"X-Github-Request-Id":["140D:A6A0A:4319AA:4DA9ED:6A517951"]},"route_matched":true,"compression_status":"","policy_allowed":true}
{"request_id":2,"ts":"2026-07-10T22:59:29.676133Z","method":"GET","path":"/models","provider":"copilot","endpoint":"copilot-models","upstream":"api.githubcopilot.com","model":"","stream":"unknown","request_body":"","request_body_truncated":false,"status":200,"latency_ms":0,"response_headers":{"Cache-Control":["private, max-age=21600"],"Content-Security-Policy":["default-src 'none'; sandbox"],"Content-Type":["application/json"],"Date":["Fri, 10 Jul 2026 22:59:30 GMT"],"Strict-Transport-Security":["max-age=31536000"],"X-Copilot-Api-Exp-Assignment-Context":["5133j383:1109202;"],"X-Copilot-Service-Request-Id":["3921d5b1-21d2-444b-b6e3-6d1eb16686d1"],"X-Github-Backend":["Kubernetes"],"X-Github-Request-Id":["140D:A6A0A:4319AA:4DA9EC:6A517951"]},"route_matched":true,"compression_status":"","policy_allowed":true}
{"request_id":3,"ts":"2026-07-10T23:01:49.78185Z","method":"POST","path":"/chat/completions","provider":"kilo","endpoint":"kilo-chat","upstream":"api.kilo.ai","model":"deepseek/deepseek-v4-pro:discounted","stream":"true","request_body":"eyJtb2RlbCI6ImRlZXBzZWVrL2RlZXBzZWVrLXY0LXBybzpkaXNjb3VudGVkIiwibWVzc2FnZXMiOlt7InJvbGUiOiJzeXN0ZW0iLCJjb250ZW50IjoiWW91IGFyZSBhbiBleHBlcnQgY29kaW5nIGFzc2lzdGFudCBvcGVyYXRpbmcgaW5zaWRlIHBpLCBhIGNvZGluZyBhZ2VudCBoYXJuZXNzLiBZb3UgaGVscCB1c2VycyBieSByZWFkaW5nIGZpbGVzLCBleGVjdXRpbmcgY29tbWFuZHMsIGVkaXRpbmcgY29kZSwgYW5kIHdyaXRpbmcgbmV3IGZpbGVzLlxuXG5BdmFpbGFibGUgdG9vbHM6XG4tIG1lbXBhbGFjZV9zZWFyY2g6IFNlbWFudGljIG1lbW9yeSBzZWFyY2gg4oCUIGZpbmQgcGFzdCB3b3JrLCBkZWNpc2lvbnMsIGFuZCBjb252ZXJzYXRpb25zXG4tIG1lbXBhbGFjZV9zdGF0dXM6IFBhbGFjZSBvdmVydmlldyDigJQgd2luZ3MsIHJvb21zLCBhbmQgZHJhd2VyIGNvdW50c1xuLSBtZW1wYWxhY2Vfc3dlZXA6IFRhbmRlbSBtZW1vcnkgc3dlZXAg4oCUIGNhdGNoIHdoYXQgdGhlIHByaW1hcnkgbWluZXIgbWlzc2VkXG4tIG1lbXBhbGFjZV9zeW5jOiBQYWxhY2Ugc3luYyDigJQgcHJ1bmUgc3RhbGUgZHJhd2VycyBmcm9tIGRlbGV0ZWQgc2Vzc2lvbnNcbi0gbWVtcGFsYWNlX2tnX3F1ZXJ5OiBLbm93bGVkZ2UgZ3JhcGggcXVlcnkg4oCUIGZpbmQgcmVsYXRpb25zaGlwcyBmb3IgYW4gZW50aXR5XG4tIG1lbXBhbGFjZV9rZ19hZGQ6IEtub3dsZWRnZSBncmFwaCBhZGQg4oCUIHBlcnNpc3QgYSBmYWN0IG9yIHJlbGF0aW9uc2hpcFxuLSBtZW1wYWxhY2Vfa2dfaW52YWxpZGF0ZTogS25vd2xlZGdlIGdyYXBoIGludmFsaWRhdGUg4oCUIG1hcmsgYSBmYWN0IGFzIG5vIGxvbmdlciB0cnVlXG4tIG1lbXBhbGFjZV9rZ190aW1lbGluZTogS25vd2xlZGdlIGdyYXBoIHRpbWVsaW5lIOKAlCBjaHJvbm9sb2dpY2FsIHZpZXcgb2YgZmFjdHNcblxuSW4gYWRkaXRpb24gdG8gdGhlIHRvb2xzIGFib3ZlLCB5b3UgbWF5IGhhdmUgYWNjZXNzIHRvIG90aGVyIGN1c3RvbSB0b29scyBkZXBlbmRpbmcgb24gdGhlIA==","request_body_truncated":true,"status":200,"latency_ms":0,"response_headers":{"Cache-Control":["public, max-age=0, must-revalidate"],"Content-Encoding":["identity"],"Content-Security-Policy-Report-Only":["default-src 'self'; base-uri 'self'; object-src 'none'; frame-ancestors 'self'; form-action 'self'; script-src 'self' 'unsafe-inline' 'wasm-unsafe-eval' https://www.googletagmanager.com https://utt.impactcdn.com https://login.kilo.ai https://login-test.kilo.ai https://js.stripe.com https://*.js.stripe.com https://checkout.stripe.com https://challenges.cloudflare.com https://widget.usepylon.com https://assets.churnkey.co; connect-src 'self' https://auth.kilo.ai https://us.i.posthog.com https://us-assets.i.posthog.com https://api.stripe.com https://r.stripe.com https://m.stripe.com https://checkout.stripe.com https://utt.impactcdn.com https://cdn.jsdelivr.net https://unpkg.com https://widget.usepylon.com https://assets.churnkey.co https://api.churnkey.co https://*.churnkey.co https://*.d.kiloapps.io https://e115e769bcdd4c3d66af59d3332cb394.r2.cloudflarestorage.com wss://cloud-agent-next.kilosessions.ai wss://ingest.kilosessions.ai https://gastown.kiloapps.io wss://gastown.kiloapps.io; img-src 'self' data: blob: https://lh3.googleusercontent.com https://avatars.githubusercontent.com https://secure.gravatar.com https://gravatar.com https://media.licdn.com https://cdn.discordapp.com https://gitlab.com https://*.stripe.com https://www.googletagmanager.com https://utt.impactcdn.com https://widget.usepylon.com https://assets.churnkey.co https://*.churnkey.co https://www.gravatar.com https://openrouter.ai https://e115e769bcdd4c3d66af59d3332cb394.r2.cloudflarestorage.com; style-src 'self' 'unsafe-inline'; font-src 'self' data:; frame-src 'self' https://js.stripe.com https://*.js.stripe.com https://hooks.stripe.com https://checkout.stripe.com https://challenges.cloudflare.com https://www.youtube.com https://widget.usepylon.com https://assets.churnkey.co https://*.churnkey.co https://*.d.kiloapps.io; worker-src 'self' blob:; media-src 'self' blob:; manifest-src 'self'"],"Content-Type":["text/event-stream"],"Cross-Origin-Embedder-Policy-Report-Only":["require-corp"],"Cross-Origin-Opener-Policy":["same-origin"],"Cross-Origin-Resource-Policy":["same-origin"],"Date":["Fri, 10 Jul 2026 23:01:50 GMT"],"Permissions-Policy":["geolocation=(self), camera=(), microphone=()"],"Referrer-Policy":["strict-origin-when-cross-origin"],"Server":["Vercel"],"Strict-Transport-Security":["max-age=31536000; includeSubDomains"],"X-Content-Type-Options":["nosniff"],"X-Frame-Options":["SAMEORIGIN"],"X-Matched-Path":["/api/gateway/[...path]"],"X-Vercel-Cache":["MISS"],"X-Vercel-Id":["fra1::fra1::qtqw4-1783724509850-7e7ac5102805"],"X-Xss-Protection":["0"]},"route_matched":true,"compression_status":"","policy_allowed":true}
{"request_id":4,"ts":"2026-07-10T23:01:53.128044Z","method":"POST","path":"/chat/completions","provider":"kilo","endpoint":"kilo-chat","upstream":"api.kilo.ai","model":"deepseek/deepseek-v4-pro:discounted","stream":"true","request_body":"eyJtb2RlbCI6ImRlZXBzZWVrL2RlZXBzZWVrLXY0LXBybzpkaXNjb3VudGVkIiwibWVzc2FnZXMiOlt7InJvbGUiOiJzeXN0ZW0iLCJjb250ZW50IjoiWW91IGFyZSBhbiBleHBlcnQgY29kaW5nIGFzc2lzdGFudCBvcGVyYXRpbmcgaW5zaWRlIHBpLCBhIGNvZGluZyBhZ2VudCBoYXJuZXNzLiBZb3UgaGVscCB1c2VycyBieSByZWFkaW5nIGZpbGVzLCBleGVjdXRpbmcgY29tbWFuZHMsIGVkaXRpbmcgY29kZSwgYW5kIHdyaXRpbmcgbmV3IGZpbGVzLlxuXG5BdmFpbGFibGUgdG9vbHM6XG4tIG1lbXBhbGFjZV9zZWFyY2g6IFNlbWFudGljIG1lbW9yeSBzZWFyY2gg4oCUIGZpbmQgcGFzdCB3b3JrLCBkZWNpc2lvbnMsIGFuZCBjb252ZXJzYXRpb25zXG4tIG1lbXBhbGFjZV9zdGF0dXM6IFBhbGFjZSBvdmVydmlldyDigJQgd2luZ3MsIHJvb21zLCBhbmQgZHJhd2VyIGNvdW50c1xuLSBtZW1wYWxhY2Vfc3dlZXA6IFRhbmRlbSBtZW1vcnkgc3dlZXAg4oCUIGNhdGNoIHdoYXQgdGhlIHByaW1hcnkgbWluZXIgbWlzc2VkXG4tIG1lbXBhbGFjZV9zeW5jOiBQYWxhY2Ugc3luYyDigJQgcHJ1bmUgc3RhbGUgZHJhd2VycyBmcm9tIGRlbGV0ZWQgc2Vzc2lvbnNcbi0gbWVtcGFsYWNlX2tnX3F1ZXJ5OiBLbm93bGVkZ2UgZ3JhcGggcXVlcnkg4oCUIGZpbmQgcmVsYXRpb25zaGlwcyBmb3IgYW4gZW50aXR5XG4tIG1lbXBhbGFjZV9rZ19hZGQ6IEtub3dsZWRnZSBncmFwaCBhZGQg4oCUIHBlcnNpc3QgYSBmYWN0IG9yIHJlbGF0aW9uc2hpcFxuLSBtZW1wYWxhY2Vfa2dfaW52YWxpZGF0ZTogS25vd2xlZGdlIGdyYXBoIGludmFsaWRhdGUg4oCUIG1hcmsgYSBmYWN0IGFzIG5vIGxvbmdlciB0cnVlXG4tIG1lbXBhbGFjZV9rZ190aW1lbGluZTogS25vd2xlZGdlIGdyYXBoIHRpbWVsaW5lIOKAlCBjaHJvbm9sb2dpY2FsIHZpZXcgb2YgZmFjdHNcblxuSW4gYWRkaXRpb24gdG8gdGhlIHRvb2xzIGFib3ZlLCB5b3UgbWF5IGhhdmUgYWNjZXNzIHRvIG90aGVyIGN1c3RvbSB0b29scyBkZXBlbmRpbmcgb24gdGhlIA==","request_body_truncated":true,"status":200,"latency_ms":0,"response_headers":{"Cache-Control":["public, max-age=0, must-revalidate"],"Content-Encoding":["identity"],"Content-Security-Policy-Report-Only":["default-src 'self'; base-uri 'self'; object-src 'none'; frame-ancestors 'self'; form-action 'self'; script-src 'self' 'unsafe-inline' 'wasm-unsafe-eval' https://www.googletagmanager.com https://utt.impactcdn.com https://login.kilo.ai https://login-test.kilo.ai https://js.stripe.com https://*.js.stripe.com https://checkout.stripe.com https://challenges.cloudflare.com https://widget.usepylon.com https://assets.churnkey.co; connect-src 'self' https://auth.kilo.ai https://us.i.posthog.com https://us-assets.i.posthog.com https://api.stripe.com https://r.stripe.com https://m.stripe.com https://checkout.stripe.com https://utt.impactcdn.com https://cdn.jsdelivr.net https://unpkg.com https://widget.usepylon.com https://assets.churnkey.co https://api.churnkey.co https://*.churnkey.co https://*.d.kiloapps.io https://e115e769bcdd4c3d66af59d3332cb394.r2.cloudflarestorage.com wss://cloud-agent-next.kilosessions.ai wss://ingest.kilosessions.ai https://gastown.kiloapps.io wss://gastown.kiloapps.io; img-src 'self' data: blob: https://lh3.googleusercontent.com https://avatars.githubusercontent.com https://secure.gravatar.com https://gravatar.com https://media.licdn.com https://cdn.discordapp.com https://gitlab.com https://*.stripe.com https://www.googletagmanager.com https://utt.impactcdn.com https://widget.usepylon.com https://assets.churnkey.co https://*.churnkey.co https://www.gravatar.com https://openrouter.ai https://e115e769bcdd4c3d66af59d3332cb394.r2.cloudflarestorage.com; style-src 'self' 'unsafe-inline'; font-src 'self' data:; frame-src 'self' https://js.stripe.com https://*.js.stripe.com https://hooks.stripe.com https://checkout.stripe.com https://challenges.cloudflare.com https://www.youtube.com https://widget.usepylon.com https://assets.churnkey.co https://*.churnkey.co https://*.d.kiloapps.io; worker-src 'self' blob:; media-src 'self' blob:; manifest-src 'self'"],"Content-Type":["text/event-stream"],"Cross-Origin-Embedder-Policy-Report-Only":["require-corp"],"Cross-Origin-Opener-Policy":["same-origin"],"Cross-Origin-Resource-Policy":["same-origin"],"Date":["Fri, 10 Jul 2026 23:01:53 GMT"],"Permissions-Policy":["geolocation=(self), camera=(), microphone=()"],"Referrer-Policy":["strict-origin-when-cross-origin"],"Server":["Vercel"],"Strict-Transport-Security":["max-age=31536000; includeSubDomains"],"X-Content-Type-Options":["nosniff"],"X-Frame-Options":["SAMEORIGIN"],"X-Matched-Path":["/api/gateway/[...path]"],"X-Vercel-Cache":["MISS"],"X-Vercel-Id":["fra1::fra1::qtqw4-1783724513144-839a3809ad36"],"X-Xss-Protection":["0"]},"route_matched":true,"compression_status":"","policy_allowed":true}
{"request_id":5,"ts":"2026-07-10T23:01:57.951088Z","method":"POST","path":"/chat/completions","provider":"kilo","endpoint":"kilo-chat","upstream":"api.kilo.ai","model":"deepseek/deepseek-v4-pro:discounted","stream":"true","request_body":"eyJtb2RlbCI6ImRlZXBzZWVrL2RlZXBzZWVrLXY0LXBybzpkaXNjb3VudGVkIiwibWVzc2FnZXMiOlt7InJvbGUiOiJzeXN0ZW0iLCJjb250ZW50IjoiWW91IGFyZSBhbiBleHBlcnQgY29kaW5nIGFzc2lzdGFudCBvcGVyYXRpbmcgaW5zaWRlIHBpLCBhIGNvZGluZyBhZ2VudCBoYXJuZXNzLiBZb3UgaGVscCB1c2VycyBieSByZWFkaW5nIGZpbGVzLCBleGVjdXRpbmcgY29tbWFuZHMsIGVkaXRpbmcgY29kZSwgYW5kIHdyaXRpbmcgbmV3IGZpbGVzLlxuXG5BdmFpbGFibGUgdG9vbHM6XG4tIG1lbXBhbGFjZV9zZWFyY2g6IFNlbWFudGljIG1lbW9yeSBzZWFyY2gg4oCUIGZpbmQgcGFzdCB3b3JrLCBkZWNpc2lvbnMsIGFuZCBjb252ZXJzYXRpb25zXG4tIG1lbXBhbGFjZV9zdGF0dXM6IFBhbGFjZSBvdmVydmlldyDigJQgd2luZ3MsIHJvb21zLCBhbmQgZHJhd2VyIGNvdW50c1xuLSBtZW1wYWxhY2Vfc3dlZXA6IFRhbmRlbSBtZW1vcnkgc3dlZXAg4oCUIGNhdGNoIHdoYXQgdGhlIHByaW1hcnkgbWluZXIgbWlzc2VkXG4tIG1lbXBhbGFjZV9zeW5jOiBQYWxhY2Ugc3luYyDigJQgcHJ1bmUgc3RhbGUgZHJhd2VycyBmcm9tIGRlbGV0ZWQgc2Vzc2lvbnNcbi0gbWVtcGFsYWNlX2tnX3F1ZXJ5OiBLbm93bGVkZ2UgZ3JhcGggcXVlcnkg4oCUIGZpbmQgcmVsYXRpb25zaGlwcyBmb3IgYW4gZW50aXR5XG4tIG1lbXBhbGFjZV9rZ19hZGQ6IEtub3dsZWRnZSBncmFwaCBhZGQg4oCUIHBlcnNpc3QgYSBmYWN0IG9yIHJlbGF0aW9uc2hpcFxuLSBtZW1wYWxhY2Vfa2dfaW52YWxpZGF0ZTogS25vd2xlZGdlIGdyYXBoIGludmFsaWRhdGUg4oCUIG1hcmsgYSBmYWN0IGFzIG5vIGxvbmdlciB0cnVlXG4tIG1lbXBhbGFjZV9rZ190aW1lbGluZTogS25vd2xlZGdlIGdyYXBoIHRpbWVsaW5lIOKAlCBjaHJvbm9sb2dpY2FsIHZpZXcgb2YgZmFjdHNcblxuSW4gYWRkaXRpb24gdG8gdGhlIHRvb2xzIGFib3ZlLCB5b3UgbWF5IGhhdmUgYWNjZXNzIHRvIG90aGVyIGN1c3RvbSB0b29scyBkZXBlbmRpbmcgb24gdGhlIA==","request_body_truncated":true,"status":200,"latency_ms":0,"response_headers":{"Cache-Control":["public, max-age=0, must-revalidate"],"Content-Encoding":["identity"],"Content-Security-Policy-Report-Only":["default-src 'self'; base-uri 'self'; object-src 'none'; frame-ancestors 'self'; form-action 'self'; script-src 'self' 'unsafe-inline' 'wasm-unsafe-eval' https://www.googletagmanager.com https://utt.impactcdn.com https://login.kilo.ai https://login-test.kilo.ai https://js.stripe.com https://*.js.stripe.com https://checkout.stripe.com https://challenges.cloudflare.com https://widget.usepylon.com https://assets.churnkey.co; connect-src 'self' https://auth.kilo.ai https://us.i.posthog.com https://us-assets.i.posthog.com https://api.stripe.com https://r.stripe.com https://m.stripe.com https://checkout.stripe.com https://utt.impactcdn.com https://cdn.jsdelivr.net https://unpkg.com https://widget.usepylon.com https://assets.churnkey.co https://api.churnkey.co https://*.churnkey.co https://*.d.kiloapps.io https://e115e769bcdd4c3d66af59d3332cb394.r2.cloudflarestorage.com wss://cloud-agent-next.kilosessions.ai wss://ingest.kilosessions.ai https://gastown.kiloapps.io wss://gastown.kiloapps.io; img-src 'self' data: blob: https://lh3.googleusercontent.com https://avatars.githubusercontent.com https://secure.gravatar.com https://gravatar.com https://media.licdn.com https://cdn.discordapp.com https://gitlab.com https://*.stripe.com https://www.googletagmanager.com https://utt.impactcdn.com https://widget.usepylon.com https://assets.churnkey.co https://*.churnkey.co https://www.gravatar.com https://openrouter.ai https://e115e769bcdd4c3d66af59d3332cb394.r2.cloudflarestorage.com; style-src 'self' 'unsafe-inline'; font-src 'self' data:; frame-src 'self' https://js.stripe.com https://*.js.stripe.com https://hooks.stripe.com https://checkout.stripe.com https://challenges.cloudflare.com https://www.youtube.com https://widget.usepylon.com https://assets.churnkey.co https://*.churnkey.co https://*.d.kiloapps.io; worker-src 'self' blob:; media-src 'self' blob:; manifest-src 'self'"],"Content-Type":["text/event-stream"],"Cross-Origin-Embedder-Policy-Report-Only":["require-corp"],"Cross-Origin-Opener-Policy":["same-origin"],"Cross-Origin-Resource-Policy":["same-origin"],"Date":["Fri, 10 Jul 2026 23:01:58 GMT"],"Permissions-Policy":["geolocation=(self), camera=(), microphone=()"],"Referrer-Policy":["strict-origin-when-cross-origin"],"Server":["Vercel"],"Strict-Transport-Security":["max-age=31536000; includeSubDomains"],"X-Content-Type-Options":["nosniff"],"X-Frame-Options":["SAMEORIGIN"],"X-Matched-Path":["/api/gateway/[...path]"],"X-Vercel-Cache":["MISS"],"X-Vercel-Id":["fra1::fra1::4sx2m-1783724517966-b9ed841a5796"],"X-Xss-Protection":["0"]},"route_matched":true,"compression_status":"","policy_allowed":true}
{"request_id":6,"ts":"2026-07-10T23:02:02.669727Z","method":"POST","path":"/chat/completions","provider":"kilo","endpoint":"kilo-chat","upstream":"api.kilo.ai","model":"deepseek/deepseek-v4-pro:discounted","stream":"true","request_body":"eyJtb2RlbCI6ImRlZXBzZWVrL2RlZXBzZWVrLXY0LXBybzpkaXNjb3VudGVkIiwibWVzc2FnZXMiOlt7InJvbGUiOiJzeXN0ZW0iLCJjb250ZW50IjoiWW91IGFyZSBhbiBleHBlcnQgY29kaW5nIGFzc2lzdGFudCBvcGVyYXRpbmcgaW5zaWRlIHBpLCBhIGNvZGluZyBhZ2VudCBoYXJuZXNzLiBZb3UgaGVscCB1c2VycyBieSByZWFkaW5nIGZpbGVzLCBleGVjdXRpbmcgY29tbWFuZHMsIGVkaXRpbmcgY29kZSwgYW5kIHdyaXRpbmcgbmV3IGZpbGVzLlxuXG5BdmFpbGFibGUgdG9vbHM6XG4tIG1lbXBhbGFjZV9zZWFyY2g6IFNlbWFudGljIG1lbW9yeSBzZWFyY2gg4oCUIGZpbmQgcGFzdCB3b3JrLCBkZWNpc2lvbnMsIGFuZCBjb252ZXJzYXRpb25zXG4tIG1lbXBhbGFjZV9zdGF0dXM6IFBhbGFjZSBvdmVydmlldyDigJQgd2luZ3MsIHJvb21zLCBhbmQgZHJhd2VyIGNvdW50c1xuLSBtZW1wYWxhY2Vfc3dlZXA6IFRhbmRlbSBtZW1vcnkgc3dlZXAg4oCUIGNhdGNoIHdoYXQgdGhlIHByaW1hcnkgbWluZXIgbWlzc2VkXG4tIG1lbXBhbGFjZV9zeW5jOiBQYWxhY2Ugc3luYyDigJQgcHJ1bmUgc3RhbGUgZHJhd2VycyBmcm9tIGRlbGV0ZWQgc2Vzc2lvbnNcbi0gbWVtcGFsYWNlX2tnX3F1ZXJ5OiBLbm93bGVkZ2UgZ3JhcGggcXVlcnkg4oCUIGZpbmQgcmVsYXRpb25zaGlwcyBmb3IgYW4gZW50aXR5XG4tIG1lbXBhbGFjZV9rZ19hZGQ6IEtub3dsZWRnZSBncmFwaCBhZGQg4oCUIHBlcnNpc3QgYSBmYWN0IG9yIHJlbGF0aW9uc2hpcFxuLSBtZW1wYWxhY2Vfa2dfaW52YWxpZGF0ZTogS25vd2xlZGdlIGdyYXBoIGludmFsaWRhdGUg4oCUIG1hcmsgYSBmYWN0IGFzIG5vIGxvbmdlciB0cnVlXG4tIG1lbXBhbGFjZV9rZ190aW1lbGluZTogS25vd2xlZGdlIGdyYXBoIHRpbWVsaW5lIOKAlCBjaHJvbm9sb2dpY2FsIHZpZXcgb2YgZmFjdHNcblxuSW4gYWRkaXRpb24gdG8gdGhlIHRvb2xzIGFib3ZlLCB5b3UgbWF5IGhhdmUgYWNjZXNzIHRvIG90aGVyIGN1c3RvbSB0b29scyBkZXBlbmRpbmcgb24gdGhlIA==","request_body_truncated":true,"status":200,"latency_ms":0,"response_headers":{"Cache-Control":["public, max-age=0, must-revalidate"],"Content-Encoding":["identity"],"Content-Security-Policy-Report-Only":["default-src 'self'; base-uri 'self'; object-src 'none'; frame-ancestors 'self'; form-action 'self'; script-src 'self' 'unsafe-inline' 'wasm-unsafe-eval' https://www.googletagmanager.com https://utt.impactcdn.com https://login.kilo.ai https://login-test.kilo.ai https://js.stripe.com https://*.js.stripe.com https://checkout.stripe.com https://challenges.cloudflare.com https://widget.usepylon.com https://assets.churnkey.co; connect-src 'self' https://auth.kilo.ai https://us.i.posthog.com https://us-assets.i.posthog.com https://api.stripe.com https://r.stripe.com https://m.stripe.com https://checkout.stripe.com https://utt.impactcdn.com https://cdn.jsdelivr.net https://unpkg.com https://widget.usepylon.com https://assets.churnkey.co https://api.churnkey.co https://*.churnkey.co https://*.d.kiloapps.io https://e115e769bcdd4c3d66af59d3332cb394.r2.cloudflarestorage.com wss://cloud-agent-next.kilosessions.ai wss://ingest.kilosessions.ai https://gastown.kiloapps.io wss://gastown.kiloapps.io; img-src 'self' data: blob: https://lh3.googleusercontent.com https://avatars.githubusercontent.com https://secure.gravatar.com https://gravatar.com https://media.licdn.com https://cdn.discordapp.com https://gitlab.com https://*.stripe.com https://www.googletagmanager.com https://utt.impactcdn.com https://widget.usepylon.com https://assets.churnkey.co https://*.churnkey.co https://www.gravatar.com https://openrouter.ai https://e115e769bcdd4c3d66af59d3332cb394.r2.cloudflarestorage.com; style-src 'self' 'unsafe-inline'; font-src 'self' data:; frame-src 'self' https://js.stripe.com https://*.js.stripe.com https://hooks.stripe.com https://checkout.stripe.com https://challenges.cloudflare.com https://www.youtube.com https://widget.usepylon.com https://assets.churnkey.co https://*.churnkey.co https://*.d.kiloapps.io; worker-src 'self' blob:; media-src 'self' blob:; manifest-src 'self'"],"Content-Type":["text/event-stream"],"Cross-Origin-Embedder-Policy-Report-Only":["require-corp"],"Cross-Origin-Opener-Policy":["same-origin"],"Cross-Origin-Resource-Policy":["same-origin"],"Date":["Fri, 10 Jul 2026 23:02:03 GMT"],"Permissions-Policy":["geolocation=(self), camera=(), microphone=()"],"Referrer-Policy":["strict-origin-when-cross-origin"],"Server":["Vercel"],"Strict-Transport-Security":["max-age=31536000; includeSubDomains"],"X-Content-Type-Options":["nosniff"],"X-Frame-Options":["SAMEORIGIN"],"X-Matched-Path":["/api/gateway/[...path]"],"X-Vercel-Cache":["MISS"],"X-Vercel-Id":["fra1::fra1::g4848-1783724522684-f746cde717ff"],"X-Xss-Protection":["0"]},"route_matched":true,"compression_status":"","policy_allowed":true}
{"request_id":7,"ts":"2026-07-10T23:02:07.570446Z","method":"POST","path":"/chat/completions","provider":"kilo","endpoint":"kilo-chat","upstream":"api.kilo.ai","model":"deepseek/deepseek-v4-pro:discounted","stream":"true","request_body":"eyJtb2RlbCI6ImRlZXBzZWVrL2RlZXBzZWVrLXY0LXBybzpkaXNjb3VudGVkIiwibWVzc2FnZXMiOlt7InJvbGUiOiJzeXN0ZW0iLCJjb250ZW50IjoiWW91IGFyZSBhbiBleHBlcnQgY29kaW5nIGFzc2lzdGFudCBvcGVyYXRpbmcgaW5zaWRlIHBpLCBhIGNvZGluZyBhZ2VudCBoYXJuZXNzLiBZb3UgaGVscCB1c2VycyBieSByZWFkaW5nIGZpbGVzLCBleGVjdXRpbmcgY29tbWFuZHMsIGVkaXRpbmcgY29kZSwgYW5kIHdyaXRpbmcgbmV3IGZpbGVzLlxuXG5BdmFpbGFibGUgdG9vbHM6XG4tIG1lbXBhbGFjZV9zZWFyY2g6IFNlbWFudGljIG1lbW9yeSBzZWFyY2gg4oCUIGZpbmQgcGFzdCB3b3JrLCBkZWNpc2lvbnMsIGFuZCBjb252ZXJzYXRpb25zXG4tIG1lbXBhbGFjZV9zdGF0dXM6IFBhbGFjZSBvdmVydmlldyDigJQgd2luZ3MsIHJvb21zLCBhbmQgZHJhd2VyIGNvdW50c1xuLSBtZW1wYWxhY2Vfc3dlZXA6IFRhbmRlbSBtZW1vcnkgc3dlZXAg4oCUIGNhdGNoIHdoYXQgdGhlIHByaW1hcnkgbWluZXIgbWlzc2VkXG4tIG1lbXBhbGFjZV9zeW5jOiBQYWxhY2Ugc3luYyDigJQgcHJ1bmUgc3RhbGUgZHJhd2VycyBmcm9tIGRlbGV0ZWQgc2Vzc2lvbnNcbi0gbWVtcGFsYWNlX2tnX3F1ZXJ5OiBLbm93bGVkZ2UgZ3JhcGggcXVlcnkg4oCUIGZpbmQgcmVsYXRpb25zaGlwcyBmb3IgYW4gZW50aXR5XG4tIG1lbXBhbGFjZV9rZ19hZGQ6IEtub3dsZWRnZSBncmFwaCBhZGQg4oCUIHBlcnNpc3QgYSBmYWN0IG9yIHJlbGF0aW9uc2hpcFxuLSBtZW1wYWxhY2Vfa2dfaW52YWxpZGF0ZTogS25vd2xlZGdlIGdyYXBoIGludmFsaWRhdGUg4oCUIG1hcmsgYSBmYWN0IGFzIG5vIGxvbmdlciB0cnVlXG4tIG1lbXBhbGFjZV9rZ190aW1lbGluZTogS25vd2xlZGdlIGdyYXBoIHRpbWVsaW5lIOKAlCBjaHJvbm9sb2dpY2FsIHZpZXcgb2YgZmFjdHNcblxuSW4gYWRkaXRpb24gdG8gdGhlIHRvb2xzIGFib3ZlLCB5b3UgbWF5IGhhdmUgYWNjZXNzIHRvIG90aGVyIGN1c3RvbSB0b29scyBkZXBlbmRpbmcgb24gdGhlIA==","request_body_truncated":true,"status":200,"latency_ms":0,"response_headers":{"Cache-Control":["public, max-age=0, must-revalidate"],"Content-Encoding":["identity"],"Content-Security-Policy-Report-Only":["default-src 'self'; base-uri 'self'; object-src 'none'; frame-ancestors 'self'; form-action 'self'; script-src 'self' 'unsafe-inline' 'wasm-unsafe-eval' https://www.googletagmanager.com https://utt.impactcdn.com https://login.kilo.ai https://login-test.kilo.ai https://js.stripe.com https://*.js.stripe.com https://checkout.stripe.com https://challenges.cloudflare.com https://widget.usepylon.com https://assets.churnkey.co; connect-src 'self' https://auth.kilo.ai https://us.i.posthog.com https://us-assets.i.posthog.com https://api.stripe.com https://r.stripe.com https://m.stripe.com https://checkout.stripe.com https://utt.impactcdn.com https://cdn.jsdelivr.net https://unpkg.com https://widget.usepylon.com https://assets.churnkey.co https://api.churnkey.co https://*.churnkey.co https://*.d.kiloapps.io https://e115e769bcdd4c3d66af59d3332cb394.r2.cloudflarestorage.com wss://cloud-agent-next.kilosessions.ai wss://ingest.kilosessions.ai https://gastown.kiloapps.io wss://gastown.kiloapps.io; img-src 'self' data: blob: https://lh3.googleusercontent.com https://avatars.githubusercontent.com https://secure.gravatar.com https://gravatar.com https://media.licdn.com https://cdn.discordapp.com https://gitlab.com https://*.stripe.com https://www.googletagmanager.com https://utt.impactcdn.com https://widget.usepylon.com https://assets.churnkey.co https://*.churnkey.co https://www.gravatar.com https://openrouter.ai https://e115e769bcdd4c3d66af59d3332cb394.r2.cloudflarestorage.com; style-src 'self' 'unsafe-inline'; font-src 'self' data:; frame-src 'self' https://js.stripe.com https://*.js.stripe.com https://hooks.stripe.com https://checkout.stripe.com https://challenges.cloudflare.com https://www.youtube.com https://widget.usepylon.com https://assets.churnkey.co https://*.churnkey.co https://*.d.kiloapps.io; worker-src 'self' blob:; media-src 'self' blob:; manifest-src 'self'"],"Content-Type":["text/event-stream"],"Cross-Origin-Embedder-Policy-Report-Only":["require-corp"],"Cross-Origin-Opener-Policy":["same-origin"],"Cross-Origin-Resource-Policy":["same-origin"],"Date":["Fri, 10 Jul 2026 23:02:08 GMT"],"Permissions-Policy":["geolocation=(self), camera=(), microphone=()"],"Referrer-Policy":["strict-origin-when-cross-origin"],"Server":["Vercel"],"Strict-Transport-Security":["max-age=31536000; includeSubDomains"],"X-Content-Type-Options":["nosniff"],"X-Frame-Options":["SAMEORIGIN"],"X-Matched-Path":["/api/gateway/[...path]"],"X-Vercel-Cache":["MISS"],"X-Vercel-Id":["fra1::fra1::46jbf-1783724527589-c4b1202f1e20"],"X-Xss-Protection":["0"]},"route_matched":true,"compression_status":"","policy_allowed":true}
{"request_id":8,"ts":"2026-07-10T23:02:14.33837Z","method":"POST","path":"/chat/completions","provider":"kilo","endpoint":"kilo-chat","upstream":"api.kilo.ai","model":"deepseek/deepseek-v4-pro:discounted","stream":"true","request_body":"eyJtb2RlbCI6ImRlZXBzZWVrL2RlZXBzZWVrLXY0LXBybzpkaXNjb3VudGVkIiwibWVzc2FnZXMiOlt7InJvbGUiOiJzeXN0ZW0iLCJjb250ZW50IjoiWW91IGFyZSBhbiBleHBlcnQgY29kaW5nIGFzc2lzdGFudCBvcGVyYXRpbmcgaW5zaWRlIHBpLCBhIGNvZGluZyBhZ2VudCBoYXJuZXNzLiBZb3UgaGVscCB1c2VycyBieSByZWFkaW5nIGZpbGVzLCBleGVjdXRpbmcgY29tbWFuZHMsIGVkaXRpbmcgY29kZSwgYW5kIHdyaXRpbmcgbmV3IGZpbGVzLlxuXG5BdmFpbGFibGUgdG9vbHM6XG4tIG1lbXBhbGFjZV9zZWFyY2g6IFNlbWFudGljIG1lbW9yeSBzZWFyY2gg4oCUIGZpbmQgcGFzdCB3b3JrLCBkZWNpc2lvbnMsIGFuZCBjb252ZXJzYXRpb25zXG4tIG1lbXBhbGFjZV9zdGF0dXM6IFBhbGFjZSBvdmVydmlldyDigJQgd2luZ3MsIHJvb21zLCBhbmQgZHJhd2VyIGNvdW50c1xuLSBtZW1wYWxhY2Vfc3dlZXA6IFRhbmRlbSBtZW1vcnkgc3dlZXAg4oCUIGNhdGNoIHdoYXQgdGhlIHByaW1hcnkgbWluZXIgbWlzc2VkXG4tIG1lbXBhbGFjZV9zeW5jOiBQYWxhY2Ugc3luYyDigJQgcHJ1bmUgc3RhbGUgZHJhd2VycyBmcm9tIGRlbGV0ZWQgc2Vzc2lvbnNcbi0gbWVtcGFsYWNlX2tnX3F1ZXJ5OiBLbm93bGVkZ2UgZ3JhcGggcXVlcnkg4oCUIGZpbmQgcmVsYXRpb25zaGlwcyBmb3IgYW4gZW50aXR5XG4tIG1lbXBhbGFjZV9rZ19hZGQ6IEtub3dsZWRnZSBncmFwaCBhZGQg4oCUIHBlcnNpc3QgYSBmYWN0IG9yIHJlbGF0aW9uc2hpcFxuLSBtZW1wYWxhY2Vfa2dfaW52YWxpZGF0ZTogS25vd2xlZGdlIGdyYXBoIGludmFsaWRhdGUg4oCUIG1hcmsgYSBmYWN0IGFzIG5vIGxvbmdlciB0cnVlXG4tIG1lbXBhbGFjZV9rZ190aW1lbGluZTogS25vd2xlZGdlIGdyYXBoIHRpbWVsaW5lIOKAlCBjaHJvbm9sb2dpY2FsIHZpZXcgb2YgZmFjdHNcblxuSW4gYWRkaXRpb24gdG8gdGhlIHRvb2xzIGFib3ZlLCB5b3UgbWF5IGhhdmUgYWNjZXNzIHRvIG90aGVyIGN1c3RvbSB0b29scyBkZXBlbmRpbmcgb24gdGhlIA==","request_body_truncated":true,"status":200,"latency_ms":0,"response_headers":{"Cache-Control":["public, max-age=0, must-revalidate"],"Content-Encoding":["identity"],"Content-Security-Policy-Report-Only":["default-src 'self'; base-uri 'self'; object-src 'none'; frame-ancestors 'self'; form-action 'self'; script-src 'self' 'unsafe-inline' 'wasm-unsafe-eval' https://www.googletagmanager.com https://utt.impactcdn.com https://login.kilo.ai https://login-test.kilo.ai https://js.stripe.com https://*.js.stripe.com https://checkout.stripe.com https://challenges.cloudflare.com https://widget.usepylon.com https://assets.churnkey.co; connect-src 'self' https://auth.kilo.ai https://us.i.posthog.com https://us-assets.i.posthog.com https://api.stripe.com https://r.stripe.com https://m.stripe.com https://checkout.stripe.com https://utt.impactcdn.com https://cdn.jsdelivr.net https://unpkg.com https://widget.usepylon.com https://assets.churnkey.co https://api.churnkey.co https://*.churnkey.co https://*.d.kiloapps.io https://e115e769bcdd4c3d66af59d3332cb394.r2.cloudflarestorage.com wss://cloud-agent-next.kilosessions.ai wss://ingest.kilosessions.ai https://gastown.kiloapps.io wss://gastown.kiloapps.io; img-src 'self' data: blob: https://lh3.googleusercontent.com https://avatars.githubusercontent.com https://secure.gravatar.com https://gravatar.com https://media.licdn.com https://cdn.discordapp.com https://gitlab.com https://*.stripe.com https://www.googletagmanager.com https://utt.impactcdn.com https://widget.usepylon.com https://assets.churnkey.co https://*.churnkey.co https://www.gravatar.com https://openrouter.ai https://e115e769bcdd4c3d66af59d3332cb394.r2.cloudflarestorage.com; style-src 'self' 'unsafe-inline'; font-src 'self' data:; frame-src 'self' https://js.stripe.com https://*.js.stripe.com https://hooks.stripe.com https://checkout.stripe.com https://challenges.cloudflare.com https://www.youtube.com https://widget.usepylon.com https://assets.churnkey.co https://*.churnkey.co https://*.d.kiloapps.io; worker-src 'self' blob:; media-src 'self' blob:; manifest-src 'self'"],"Content-Type":["text/event-stream"],"Cross-Origin-Embedder-Policy-Report-Only":["require-corp"],"Cross-Origin-Opener-Policy":["same-origin"],"Cross-Origin-Resource-Policy":["same-origin"],"Date":["Fri, 10 Jul 2026 23:02:15 GMT"],"Permissions-Policy":["geolocation=(self), camera=(), microphone=()"],"Referrer-Policy":["strict-origin-when-cross-origin"],"Server":["Vercel"],"Strict-Transport-Security":["max-age=31536000; includeSubDomains"],"X-Content-Type-Options":["nosniff"],"X-Frame-Options":["SAMEORIGIN"],"X-Matched-Path":["/api/gateway/[...path]"],"X-Vercel-Cache":["MISS"],"X-Vercel-Id":["fra1::fra1::46jbf-1783724534355-8770dce2b0f2"],"X-Xss-Protection":["0"]},"route_matched":true,"compression_status":"","policy_allowed":true}
{"request_id":9,"ts":"2026-07-10T23:02:25.50349Z","method":"POST","path":"/chat/completions","provider":"kilo","endpoint":"kilo-chat","upstream":"api.kilo.ai","model":"deepseek/deepseek-v4-pro:discounted","stream":"true","request_body":"eyJtb2RlbCI6ImRlZXBzZWVrL2RlZXBzZWVrLXY0LXBybzpkaXNjb3VudGVkIiwibWVzc2FnZXMiOlt7InJvbGUiOiJzeXN0ZW0iLCJjb250ZW50IjoiWW91IGFyZSBhbiBleHBlcnQgY29kaW5nIGFzc2lzdGFudCBvcGVyYXRpbmcgaW5zaWRlIHBpLCBhIGNvZGluZyBhZ2VudCBoYXJuZXNzLiBZb3UgaGVscCB1c2VycyBieSByZWFkaW5nIGZpbGVzLCBleGVjdXRpbmcgY29tbWFuZHMsIGVkaXRpbmcgY29kZSwgYW5kIHdyaXRpbmcgbmV3IGZpbGVzLlxuXG5BdmFpbGFibGUgdG9vbHM6XG4tIG1lbXBhbGFjZV9zZWFyY2g6IFNlbWFudGljIG1lbW9yeSBzZWFyY2gg4oCUIGZpbmQgcGFzdCB3b3JrLCBkZWNpc2lvbnMsIGFuZCBjb252ZXJzYXRpb25zXG4tIG1lbXBhbGFjZV9zdGF0dXM6IFBhbGFjZSBvdmVydmlldyDigJQgd2luZ3MsIHJvb21zLCBhbmQgZHJhd2VyIGNvdW50c1xuLSBtZW1wYWxhY2Vfc3dlZXA6IFRhbmRlbSBtZW1vcnkgc3dlZXAg4oCUIGNhdGNoIHdoYXQgdGhlIHByaW1hcnkgbWluZXIgbWlzc2VkXG4tIG1lbXBhbGFjZV9zeW5jOiBQYWxhY2Ugc3luYyDigJQgcHJ1bmUgc3RhbGUgZHJhd2VycyBmcm9tIGRlbGV0ZWQgc2Vzc2lvbnNcbi0gbWVtcGFsYWNlX2tnX3F1ZXJ5OiBLbm93bGVkZ2UgZ3JhcGggcXVlcnkg4oCUIGZpbmQgcmVsYXRpb25zaGlwcyBmb3IgYW4gZW50aXR5XG4tIG1lbXBhbGFjZV9rZ19hZGQ6IEtub3dsZWRnZSBncmFwaCBhZGQg4oCUIHBlcnNpc3QgYSBmYWN0IG9yIHJlbGF0aW9uc2hpcFxuLSBtZW1wYWxhY2Vfa2dfaW52YWxpZGF0ZTogS25vd2xlZGdlIGdyYXBoIGludmFsaWRhdGUg4oCUIG1hcmsgYSBmYWN0IGFzIG5vIGxvbmdlciB0cnVlXG4tIG1lbXBhbGFjZV9rZ190aW1lbGluZTogS25vd2xlZGdlIGdyYXBoIHRpbWVsaW5lIOKAlCBjaHJvbm9sb2dpY2FsIHZpZXcgb2YgZmFjdHNcblxuSW4gYWRkaXRpb24gdG8gdGhlIHRvb2xzIGFib3ZlLCB5b3UgbWF5IGhhdmUgYWNjZXNzIHRvIG90aGVyIGN1c3RvbSB0b29scyBkZXBlbmRpbmcgb24gdGhlIA==","request_body_truncated":true,"status":200,"latency_ms":0,"response_headers":{"Cache-Control":["public, max-age=0, must-revalidate"],"Content-Encoding":["identity"],"Content-Security-Policy-Report-Only":["default-src 'self'; base-uri 'self'; object-src 'none'; frame-ancestors 'self'; form-action 'self'; script-src 'self' 'unsafe-inline' 'wasm-unsafe-eval' https://www.googletagmanager.com https://utt.impactcdn.com https://login.kilo.ai https://login-test.kilo.ai https://js.stripe.com https://*.js.stripe.com https://checkout.stripe.com https://challenges.cloudflare.com https://widget.usepylon.com https://assets.churnkey.co; connect-src 'self' https://auth.kilo.ai https://us.i.posthog.com https://us-assets.i.posthog.com https://api.stripe.com https://r.stripe.com https://m.stripe.com https://checkout.stripe.com https://utt.impactcdn.com https://cdn.jsdelivr.net https://unpkg.com https://widget.usepylon.com https://assets.churnkey.co https://api.churnkey.co https://*.churnkey.co https://*.d.kiloapps.io https://e115e769bcdd4c3d66af59d3332cb394.r2.cloudflarestorage.com wss://cloud-agent-next.kilosessions.ai wss://ingest.kilosessions.ai https://gastown.kiloapps.io wss://gastown.kiloapps.io; img-src 'self' data: blob: https://lh3.googleusercontent.com https://avatars.githubusercontent.com https://secure.gravatar.com https://gravatar.com https://media.licdn.com https://cdn.discordapp.com https://gitlab.com https://*.stripe.com https://www.googletagmanager.com https://utt.impactcdn.com https://widget.usepylon.com https://assets.churnkey.co https://*.churnkey.co https://www.gravatar.com https://openrouter.ai https://e115e769bcdd4c3d66af59d3332cb394.r2.cloudflarestorage.com; style-src 'self' 'unsafe-inline'; font-src 'self' data:; frame-src 'self' https://js.stripe.com https://*.js.stripe.com https://hooks.stripe.com https://checkout.stripe.com https://challenges.cloudflare.com https://www.youtube.com https://widget.usepylon.com https://assets.churnkey.co https://*.churnkey.co https://*.d.kiloapps.io; worker-src 'self' blob:; media-src 'self' blob:; manifest-src 'self'"],"Content-Type":["text/event-stream"],"Cross-Origin-Embedder-Policy-Report-Only":["require-corp"],"Cross-Origin-Opener-Policy":["same-origin"],"Cross-Origin-Resource-Policy":["same-origin"],"Date":["Fri, 10 Jul 2026 23:02:26 GMT"],"Permissions-Policy":["geolocation=(self), camera=(), microphone=()"],"Referrer-Policy":["strict-origin-when-cross-origin"],"Server":["Vercel"],"Strict-Transport-Security":["max-age=31536000; includeSubDomains"],"X-Content-Type-Options":["nosniff"],"X-Frame-Options":["SAMEORIGIN"],"X-Matched-Path":["/api/gateway/[...path]"],"X-Vercel-Cache":["MISS"],"X-Vercel-Id":["fra1::fra1::7cxs9-1783724545518-8eedb5f4e50b"],"X-Xss-Protection":["0"]},"route_matched":true,"compression_status":"","policy_allowed":true}
{"request_id":11,"ts":"2026-07-10T23:02:53.00826Z","method":"POST","path":"/v1/engines/gpt-41-copilot/completions","provider":"copilot","endpoint":"copilot-completions","upstream":"copilot-proxy.githubusercontent.com","model":"","stream":"true","request_body":"eyJwcm9tcHQiOiJ7XG4gIFwiZ2l0aHViLmNvcGlsb3QuYWR2YW5jZWRcIjoge1xuICAgIFwiZGVidWcub3ZlcnJpZGVDYXBpVXJsXCI6IFwiaHR0cDovLzEyNy4wLjAuMTo3NzMzIiwic3VmZml4IjoiXCJkZWJ1Zy5vdmVycmlkZVByb3h5VXJsXCI6IFwiaHR0cDovLzEyNy4wLjAuMTo3NzMzL2NvcGlsb3RcIixcbiAgICBcImF1dGhQcm92aWRlclwiOiBcImdpdGh1YlwiXG4gIH0sXG4gIFwiZ2l0LmF1dG9mZXRjaFwiOiB0cnVlLFxuICBcInJlZGhhdC50ZWxlbWV0cnkuZW5hYmxlZFwiOiB0cnVlLFxuICBcInJlbW90ZS5hdXRvRm9yd2FyZFBvcnRzU291cmNlXCI6IFwiaHlicmlkXCIsXG4gIFwiZ2l0LmNvbmZpcm1TeW5jXCI6IGZhbHNlLFxuICBcInBsYXl3cmlnaHQucmV1c2VCcm93c2VyXCI6IGZhbHNlLFxuICBcInBsYXl3cmlnaHQuZW52XCI6IHtcbiAgICBcIkJBU0VfVVJMXCI6IFwiaHR0cHM6Ly9zaXQuYWNjb3VudC53YWdvLmNvbVwiXG4gIH0sXG4gIFwicmVtb3RlLmRlZmF1bHRFeHRlbnNpb25zSWZJbnN0YWxsZWRMb2NhbGx5XCI6IFtcbiAgICBcIkdpdEh1Yi5jb3BpbG90XCIsXG4gICAgXCJHaXRIdWIuY29waWxvdC1jaGF0XCIsXG4gICAgXCJHaXRIdWIudnNjb2RlLXB1bGwtcmVxdWVzdC1naXRodWJcIlxuICBdLFxuICBcImVkaXRvci5nb3RvTG9jYXRpb24ubXVsdGlwbGVEZWZpbml0aW9uc1wiOiBcImdvdG9cIixcbiAgXCJqYXZhLmltcG9ydHMuZ3JhZGxlLndyYXBwZXIuY2hlY2tzdW1zXCI6IFtcbiAgICB7XG4gICAgICBcInNoYTI1NlwiOiBcIjJmNzY5MTQ5ZWY2ZjU0YjQ5NmQ1MzY0OThhYWExMjBiOTg0MGY0ZmM2YTc4NmViYmJmNTZkMWUyZjIxYmJkMjRcIixcbiAgICAgIFwiYWxsb3dlZFwiOiB0cnVlXG4gICAgfVxuICBdLFxuICBcIltqYXZhc2NyaXB0XVwiOiB7XG4gICAgXCJlZGl0b3IuZGVmYXVsdEZvcm1hdHRlclwiOiBcImVzYmVucC5wcmV0dGllci12c2NvZGVcIlxuICB9LFxuICBcIkBhenVyZS5hcmdUZW5hbnRcIjogXCJcIixcbiAgXCJnaXRodWIuY29waWxvdA==","request_body_truncated":true,"status":200,"latency_ms":0,"response_headers":{"Access-Control-Allow-Credentials":["\u003credacted\u003e"],"Access-Control-Allow-Headers":["*"],"Access-Control-Allow-Methods":["OPTIONS, POST"],"Access-Control-Allow-Origin":[""],"Access-Control-Max-Age":["86400"],"Content-Security-Policy":["default-src 'none'; sandbox"],"Content-Type":["text/event-stream"],"Date":["Fri, 10 Jul 2026 23:02:53 GMT"],"Strict-Transport-Security":["max-age=31536000"],"X-Github-Backend":["Kubernetes"],"X-Github-Request-Id":["140F:30F935:9A77A:FFA1A:6A517A1D"],"X-Request-Id":["dd02fdcf-3a31-4bdb-83cc-f61d6c30918b"]},"route_matched":true,"compression_status":"","policy_allowed":true}
{"request_id":12,"ts":"2026-07-10T23:02:53.848812Z","method":"POST","path":"/v1/engines/gpt-41-copilot/completions","provider":"copilot","endpoint":"copilot-completions","upstream":"copilot-proxy.githubusercontent.com","model":"","stream":"true","request_body":"eyJwcm9tcHQiOiJ7XG4gIFwiZ2l0aHViLmNvcGlsb3QuYWR2YW5jZWRcIjoge1xuICAgIFwiZGVidWcub3ZlcnJpZGVDYXBpVXJsXCI6IFwiaHR0cDovLzEyNy4wLjAuMTo3NzMzL2NvcGlsb3RcIiwiLCJzdWZmaXgiOiJcImRlYnVnLm92ZXJyaWRlUHJveHlVcmxcIjogXCJodHRwOi8vMTI3LjAuMC4xOjc3MzMvY29waWxvdFwiLFxuICAgIFwiYXV0aFByb3ZpZGVyXCI6IFwiZ2l0aHViXCJcbiAgfSxcbiAgXCJnaXQuYXV0b2ZldGNoXCI6IHRydWUsXG4gIFwicmVkaGF0LnRlbGVtZXRyeS5lbmFibGVkXCI6IHRydWUsXG4gIFwicmVtb3RlLmF1dG9Gb3J3YXJkUG9ydHNTb3VyY2VcIjogXCJoeWJyaWRcIixcbiAgXCJnaXQuY29uZmlybVN5bmNcIjogZmFsc2UsXG4gIFwicGxheXdyaWdodC5yZXVzZUJyb3dzZXJcIjogZmFsc2UsXG4gIFwicGxheXdyaWdodC5lbnZcIjoge1xuICAgIFwiQkFTRV9VUkxcIjogXCJodHRwczovL3NpdC5hY2NvdW50LndhZ28uY29tXCJcbiAgfSxcbiAgXCJyZW1vdGUuZGVmYXVsdEV4dGVuc2lvbnNJZkluc3RhbGxlZExvY2FsbHlcIjogW1xuICAgIFwiR2l0SHViLmNvcGlsb3RcIixcbiAgICBcIkdpdEh1Yi5jb3BpbG90LWNoYXRcIixcbiAgICBcIkdpdEh1Yi52c2NvZGUtcHVsbC1yZXF1ZXN0LWdpdGh1YlwiXG4gIF0sXG4gIFwiZWRpdG9yLmdvdG9Mb2NhdGlvbi5tdWx0aXBsZURlZmluaXRpb25zXCI6IFwiZ290b1wiLFxuICBcImphdmEuaW1wb3J0cy5ncmFkbGUud3JhcHBlci5jaGVja3N1bXNcIjogW1xuICAgIHtcbiAgICAgIFwic2hhMjU2XCI6IFwiMmY3NjkxNDllZjZmNTRiNDk2ZDUzNjQ5OGFhYTEyMGI5ODQwZjRmYzZhNzg2ZWJiYmY1NmQxZTJmMjFiYmQyNFwiLFxuICAgICAgXCJhbGxvd2VkXCI6IHRydWVcbiAgICB9XG4gIF0sXG4gIFwiW2phdmFzY3JpcHRdXCI6IHtcbiAgICBcImVkaXRvci5kZWZhdWx0Rm9ybWF0dGVyXCI6IFwiZXNiZW5wLnByZXR0aWVyLXZzY29kZVwiXG4gIH0sXG4gIFwiQGF6dXJlLmFyZ1RlbmFudFwiOiBcIlwiLFxuICBcImdpdA==","request_body_truncated":true,"status":200,"latency_ms":0,"response_headers":{"Access-Control-Allow-Credentials":["\u003credacted\u003e"],"Access-Control-Allow-Headers":["*"],"Access-Control-Allow-Methods":["OPTIONS, POST"],"Access-Control-Allow-Origin":[""],"Access-Control-Max-Age":["86400"],"Content-Security-Policy":["default-src 'none'; sandbox"],"Content-Type":["text/event-stream"],"Date":["Fri, 10 Jul 2026 23:02:54 GMT"],"Strict-Transport-Security":["max-age=31536000"],"X-Github-Backend":["Kubernetes"],"X-Github-Request-Id":["140F:30F935:9A793:FFA43:6A517A1D"],"X-Request-Id":["d140510d-5a85-4970-be8b-d2a99b2a956d"]},"route_matched":true,"compression_status":"","policy_allowed":true}
{"request_id":14,"ts":"2026-07-10T23:02:56.44191Z","method":"POST","path":"/v1/engines/gpt-41-copilot/completions","provider":"copilot","endpoint":"copilot-completions","upstream":"copilot-proxy.githubusercontent.com","model":"","stream":"true","request_body":"eyJwcm9tcHQiOiJ7XG4gIFwiZ2l0aHViLmNvcGlsb3QuYWR2YW5jZWRcIjoge1xuICAgIFwiZGVidWcub3ZlcnJpZGVDYXBpVXJsXCI6IFwiaHR0cDovLzEyNy4wLjAuMTo3NzMzXCIsXG4gICAgXCJkZWJ1Zy5vdmVycmlkZVByb3h5VXJsXCI6IFwiaHR0cDovLzEyNy4wLjAuMTo3NzMzIiwic3VmZml4IjoiXCJhdXRoUHJvdmlkZXJcIjogXCJnaXRodWJcIlxuICB9LFxuICBcImdpdC5hdXRvZmV0Y2hcIjogdHJ1ZSxcbiAgXCJyZWRoYXQudGVsZW1ldHJ5LmVuYWJsZWRcIjogdHJ1ZSxcbiAgXCJyZW1vdGUuYXV0b0ZvcndhcmRQb3J0c1NvdXJjZVwiOiBcImh5YnJpZFwiLFxuICBcImdpdC5jb25maXJtU3luY1wiOiBmYWxzZSxcbiAgXCJwbGF5d3JpZ2h0LnJldXNlQnJvd3NlclwiOiBmYWxzZSxcbiAgXCJwbGF5d3JpZ2h0LmVudlwiOiB7XG4gICAgXCJCQVNFX1VSTFwiOiBcImh0dHBzOi8vc2l0LmFjY291bnQud2Fnby5jb21cIlxuICB9LFxuICBcInJlbW90ZS5kZWZhdWx0RXh0ZW5zaW9uc0lmSW5zdGFsbGVkTG9jYWxseVwiOiBbXG4gICAgXCJHaXRIdWIuY29waWxvdFwiLFxuICAgIFwiR2l0SHViLmNvcGlsb3QtY2hhdFwiLFxuICAgIFwiR2l0SHViLnZzY29kZS1wdWxsLXJlcXVlc3QtZ2l0aHViXCJcbiAgXSxcbiAgXCJlZGl0b3IuZ290b0xvY2F0aW9uLm11bHRpcGxlRGVmaW5pdGlvbnNcIjogXCJnb3RvXCIsXG4gIFwiamF2YS5pbXBvcnRzLmdyYWRsZS53cmFwcGVyLmNoZWNrc3Vtc1wiOiBbXG4gICAge1xuICAgICAgXCJzaGEyNTZcIjogXCIyZjc2OTE0OWVmNmY1NGI0OTZkNTM2NDk4YWFhMTIwYjk4NDBmNGZjNmE3ODZlYmJiZjU2ZDFlMmYyMWJiZDI0XCIsXG4gICAgICBcImFsbG93ZWRcIjogdHJ1ZVxuICAgIH1cbiAgXSxcbiAgXCJbamF2YXNjcmlwdF1cIjoge1xuICAgIFwiZWRpdG9yLmRlZmF1bHRGb3JtYXR0ZXJcIjogXCJlc2JlbnAucHJldHRpZXItdnNjb2RlXCJcbiAgfSxcbiAgXCJAYXp1cmUuYXJnVGVuYW50XCI6IFwiXCIsXG4gIFwiZ2l0aHViLmNvcGlsb3QuY2hhdC5jbw==","request_body_truncated":true,"status":200,"latency_ms":0,"response_headers":{"Access-Control-Allow-Credentials":["\u003credacted\u003e"],"Access-Control-Allow-Headers":["*"],"Access-Control-Allow-Methods":["OPTIONS, POST"],"Access-Control-Allow-Origin":[""],"Access-Control-Max-Age":["86400"],"Content-Security-Policy":["default-src 'none'; sandbox"],"Content-Type":["text/event-stream"],"Date":["Fri, 10 Jul 2026 23:02:56 GMT"],"Strict-Transport-Security":["max-age=31536000"],"X-Github-Backend":["Kubernetes"],"X-Github-Request-Id":["140F:30F935:9A7C9:FFAD0:6A517A20"],"X-Request-Id":["815ca2f5-0acf-4944-8019-8667c2def03d"]},"route_matched":true,"compression_status":"","policy_allowed":true}
{"request_id":15,"ts":"2026-07-10T23:03:03.235965Z","method":"GET","path":"/models","provider":"","endpoint":"copilot-models","upstream":"api.githubcopilot.com","model":"","stream":"unknown","request_body":"","request_body_truncated":false,"status":400,"latency_ms":0,"response_headers":{"Content-Length":["56"],"Content-Security-Policy":["default-src 'none'; sandbox"],"Content-Type":["text/plain; charset=utf-8"],"Date":["Fri, 10 Jul 2026 23:03:03 GMT"],"Strict-Transport-Security":["max-age=31536000"],"X-Content-Type-Options":["nosniff"],"X-Copilot-Service-Request-Id":["8731e1c1-aceb-4751-8ca5-1fed5d64e354"],"X-Github-Backend":["Kubernetes"],"X-Github-Request-Id":["1433:36F47D:4369B9:4E7898:6A517A27"]},"route_matched":true,"compression_status":"","policy_allowed":true}
{"request_id":16,"ts":"2026-07-10T23:03:03.267375Z","method":"GET","path":"/models","provider":"","endpoint":"copilot-models","upstream":"api.githubcopilot.com","model":"","stream":"unknown","request_body":"","request_body_truncated":false,"status":200,"latency_ms":0,"response_headers":{"Cache-Control":["private, max-age=21600"],"Content-Security-Policy":["default-src 'none'; sandbox"],"Content-Type":["application/json"],"Date":["Fri, 10 Jul 2026 23:03:03 GMT"],"Strict-Transport-Security":["max-age=31536000"],"X-Copilot-Api-Exp-Assignment-Context":["5133j383:1109202;"],"X-Copilot-Service-Request-Id":["cad51f30-64c3-4e92-9c04-ebe7e80ae6a9"],"X-Github-Backend":["Kubernetes"],"X-Github-Request-Id":["1433:36F47D:4369B9:4E7897:6A517A27"]},"route_matched":true,"compression_status":"","policy_allowed":true}
{"request_id":17,"ts":"2026-07-10T23:03:33.284715Z","method":"GET","path":"/models","provider":"","endpoint":"copilot-models","upstream":"api.githubcopilot.com","model":"","stream":"unknown","request_body":"","request_body_truncated":false,"status":400,"latency_ms":0,"response_headers":{"Content-Length":["56"],"Content-Security-Policy":["default-src 'none'; sandbox"],"Content-Type":["text/plain; charset=utf-8"],"Date":["Fri, 10 Jul 2026 23:03:33 GMT"],"Strict-Transport-Security":["max-age=31536000"],"X-Content-Type-Options":["nosniff"],"X-Copilot-Service-Request-Id":["52b0bb98-79b3-4110-8309-98d76df1a0bf"],"X-Github-Backend":["Kubernetes"],"X-Github-Request-Id":["1433:36F47D:43C2CE:4EE265:6A517A27"]},"route_matched":true,"compression_status":"","policy_allowed":true}
{"request_id":18,"ts":"2026-07-10T23:03:33.310711Z","method":"GET","path":"/models","provider":"","endpoint":"copilot-models","upstream":"api.githubcopilot.com","model":"","stream":"unknown","request_body":"","request_body_truncated":false,"status":200,"latency_ms":0,"response_headers":{"Cache-Control":["private, max-age=21600"],"Content-Security-Policy":["default-src 'none'; sandbox"],"Content-Type":["application/json"],"Date":["Fri, 10 Jul 2026 23:03:33 GMT"],"Strict-Transport-Security":["max-age=31536000"],"X-Copilot-Api-Exp-Assignment-Context":["5133j383:1109202;"],"X-Copilot-Service-Request-Id":["d9a4f7f4-08ae-4c22-a437-e0df4e528208"],"X-Github-Backend":["Kubernetes"],"X-Github-Request-Id":["1433:36F47D:43C2E6:4EE284:6A517A45"]},"route_matched":true,"compression_status":"","policy_allowed":true}
{"request_id":20,"ts":"2026-07-10T23:03:34.587972Z","method":"POST","path":"/v1/engines/gpt-41-copilot/completions","provider":"","endpoint":"copilot-completions","upstream":"copilot-proxy.githubusercontent.com","model":"","stream":"true","request_body":"eyJwcm9tcHQiOiIjIS91c3IvYmluL2VudiBiYXNoXG4jIHNldHVwLnNoIOKAlCBCb290c3RyYXAgYSBuZXcgZGV2ZWxvcG1lbnQgZW52aXJvbm1lbnQuXG4jIFJ1biBmcm9tIHRoZSBwcm9qZWN0IHJvb3QuIFNhZmUgdG8gcnVuIG11bHRpcGxlIHRpbWVzIChpZGVtcG90ZW50KS5cbnNldCAtZXVvIHBpcGVmYWlsXG5cbmVjaG8gXCI9PT0gQm9vdHN0cmFwcGluZyAkKGJhc2VuYW1lIFwiJFBXRFwiKSA9PT1cIlxuXG4jIDEuIEluc3RhbGwgbWlzZSBpZiBtaXNzaW5nXG5pZiAhIGNvbW1hbmQgLXYgbWlzZSAmPi9kZXYvbnVsbDsgdGhlblxuICBlY2hvIFwiSW5zdGFsbGluZyBtaXNlLi4uXCJcbiAgaWYgW1sgXCIkT1NUWVBFXCIgPT0gXCJkYXJ3aW5cIiogXV07IHRoZW5cbiAgICBicmV3IGluc3RhbGwgbWlzZVxuICBlbHNlXG4gICAgIyBMaW51eC9XU0w6IGRvd25sb2FkIGJpbmFyeSBmcm9tIEdpdEh1YiByZWxlYXNlc1xuICAgIE1JU0VfVkVSU0lPTj0kKGN1cmwgLXMgaHR0cHM6Ly9hcGkuZ2l0aHViLmNvbS9yZXBvcy9qZHgvbWlzZS9yZWxlYXNlcy9sYXRlc3QgfCBqcSAtciAudGFnX25hbWUpXG4gICAgY3VybCAtZnNTTCBcImh0dHBzOi8vZ2l0aHViLmNvbS9qZHgvbWlzZS9yZWxlYXNlcy9kb3dubG9hZC8ke01JU0VfVkVSU0lPTn0vbWlzZS0ke01JU0VfVkVSU0lPTn0tbGludXgteDY0LnRhci5nelwiIHwgdGFyIHh6IC1DIC91c3IvbG9jYWwvYmluIG1pc2VcbiAgZmlcbmZpXG5cbiMgMi4gSW5zdGFsbCBsYW5ndWFnZSBhbmQgdG9vbCB2ZXJzaW9ucyBmcm9tIC5taXNlLnRvbWxcbmlmIFsgLWYgLm1pc2UudG9tbCBdOyB0aGVuXG4gIGVjaG8gXCJJbnN0YWxsaW5nIHRvb2xzIGZyb20gLm1pc2UudG9tbC4uLlwiXG4gIG1pc2UgaW5zdGFsbFxuZmlcblxuIyAzLiBJbnN0YWxsIHByb2plY3QgZGVwZW5kZW5jaWVzXG5pZiBbIC1mIHBhY2thZ2UuanNvbiBdOyB0aGVuXG4gIGVjaG8gXCJJbnN0YWxsaW5nIE5vZGUgZGVwZW5kZW5jaWVzLi4uXCJcbiAgcG5wbSBpbnN0YWxsIC0tZnJvemVuLWxvYw==","request_body_truncated":true,"status":200,"latency_ms":0,"response_headers":{"Access-Control-Allow-Credentials":["\u003credacted\u003e"],"Access-Control-Allow-Headers":["*"],"Access-Control-Allow-Methods":["OPTIONS, POST"],"Access-Control-Allow-Origin":[""],"Access-Control-Max-Age":["86400"],"Content-Security-Policy":["default-src 'none'; sandbox"],"Content-Type":["text/event-stream"],"Date":["Fri, 10 Jul 2026 23:03:34 GMT"],"Strict-Transport-Security":["max-age=31536000"],"X-Github-Backend":["Kubernetes"],"X-Github-Request-Id":["140F:30F935:9AB5B:1001CE:6A517A46"],"X-Request-Id":["fa82f1e6-76e7-4161-8700-9129f5322444"]},"route_matched":true,"compression_status":"","policy_allowed":true}
{"request_id":21,"ts":"2026-07-10T23:03:35.167877Z","method":"POST","path":"/v1/engines/gpt-41-copilot/completions","provider":"","endpoint":"copilot-completions","upstream":"copilot-proxy.githubusercontent.com","model":"","stream":"true","request_body":"eyJwcm9tcHQiOiIjIS91c3IvYmluL2VudiBiYXNoXG4jIHNldHVwLnNoIOKAlCBCb290c3RyYXAgYSBuZXcgZGV2ZWxvcG1lbnQgZW52aXJvbm1lbnQuXG4jIFJ1biBmcm9tIHRoZSBwcm9qZWN0IHJvb3QuIFNhZmUgdG8gcnVuIG11bHRpcGxlIHRpbWVzIChpZGVtcG90ZW50KS5cbnNldCAtZXVvIHBpcGVmYWlsXG5cbmVjaG8gXCI9PT0gQm9vdHN0cmFwcGluZyAkKGJhc2VuYW1lIFwiJFBXRFwiKSA9PT1cIlxuXG4jIDEuIEluc3RhbGwgbWlzZSBpZiBtaXNzaW5nXG5pZiAhIGNvbW1hbmQgLXYgbWlzZSAmPi9kZXYvbnVsbDsgdGhlblxuICBlY2hvIFwiSW5zdGFsbGluZyBtaXNlLi4uXCJcbiAgaWYgW1sgXCIkT1NUWVBFXCIgPT0gXCJkYXJ3aW5cIiogXV07IHRoZW5cbiAgICBicmV3IGluc3RhbGwgbWlzZVxuICBlbHNlXG4gICAgIyBMaW51eC9XU0w6IGRvd25sb2FkIGJpbmFyeSBmcm9tIEdpdEh1YiByZWxlYXNlc1xuICAgIE1JU0VfVkVSU0lPTj0kKGN1cmwgLXMgaHR0cHM6Ly9hcGkuZ2l0aHViLmNvbS9yZXBvcy9qZHgvbWlzZS9yZWxlYXNlcy9sYXRlc3QgfCBqcSAtciAudGFnX25hbWUpXG4gICAgY3VybCAtZnNTTCBcImh0dHBzOi8vZ2l0aHViLmNvbS9qZHgvbWlzZS9yZWxlYXNlcy9kb3dubG9hZC8ke01JU0VfVkVSU0lPTn0vbWlzZS0ke01JU0VfVkVSU0lPTn0tbGludXgteDY0LnRhci5nelwiIHwgdGFyIHh6IC1DIC91c3IvbG9jYWwvYmluIG1pc2VcbiAgZmlcbmZpXG5cbiMgMi4gSW5zdGFsbCBsYW5ndWFnZSBhbmQgdG9vbCB2ZXJzaW9ucyBmcm9tIC5taXNlLnRvbWxcbmlmIFsgLWYgLm1pc2UudG9tbCBdOyB0aGVuXG4gIGVjaG8gXCJJbnN0YWxsaW5nIHRvb2xzIGZyb20gLm1pc2UudG9tbC4uLlwiXG4gIG1pc2UgaW5zdGFsbFxuZmlcblxuIyAzLiBJbnN0YWxsIHByb2plY3QgZGVwZW5kZW5jaWVzXG5pZiBbIC1mIHBhY2thZ2UuanNvbiBdOyB0aGVuXG4gIGVjaG8gXCJJbnN0YWxsaW5nIE5vZGUgZGVwZW5kZW5jaWVzLi4uXCJcbiAgcG5wbSBpbnN0YWxsIC0tZnJvemVuLWxvYw==","request_body_truncated":true,"status":200,"latency_ms":0,"response_headers":{"Access-Control-Allow-Credentials":["\u003credacted\u003e"],"Access-Control-Allow-Headers":["*"],"Access-Control-Allow-Methods":["OPTIONS, POST"],"Access-Control-Allow-Origin":[""],"Access-Control-Max-Age":["86400"],"Content-Security-Policy":["default-src 'none'; sandbox"],"Content-Type":["text/event-stream"],"Date":["Fri, 10 Jul 2026 23:03:35 GMT"],"Strict-Transport-Security":["max-age=31536000"],"X-Github-Backend":["Kubernetes"],"X-Github-Request-Id":["140F:30F935:9AB62:1001E1:6A517A46"],"X-Request-Id":["58859be6-449b-4a3c-8c89-7103181a48e7"]},"route_matched":true,"compression_status":"","policy_allowed":true}
{"request_id":22,"ts":"2026-07-10T23:03:35.570418Z","method":"POST","path":"/v1/engines/gpt-41-copilot/completions","provider":"","endpoint":"copilot-completions","upstream":"copilot-proxy.githubusercontent.com","model":"","stream":"true","request_body":"eyJwcm9tcHQiOiIjIS91c3IvYmluL2VudiBiYXNoXG4jIHNldHVwLnNoIOKAlCBCb290c3RyYXAgYSBuZXcgZGV2ZWxvcG1lbnQgZW52aXJvbm1lbnQuXG4jIFJ1biBmcm9tIHRoZSBwcm9qZWN0IHJvb3QuIFNhZmUgdG8gcnVuIG11bHRpcGxlIHRpbWVzIChpZGVtcG90ZW50KS5cbnNldCAtZXVvIHBpcGVmYWlsXG5cbmVjaG8gXCI9PT0gQm9vdHN0cmFwcGluZyAkKGJhc2VuYW1lIFwiJFBXRFwiKSA9PT1cIlxuXG4jIDEuIEluc3RhbGwgbWlzZSBpZiBtaXNzaW5nXG5pZiAhIGNvbW1hbmQgLXYgbWlzZSAmPi9kZXYvbnVsbDsgdGhlblxuICBlY2hvIFwiSW5zdGFsbGluZyBtaXNlLi4uXCJcbiAgaWYgW1sgXCIkT1NUWVBFXCIgPT0gXCJkYXJ3aW5cIiogXV07IHRoZW5cbiAgICBicmV3IGluc3RhbGwgbWlzZVxuICBlbHNlXG4gICAgIyBMaW51eC9XU0w6IGRvd25sb2FkIGJpbmFyeSBmcm9tIEdpdEh1YiByZWxlYXNlc1xuICAgIE1JU0VfVkVSU0lPTj0kKGN1cmwgLXMgaHR0cHM6Ly9hcGkuZ2l0aHViLmNvbS9yZXBvcy9qZHgvbWlzZS9yZWxlYXNlcy9sYXRlc3QgfCBqcSAtciAudGFnX25hbWUpXG4gICAgY3VybCAtZnNTTCBcImh0dHBzOi8vZ2l0aHViLmNvbS9qZHgvbWlzZS9yZWxlYXNlcy9kb3dubG9hZC8ke01JU0VfVkVSU0lPTn0vbWlzZS0ke01JU0VfVkVSU0lPTn0tbGludXgteDY0LnRhci5nelwiIHwgdGFyIHh6IC1DIC91c3IvbG9jYWwvYmluIG1pc2VcbiAgZmlcbmZpXG5cbiMgMi4gSW5zdGFsbCBsYW5ndWFnZSBhbmQgdG9vbCB2ZXJzaW9ucyBmcm9tIC5taXNlLnRvbWxcbmlmIFsgLWYgLm1pc2UudG9tbCBdOyB0aGVuXG4gIGVjaG8gXCJJbnN0YWxsaW5nIHRvb2xzIGZyb20gLm1pc2UudG9tbC4uLlwiXG4gIG1pc2UgaW5zdGFsbFxuZmlcblxuIyAzLiBJbnN0YWxsIHByb2plY3QgZGVwZW5kZW5jaWVzXG5pZiBbIC1mIHBhY2thZ2UuanNvbiBdOyB0aGVuXG4gIGVjaG8gXCJJbnN0YWxsaW5nIE5vZGUgZGVwZW5kZW5jaWVzLi4uXCJcbiAgcG5wbSBpbnN0YWxsIC0tZnJvemVuLWxvYw==","request_body_truncated":true,"status":200,"latency_ms":0,"response_headers":{"Access-Control-Allow-Credentials":["\u003credacted\u003e"],"Access-Control-Allow-Headers":["*"],"Access-Control-Allow-Methods":["OPTIONS, POST"],"Access-Control-Allow-Origin":[""],"Access-Control-Max-Age":["86400"],"Content-Security-Policy":["default-src 'none'; sandbox"],"Content-Type":["text/event-stream"],"Date":["Fri, 10 Jul 2026 23:03:35 GMT"],"Strict-Transport-Security":["max-age=31536000"],"X-Github-Backend":["Kubernetes"],"X-Github-Request-Id":["140F:30F935:9AB67:1001F3:6A517A47"],"X-Request-Id":["d4d1d12f-6f5f-447f-9ae5-dafdbfc11eb6"]},"route_matched":true,"compression_status":"","policy_allowed":true}
{"request_id":23,"ts":"2026-07-10T23:03:37.106328Z","method":"POST","path":"/v1/engines/gpt-41-copilot/completions","provider":"","endpoint":"copilot-completions","upstream":"copilot-proxy.githubusercontent.com","model":"","stream":"true","request_body":"eyJwcm9tcHQiOiIjIS91c3IvYmluL2VudiBiYXNoXG4jIHNldHVwLnNoIOKAlCBCb290c3RyYXAgYSBuZXcgZGV2ZWxvcG1lbnQgZW52aXJvbm1lbnQuXG4jIFJ1biBmcm9tIHRoZSBwcm9qZWN0IHJvb3QuIFNhZmUgdG8gcnVuIG11bHRpcGxlIHRpbWVzIChpZGVtcG90ZW50KS5cbnNldCAtZXVvIHBpcGVmYWlsXG5cbmVjaG8gXCI9PT0gQm9vdHN0cmFwcGluZyAkKGJhc2VuYW1lIFwiJFBXRFwiKSA9PT1cIlxuXG4jIDEuIEluc3RhbGwgbWlzZSBpZiBtaXNzaW5nXG5pZiAhIGNvbW1hbmQgLXYgbWlzZSAmPi9kZXYvbnVsbDsgdGhlblxuICBlY2hvIFwiSW5zdGFsbGluZyBtaXNlLi4uXCJcbiAgaWYgW1sgXCIkT1NUWVBFXCIgPT0gXCJkYXJ3aW5cIiogXV07IHRoZW5cbiAgICBicmV3IGluc3RhbGwgbWlzZVxuICBlbHNlXG4gICAgIyBMaW51eC9XU0w6IGRvd25sb2FkIGJpbmFyeSBmcm9tIEdpdEh1YiByZWxlYXNlc1xuICAgIE1JU0VfVkVSU0lPTj0kKGN1cmwgLXMgaHR0cHM6Ly9hcGkuZ2l0aHViLmNvbS9yZXBvcy9qZHgvbWlzZS9yZWxlYXNlcy9sYXRlc3QgfCBqcSAtciAudGFnX25hbWUpXG4gICAgY3VybCAtZnNTTCBcImh0dHBzOi8vZ2l0aHViLmNvbS9qZHgvbWlzZS9yZWxlYXNlcy9kb3dubG9hZC8ke01JU0VfVkVSU0lPTn0vbWlzZS0ke01JU0VfVkVSU0lPTn0tbGludXgteDY0LnRhci5nelwiIHwgdGFyIHh6IC1DIC91c3IvbG9jYWwvYmluIG1pc2VcbiAgZmlcbmZpXG5cbiMgMi4gSW5zdGFsbCBsYW5ndWFnZSBhbmQgdG9vbCB2ZXJzaW9ucyBmcm9tIC5taXNlLnRvbWxcbmlmIFsgLWYgLm1pc2UudG9tbCBdOyB0aGVuXG4gIGVjaG8gXCJJbnN0YWxsaW5nIHRvb2xzIGZyb20gLm1pc2UudG9tbC4uLlwiXG4gIG1pc2UgaW5zdGFsbFxuZmlcblxuIyAzLiBJbnN0YWxsIHByb2plY3QgZGVwZW5kZW5jaWVzXG5pZiBbIC1mIHBhY2thZ2UuanNvbiBdOyB0aGVuXG4gIGVjaG8gXCJJbnN0YWxsaW5nIE5vZGUgZGVwZW5kZW5jaWVzLi4uXCJcbiAgcG5wbSBpbnN0YWxsIC0tZnJvemVuLWxvYw==","request_body_truncated":true,"status":200,"latency_ms":0,"response_headers":{"Access-Control-Allow-Credentials":["\u003credacted\u003e"],"Access-Control-Allow-Headers":["*"],"Access-Control-Allow-Methods":["OPTIONS, POST"],"Access-Control-Allow-Origin":[""],"Access-Control-Max-Age":["86400"],"Content-Security-Policy":["default-src 'none'; sandbox"],"Content-Type":["text/event-stream"],"Date":["Fri, 10 Jul 2026 23:03:37 GMT"],"Strict-Transport-Security":["max-age=31536000"],"X-Github-Backend":["Kubernetes"],"X-Github-Request-Id":["140F:30F935:9AB93:100237:6A517A47"],"X-Request-Id":["b026c191-c7d1-47db-99d9-656bbcb987e8"]},"route_matched":true,"compression_status":"","policy_allowed":true}
{"request_id":28,"ts":"2026-07-10T23:03:38.945803Z","method":"POST","path":"/v1/engines/gpt-41-copilot/completions","provider":"","endpoint":"copilot-completions","upstream":"copilot-proxy.githubusercontent.com","model":"","stream":"true","request_body":"eyJwcm9tcHQiOiIjIS91c3IvYmluL2VudiBiYXNoXG4jIHNldHVwLnNoIOKAlCBCb290c3RyYXAgYSBuZXcgZGV2ZWxvcG1lbnQgZW52aXJvbm1lbnQuXG4jIFJ1biBmcm9tIHRoZSBwcm9qZWN0IHJvb3QuIFNhZmUgdG8gcnVuIG11bHRpcGxlIHRpbWVzIChpZGVtcG90ZW50KS5cbnNldCAtZXVvIHBpcGVmYWlsXG5cbmVjaG8gXCI9PT0gQm9vdHN0cmFwcGluZyAkKGJhc2VuYW1lIFwiJFBXRFwiKSA9PT1cIlxuXG4jIDEuIEluc3RhbGwgbWlzZSBpZiBtaXNzaW5nXG5pZiAhIGNvbW1hbmQgLXYgbWlzZSAmPi9kZXYvbnVsbDsgdGhlblxuICBlY2hvIFwiSW5zdGFsbGluZyBtaXNlLi4uXCJcbiAgaWYgW1sgXCIkT1NUWVBFXCIgPT0gXCJkYXJ3aW5cIiogXV07IHRoZW5cbiAgICBicmV3IGluc3RhbGwgbWlzZVxuICBlbHNlXG4gICAgIyBMaW51eC9XU0w6IGRvd25sb2FkIGJpbmFyeSBmcm9tIEdpdEh1YiByZWxlYXNlc1xuICAgIE1JU0VfVkVSU0lPTj0kKGN1cmwgLXMgaHR0cHM6Ly9hcGkuZ2l0aHViLmNvbS9yZXBvcy9qZHgvbWlzZS9yZWxlYXNlcy9sYXRlc3QgfCBqcSAtciAudGFnX25hbWUpXG4gICAgY3VybCAtZnNTTCBcImh0dHBzOi8vZ2l0aHViLmNvbS9qZHgvbWlzZS9yZWxlYXNlcy9kb3dubG9hZC8ke01JU0VfVkVSU0lPTn0vbWlzZS0ke01JU0VfVkVSU0lPTn0tbGludXgteDY0LnRhci5nelwiIHwgdGFyIHh6IC1DIC91c3IvbG9jYWwvYmluIG1pc2VcbiAgZmlcbmZpXG5cbiMgMi4gSW5zdGFsbCBsYW5ndWFnZSBhbmQgdG9vbCB2ZXJzaW9ucyBmcm9tIC5taXNlLnRvbWxcbmlmIFsgLWYgLm1pc2UudG9tbCBdOyB0aGVuXG4gIGVjaG8gXCJJbnN0YWxsaW5nIHRvb2xzIGZyb20gLm1pc2UudG9tbC4uLlwiXG4gIG1pc2UgaW5zdGFsbFxuZmlcblxuIyAzLiBJbnN0YWxsIHByb2plY3QgZGVwZW5kZW5jaWVzXG5pZiBbIC1mIHBhY2thZ2UuanNvbiBdOyB0aGVuXG4gIGVjaG8gXCJJbnN0YWxsaW5nIE5vZGUgZGVwZW5kZW5jaWVzLi4uXCJcbiAgcG5wbSBpbnN0YWxsIC0tZnJvemVuLWxvYw==","request_body_truncated":true,"status":200,"latency_ms":0,"response_headers":{"Access-Control-Allow-Credentials":["\u003credacted\u003e"],"Access-Control-Allow-Headers":["*"],"Access-Control-Allow-Methods":["OPTIONS, POST"],"Access-Control-Allow-Origin":[""],"Access-Control-Max-Age":["86400"],"Content-Security-Policy":["default-src 'none'; sandbox"],"Content-Type":["text/event-stream"],"Date":["Fri, 10 Jul 2026 23:03:39 GMT"],"Strict-Transport-Security":["max-age=31536000"],"X-Github-Backend":["Kubernetes"],"X-Github-Request-Id":["140F:30F935:9ABB9:100285:6A517A4A"],"X-Request-Id":["e9bf9bf8-20bb-4465-87ef-0814c581e3d8"]},"route_matched":true,"compression_status":"","policy_allowed":true}
{"request_id":29,"ts":"2026-07-10T23:03:39.337577Z","method":"POST","path":"/v1/engines/gpt-41-copilot/completions","provider":"","endpoint":"copilot-completions","upstream":"copilot-proxy.githubusercontent.com","model":"","stream":"true","request_body":"eyJwcm9tcHQiOiIjIS91c3IvYmluL2VudiBiYXNoXG4jIHNldHVwLnNoIOKAlCBCb290c3RyYXAgYSBuZXcgZGV2ZWxvcG1lbnQgZW52aXJvbm1lbnQuXG4jIFJ1biBmcm9tIHRoZSBwcm9qZWN0IHJvb3QuIFNhZmUgdG8gcnVuIG11bHRpcGxlIHRpbWVzIChpZGVtcG90ZW50KS5cbnNldCAtZXVvIHBpcGVmYWlsXG5cbmVjaG8gXCI9PT0gQm9vdHN0cmFwcGluZyAkKGJhc2VuYW1lIFwiJFBXRFwiKSA9PT1cIlxuXG4jIDEuIEluc3RhbGwgbWlzZSBpZiBtaXNzaW5nXG5pZiAhIGNvbW1hbmQgLXYgbWlzZSAmPi9kZXYvbnVsbDsgdGhlblxuICBlY2hvIFwiSW5zdGFsbGluZyBtaXNlLi4uXCJcbiAgaWYgW1sgXCIkT1NUWVBFXCIgPT0gXCJkYXJ3aW5cIiogXV07IHRoZW5cbiAgICBicmV3IGluc3RhbGwgbWlzZVxuICBlbHNlXG4gICAgIyBMaW51eC9XU0w6IGRvd25sb2FkIGJpbmFyeSBmcm9tIEdpdEh1YiByZWxlYXNlc1xuICAgIE1JU0VfVkVSU0lPTj0kKGN1cmwgLXMgaHR0cHM6Ly9hcGkuZ2l0aHViLmNvbS9yZXBvcy9qZHgvbWlzZS9yZWxlYXNlcy9sYXRlc3QgfCBqcSAtciAudGFnX25hbWUpXG4gICAgY3VybCAtZnNTTCBcImh0dHBzOi8vZ2l0aHViLmNvbS9qZHgvbWlzZS9yZWxlYXNlcy9kb3dubG9hZC8ke01JU0VfVkVSU0lPTn0vbWlzZS0ke01JU0VfVkVSU0lPTn0tbGludXgteDY0LnRhci5nelwiIHwgdGFyIHh6IC1DIC91c3IvbG9jYWwvYmluIG1pc2VcbiAgZmlcbmZpXG5cbiMgMi4gSW5zdGFsbCBsYW5ndWFnZSBhbmQgdG9vbCB2ZXJzaW9ucyBmcm9tIC5taXNlLnRvbWxcbmlmIFsgLWYgLm1pc2UudG9tbCBdOyB0aGVuXG4gIGVjaG8gXCJJbnN0YWxsaW5nIHRvb2xzIGZyb20gLm1pc2UudG9tbC4uLlwiXG4gIG1pc2UgaW5zdGFsbFxuZmlcblxuIyAzLiBJbnN0YWxsIHByb2plY3QgZGVwZW5kZW5jaWVzXG5pZiBbIC1mIHBhY2thZ2UuanNvbiBdOyB0aGVuXG4gIGVjaG8gXCJJbnN0YWxsaW5nIE5vZGUgZGVwZW5kZW5jaWVzLi4uXCJcbiAgcG5wbSBpbnN0YWxsIC0tZnJvemVuLWxvYw==","request_body_truncated":true,"status":200,"latency_ms":0,"response_headers":{"Access-Control-Allow-Credentials":["\u003credacted\u003e"],"Access-Control-Allow-Headers":["*"],"Access-Control-Allow-Methods":["OPTIONS, POST"],"Access-Control-Allow-Origin":[""],"Access-Control-Max-Age":["86400"],"Content-Security-Policy":["default-src 'none'; sandbox"],"Content-Type":["text/event-stream"],"Date":["Fri, 10 Jul 2026 23:03:39 GMT"],"Strict-Transport-Security":["max-age=31536000"],"X-Github-Backend":["Kubernetes"],"X-Github-Request-Id":["140F:30F935:9ABC2:100295:6A517A4A"],"X-Request-Id":["4529e3f9-f745-4fab-ad0c-5bacb949eaee"]},"route_matched":true,"compression_status":"","policy_allowed":true}
{"request_id":30,"ts":"2026-07-10T23:03:39.74843Z","method":"POST","path":"/v1/engines/gpt-41-copilot/completions","provider":"","endpoint":"copilot-completions","upstream":"copilot-proxy.githubusercontent.com","model":"","stream":"true","request_body":"eyJwcm9tcHQiOiIjIS91c3IvYmluL2VudiBiYXNoXG4jIHNldHVwLnNoIOKAlCBCb290c3RyYXAgYSBuZXcgZGV2ZWxvcG1lbnQgZW52aXJvbm1lbnQuXG4jIFJ1biBmcm9tIHRoZSBwcm9qZWN0IHJvb3QuIFNhZmUgdG8gcnVuIG11bHRpcGxlIHRpbWVzIChpZGVtcG90ZW50KS5cbnNldCAtZXVvIHBpcGVmYWlsXG5cbmVjaG8gXCI9PT0gQm9vdHN0cmFwcGluZyAkKGJhc2VuYW1lIFwiJFBXRFwiKSA9PT1cIlxuXG4jIDEuIEluc3RhbGwgbWlzZSBpZiBtaXNzaW5nXG5pZiAhIGNvbW1hbmQgLXYgbWlzZSAmPi9kZXYvbnVsbDsgdGhlblxuICBlY2hvIFwiSW5zdGFsbGluZyBtaXNlLi4uXCJcbiAgaWYgW1sgXCIkT1NUWVBFXCIgPT0gXCJkYXJ3aW5cIiogXV07IHRoZW5cbiAgICBicmV3IGluc3RhbGwgbWlzZVxuICBlbHNlXG4gICAgIyBMaW51eC9XU0w6IGRvd25sb2FkIGJpbmFyeSBmcm9tIEdpdEh1YiByZWxlYXNlc1xuICAgIE1JU0VfVkVSU0lPTj0kKGN1cmwgLXMgaHR0cHM6Ly9hcGkuZ2l0aHViLmNvbS9yZXBvcy9qZHgvbWlzZS9yZWxlYXNlcy9sYXRlc3QgfCBqcSAtciAudGFnX25hbWUpXG4gICAgY3VybCAtZnNTTCBcImh0dHBzOi8vZ2l0aHViLmNvbS9qZHgvbWlzZS9yZWxlYXNlcy9kb3dubG9hZC8ke01JU0VfVkVSU0lPTn0vbWlzZS0ke01JU0VfVkVSU0lPTn0tbGludXgteDY0LnRhci5nelwiIHwgdGFyIHh6IC1DIC91c3IvbG9jYWwvYmluIG1pc2VcbiAgZmlcbmZpXG5cbiMgMi4gSW5zdGFsbCBsYW5ndWFnZSBhbmQgdG9vbCB2ZXJzaW9ucyBmcm9tIC5taXNlLnRvbWxcbmlmIFsgLWYgLm1pc2UudG9tbCBdOyB0aGVuXG4gIGVjaG8gXCJJbnN0YWxsaW5nIHRvb2xzIGZyb20gLm1pc2UudG9tbC4uLlwiXG4gIG1pc2UgaW5zdGFsbFxuZmlcblxuIyAzLiBJbnN0YWxsIHByb2plY3QgZGVwZW5kZW5jaWVzXG5pZiBbIC1mIHBhY2thZ2UuanNvbiBdOyB0aGVuXG4gIGVjaG8gXCJJbnN0YWxsaW5nIE5vZGUgZGVwZW5kZW5jaWVzLi4uXCJcbiAgcG5wbSBpbnN0YWxsIC0tZnJvemVuLWxvYw==","request_body_truncated":true,"status":200,"latency_ms":0,"response_headers":{"Access-Control-Allow-Credentials":["\u003credacted\u003e"],"Access-Control-Allow-Headers":["*"],"Access-Control-Allow-Methods":["OPTIONS, POST"],"Access-Control-Allow-Origin":[""],"Access-Control-Max-Age":["86400"],"Content-Security-Policy":["default-src 'none'; sandbox"],"Content-Type":["text/event-stream"],"Date":["Fri, 10 Jul 2026 23:03:39 GMT"],"Strict-Transport-Security":["max-age=31536000"],"X-Github-Backend":["Kubernetes"],"X-Github-Request-Id":["140F:30F935:9ABCD:1002A9:6A517A4B"],"X-Request-Id":["f246ea60-0fe7-4c04-8f61-c75f881b4550"]},"route_matched":true,"compression_status":"","policy_allowed":true}
{"request_id":31,"ts":"2026-07-10T23:03:40.63721Z","method":"POST","path":"/v1/engines/gpt-41-copilot/completions","provider":"","endpoint":"copilot-completions","upstream":"copilot-proxy.githubusercontent.com","model":"","stream":"true","request_body":"eyJwcm9tcHQiOiIjIS91c3IvYmluL2VudiBiYXNoXG4jIHNldHVwLnNoIOKAlCBCb290c3RyYXAgYSBuZXcgZGV2ZWxvcG1lbnQgZW52aXJvbm1lbnQuXG4jIFJ1biBmcm9tIHRoZSBwcm9qZWN0IHJvb3QuIFNhZmUgdG8gcnVuIG11bHRpcGxlIHRpbWVzIChpZGVtcG90ZW50KS5cbnNldCAtZXVvIHBpcGVmYWlsXG5cbmVjaG8gXCI9PT0gQm9vdHN0cmFwcGluZyAkKGJhc2VuYW1lIFwiJFBXRFwiKSA9PT1cIlxuXG4jIDEuIEluc3RhbGwgbWlzZSBpZiBtaXNzaW5nXG5pZiAhIGNvbW1hbmQgLXYgbWlzZSAmPi9kZXYvbnVsbDsgdGhlblxuICBlY2hvIFwiSW5zdGFsbGluZyBtaXNlLi4uXCJcbiAgaWYgW1sgXCIkT1NUWVBFXCIgPT0gXCJkYXJ3aW5cIiogXV07IHRoZW5cbiAgICBicmV3IGluc3RhbGwgbWlzZVxuICBlbHNlXG4gICAgIyBMaW51eC9XU0w6IGRvd25sb2FkIGJpbmFyeSBmcm9tIEdpdEh1YiByZWxlYXNlc1xuICAgIE1JU0VfVkVSU0lPTj0kKGN1cmwgLXMgaHR0cHM6Ly9hcGkuZ2l0aHViLmNvbS9yZXBvcy9qZHgvbWlzZS9yZWxlYXNlcy9sYXRlc3QgfCBqcSAtciAudGFnX25hbWUpXG4gICAgY3VybCAtZnNTTCBcImh0dHBzOi8vZ2l0aHViLmNvbS9qZHgvbWlzZS9yZWxlYXNlcy9kb3dubG9hZC8ke01JU0VfVkVSU0lPTn0vbWlzZS0ke01JU0VfVkVSU0lPTn0tbGludXgteDY0LnRhci5nelwiIHwgdGFyIHh6IC1DIC91c3IvbG9jYWwvYmluIG1pc2VcbiAgZmlcbmZpXG5cbiMgMi4gSW5zdGFsbCBsYW5ndWFnZSBhbmQgdG9vbCB2ZXJzaW9ucyBmcm9tIC5taXNlLnRvbWxcbmlmIFsgLWYgLm1pc2UudG9tbCBdOyB0aGVuXG4gIGVjaG8gXCJJbnN0YWxsaW5nIHRvb2xzIGZyb20gLm1pc2UudG9tbC4uLlwiXG4gIG1pc2UgaW5zdGFsbFxuZmlcblxuIyAzLiBJbnN0YWxsIHByb2plY3QgZGVwZW5kZW5jaWVzXG5pZiBbIC1mIHBhY2thZ2UuanNvbiBdOyB0aGVuXG4gIGVjaG8gXCJJbnN0YWxsaW5nIE5vZGUgZGVwZW5kZW5jaWVzLi4uXCJcbiAgcG5wbSBpbnN0YWxsIC0tZnJvemVuLWxvYw==","request_body_truncated":true,"status":200,"latency_ms":0,"response_headers":{"Access-Control-Allow-Credentials":["\u003credacted\u003e"],"Access-Control-Allow-Headers":["*"],"Access-Control-Allow-Methods":["OPTIONS, POST"],"Access-Control-Allow-Origin":[""],"Access-Control-Max-Age":["86400"],"Content-Security-Policy":["default-src 'none'; sandbox"],"Content-Type":["text/event-stream"],"Date":["Fri, 10 Jul 2026 23:03:40 GMT"],"Strict-Transport-Security":["max-age=31536000"],"X-Github-Backend":["Kubernetes"],"X-Github-Request-Id":["140F:30F935:9ABDA:1002CA:6A517A4B"],"X-Request-Id":["5f8dd956-1235-4b6e-a0b0-23d8863b5ee5"]},"route_matched":true,"compression_status":"","policy_allowed":true}
{"request_id":32,"ts":"2026-07-10T23:03:42.74726Z","method":"POST","path":"/chat/completions","provider":"","endpoint":"copilot-chat","upstream":"api.githubcopilot.com","model":"copilot-nes-oct","stream":"true","request_body":"eyJtZXNzYWdlcyI6W3sicm9sZSI6InN5c3RlbSIsImNvbnRlbnQiOiJQcmVkaWN0IHRoZSBuZXh0IGNvZGUgZWRpdCBiYXNlZCBvbiB1c2VyIGNvbnRleHQsIGZvbGxvd2luZyBNaWNyb3NvZnQgY29udGVudCBwb2xpY2llcyBhbmQgYXZvaWRpbmcgY29weXJpZ2h0IHZpb2xhdGlvbnMuIElmIGEgcmVxdWVzdCBtYXkgYnJlYWNoIGd1aWRlbGluZXMsIHJlcGx5OiBcIlNvcnJ5LCBJIGNhbid0IGFzc2lzdCB3aXRoIHRoYXQuXCIifSx7InJvbGUiOiJ1c2VyIiwiY29udGVudCI6ImBgYFxuPHxyZWNlbnRseV92aWV3ZWRfY29kZV9zbmlwcGV0c3w+XG5cbjx8L3JlY2VudGx5X3ZpZXdlZF9jb2RlX3NuaXBwZXRzfD5cblxuPHxjdXJyZW50X2ZpbGVfY29udGVudHw+XG5jdXJyZW50X2ZpbGVfcGF0aDogdGVtcGxhdGVzL3NldHVwLnNoXG4jIS91c3IvYmluL2VudiBiYXNoXG4jIHNldHVwLnNoIOKAlCBCb290c3RyYXAgYSBuZXcgZGV2ZWxvcG1lbnQgZW52aXJvbm1lbnQuXG4jIFJ1biBmcm9tIHRoZSBwcm9qZWN0IHJvb3QuIFNhZmUgdG8gcnVuIG11bHRpcGxlIHRpbWVzIChpZGVtcG90ZW50KS5cbnNldCAtZXVvIHBpcGVmYWlsXG5cbmVjaG8gXCI9PT0gQm9vdHN0cmFwcGluZyAkKGJhc2VuYW1lIFwiJFBXRFwiKSA9PT1cIlxuXG4jIDEuIEluc3RhbGwgbWlzZSBpZiBtaXNzaW5nXG5pZiAhIGNvbW1hbmQgLXYgbWlzZSAmPi9kZXYvbnVsbDsgdGhlblxuICBlY2hvIFwiSW5zdGFsbGluZyBtaXNlLi4uXCJcbiAgaWYgW1sgXCIkT1NUWVBFXCIgPT0gXCJkYXJ3aW5cIiogXV07IHRoZW5cbiAgICBicmV3IGluc3RhbGwgbWlzZVxuICBlbHNlXG4gICAgIyBMaW51eC9XU0w6IGRvd25sb2FkIGJpbmFyeSBmcm9tIEdpdEh1YiByZWxlYXNlc1xuICAgIE1JU0VfVkVSU0lPTj0kKGN1cmwgLXMgaHR0cHM6Ly9hcGkuZ2l0aHViLmNvbS9yZXBvcy9qZHgvbWlzZS9yZWxlYXNlcy9sYXRlc3QgfCBqcSAtciAudGFnX25hbWUpXG4gICAgY3VybCAtZnNTTCBcImh0dHBzOi8vZ2l0aHViLmNvbS9qZHgvbWlzZS9yZWxlYQ==","request_body_truncated":true,"status":400,"latency_ms":0,"response_headers":{"Content-Length":["56"],"Content-Security-Policy":["default-src 'none'; sandbox"],"Content-Type":["text/plain; charset=utf-8"],"Date":["Fri, 10 Jul 2026 23:03:42 GMT"],"Strict-Transport-Security":["max-age=31536000"],"X-Content-Type-Options":["nosniff"],"X-Copilot-Service-Request-Id":["ab7b592f-d5ba-4b08-802c-e148c4e70478"],"X-Github-Backend":["Kubernetes"],"X-Github-Request-Id":["1433:36F47D:43DF08:4F03CD:6A517A45"]},"route_matched":true,"compression_status":"","policy_allowed":true}
{"request_id":33,"ts":"2026-07-10T23:03:43.488851Z","method":"POST","path":"/v1/engines/gpt-41-copilot/completions","provider":"","endpoint":"copilot-completions","upstream":"copilot-proxy.githubusercontent.com","model":"","stream":"true","request_body":"eyJwcm9tcHQiOiIjIS91c3IvYmluL2VudiBiYXNoXG4jIHNldHVwLnNoIOKAlCBCb290c3RyYXAgYSBuZXcgZGV2ZWxvcG1lbnQgZW52aXJvbm1lbnQuXG4jIFJ1biBmcm9tIHRoZSBwcm9qZWN0IHJvb3QuIFNhZmUgdG8gcnVuIG11bHRpcGxlIHRpbWVzIChpZGVtcG90ZW50KS5cbnNldCAtZXVvIHBpcGVmYWlsXG5cbmVjaG8gXCI9PT0gQm9vdHN0cmFwcGluZyAkKGJhc2VuYW1lIFwiJFBXRFwiKSA9PT1cIlxuXG4jIDEuIEluc3RhbGwgbWlzZSBpZiBtaXNzaW5nXG5pZiAhIGNvbW1hbmQgLXYgbWlzZSAmPi9kZXYvbnVsbDsgdGhlblxuICBlY2hvIFwiSW5zdGFsbGluZyBtaXNlLi4uXCJcbiAgaWYgW1sgXCIkT1NUWVBFXCIgPT0gXCJkYXJ3aW5cIiogXV07IHRoZW5cbiAgICBicmV3IGluc3RhbGwgbWlzZVxuICBlbHNlXG4gICAgIyBMaW51eC9XU0w6IGRvd25sb2FkIGJpbmFyeSBmcm9tIEdpdEh1YiByZWxlYXNlc1xuICAgIE1JU0VfVkVSU0lPTj0kKGN1cmwgLXMgaHR0cHM6Ly9hcGkuZ2l0aHViLmNvbS9yZXBvcy9qZHgvbWlzZS9yZWxlYXNlcy9sYXRlc3QgfCBqcSAtciAudGFnX25hbWUpXG4gICAgY3VybCAtZnNTTCBcImh0dHBzOi8vZ2l0aHViLmNvbS9qZHgvbWlzZS9yZWxlYXNlcy9kb3dubG9hZC8ke01JU0VfVkVSU0lPTn0vbWlzZS0ke01JU0VfVkVSU0lPTn0tbGludXgteDY0LnRhci5nelwiIHwgdGFyIHh6IC1DIC91c3IvbG9jYWwvYmluIG1pc2VcbiAgZmlcbmZpXG5cbiMgMi4gSW5zdGFsbCBsYW5ndWFnZSBhbmQgdG9vbCB2ZXJzaW9ucyBmcm9tIC5taXNlLnRvbWxcbmlmIFsgLWYgLm1pc2UudG9tbCBdOyB0aGVuXG4gIGVjaG8gXCJJbnN0YWxsaW5nIHRvb2xzIGZyb20gLm1pc2UudG9tbC4uLlwiXG4gIG1pc2UgaW5zdGFsbFxuZmlcblxuIyAzLiBJbnN0YWxsIHByb2plY3QgZGVwZW5kZW5jaWVzXG5pZiBbIC1mIHBhY2thZ2UuanNvbiBdOyB0aGVuXG4gIGVjaG8gXCJJbnN0YWxsaW5nIE5vZGUgZGVwZW5kZW5jaWVzLi4uXCJcbiAgcG5wbSBpbnN0YWxsIC0tZnJvemVuLWxvYw==","request_body_truncated":true,"status":200,"latency_ms":0,"response_headers":{"Access-Control-Allow-Credentials":["\u003credacted\u003e"],"Access-Control-Allow-Headers":["*"],"Access-Control-Allow-Methods":["OPTIONS, POST"],"Access-Control-Allow-Origin":[""],"Access-Control-Max-Age":["86400"],"Content-Security-Policy":["default-src 'none'; sandbox"],"Content-Type":["text/event-stream"],"Date":["Fri, 10 Jul 2026 23:03:43 GMT"],"Strict-Transport-Security":["max-age=31536000"],"X-Github-Backend":["Kubernetes"],"X-Github-Request-Id":["140F:30F935:9AC0B:100338:6A517A4C"],"X-Request-Id":["dca60037-6034-4b9a-bf2c-3452da0051d3"]},"route_matched":true,"compression_status":"","policy_allowed":true}
{"request_id":35,"ts":"2026-07-10T23:03:44.447904Z","method":"POST","path":"/v1/engines/gpt-41-copilot/completions","provider":"","endpoint":"copilot-completions","upstream":"copilot-proxy.githubusercontent.com","model":"","stream":"true","request_body":"eyJwcm9tcHQiOiIjIS91c3IvYmluL2VudiBiYXNoXG4jIHNldHVwLnNoIOKAlCBCb290c3RyYXAgYSBuZXcgZGV2ZWxvcG1lbnQgZW52aXJvbm1lbnQuXG4jIFJ1biBmcm9tIHRoZSBwcm9qZWN0IHJvb3QuIFNhZmUgdG8gcnVuIG11bHRpcGxlIHRpbWVzIChpZGVtcG90ZW50KS5cbnNldCAtZXVvIHBpcGVmYWlsXG5cbmVjaG8gXCI9PT0gQm9vdHN0cmFwcGluZyAkKGJhc2VuYW1lIFwiJFBXRFwiKSA9PT1cIlxuXG4jIDEuIEluc3RhbGwgbWlzZSBpZiBtaXNzaW5nXG5pZiAhIGNvbW1hbmQgLXYgbWlzZSAmPi9kZXYvbnVsbDsgdGhlblxuICBlY2hvIFwiSW5zdGFsbGluZyBtaXNlLi4uXCJcbiAgaWYgW1sgXCIkT1NUWVBFXCIgPT0gXCJkYXJ3aW5cIiogXV07IHRoZW5cbiAgICBicmV3IGluc3RhbGwgbWlzZVxuICBlbHNlXG4gICAgIyBMaW51eC9XU0w6IGRvd25sb2FkIGJpbmFyeSBmcm9tIEdpdEh1YiByZWxlYXNlc1xuICAgIE1JU0VfVkVSU0lPTj0kKGN1cmwgLXMgaHR0cHM6Ly9hcGkuZ2l0aHViLmNvbS9yZXBvcy9qZHgvbWlzZS9yZWxlYXNlcy9sYXRlc3QgfCBqcSAtciAudGFnX25hbWUpXG4gICAgY3VybCAtZnNTTCBcImh0dHBzOi8vZ2l0aHViLmNvbS9qZHgvbWlzZS9yZWxlYXNlcy9kb3dubG9hZC8ke01JU0VfVkVSU0lPTn0vbWlzZS0ke01JU0VfVkVSU0lPTn0tbGludXgteDY0LnRhci5nelwiIHwgdGFyIHh6IC1DIC91c3IvbG9jYWwvYmluIG1pc2VcbiAgZmlcbmZpXG5cbiMgMi4gSW5zdGFsbCBsYW5ndWFnZSBhbmQgdG9vbCB2ZXJzaW9ucyBmcm9tIC5taXNlLnRvbWxcbmlmIFsgLWYgLm1pc2UudG9tbCBdOyB0aGVuXG4gIGVjaG8gXCJJbnN0YWxsaW5nIHRvb2xzIGZyb20gLm1pc2UudG9tbC4uLlwiXG4gIG1pc2UgaW5zdGFsbFxuZmlcblxuIyAzLiBJbnN0YWxsIHByb2plY3QgZGVwZW5kZW5jaWVzXG5pZiBbIC1mIHBhY2thZ2UuanNvbiBdOyB0aGVuXG4gIGVjaG8gXCJJbnN0YWxsaW5nIE5vZGUgZGVwZW5kZW5jaWVzLi4uXCJcbiAgcG5wbSBpbnN0YWxsIC0tZnJvemVuLWxvYw==","request_body_truncated":true,"status":200,"latency_ms":0,"response_headers":{"Access-Control-Allow-Credentials":["\u003credacted\u003e"],"Access-Control-Allow-Headers":["*"],"Access-Control-Allow-Methods":["OPTIONS, POST"],"Access-Control-Allow-Origin":[""],"Access-Control-Max-Age":["86400"],"Content-Security-Policy":["default-src 'none'; sandbox"],"Content-Type":["text/event-stream"],"Date":["Fri, 10 Jul 2026 23:03:44 GMT"],"Strict-Transport-Security":["max-age=31536000"],"X-Github-Backend":["Kubernetes"],"X-Github-Request-Id":["140F:30F935:9AC1C:10035A:6A517A50"],"X-Request-Id":["6ed781a7-6874-43c0-8959-5ae64bee95dd"]},"route_matched":true,"compression_status":"","policy_allowed":true}
{"request_id":34,"ts":"2026-07-10T23:03:44.206024Z","method":"POST","path":"/v1/engines/gpt-41-copilot/completions","provider":"","endpoint":"copilot-completions","upstream":"copilot-proxy.githubusercontent.com","model":"","stream":"true","request_body":"eyJwcm9tcHQiOiIjIS91c3IvYmluL2VudiBiYXNoXG4jIHNldHVwLnNoIOKAlCBCb290c3RyYXAgYSBuZXcgZGV2ZWxvcG1lbnQgZW52aXJvbm1lbnQuXG4jIFJ1biBmcm9tIHRoZSBwcm9qZWN0IHJvb3QuIFNhZmUgdG8gcnVuIG11bHRpcGxlIHRpbWVzIChpZGVtcG90ZW50KS5cbnNldCAtZXVvIHBpcGVmYWlsXG5cbmVjaG8gXCI9PT0gQm9vdHN0cmFwcGluZyAkKGJhc2VuYW1lIFwiJFBXRFwiKSA9PT1cIlxuXG4jIDEuIEluc3RhbGwgbWlzZSBpZiBtaXNzaW5nXG5pZiAhIGNvbW1hbmQgLXYgbWlzZSAmPi9kZXYvbnVsbDsgdGhlblxuICBlY2hvIFwiSW5zdGFsbGluZyBtaXNlLi4uXCJcbiAgaWYgW1sgXCIkT1NUWVBFXCIgPT0gXCJkYXJ3aW5cIiogXV07IHRoZW5cbiAgICBicmV3IGluc3RhbGwgbWlzZVxuICBlbHNlXG4gICAgIyBMaW51eC9XU0w6IGRvd25sb2FkIGJpbmFyeSBmcm9tIEdpdEh1YiByZWxlYXNlc1xuICAgIE1JU0VfVkVSU0lPTj0kKGN1cmwgLXMgaHR0cHM6Ly9hcGkuZ2l0aHViLmNvbS9yZXBvcy9qZHgvbWlzZS9yZWxlYXNlcy9sYXRlc3QgfCBqcSAtciAudGFnX25hbWUpXG4gICAgY3VybCAtZnNTTCBcImh0dHBzOi8vZ2l0aHViLmNvbS9qZHgvbWlzZS9yZWxlYXNlcy9kb3dubG9hZC8ke01JU0VfVkVSU0lPTn0vbWlzZS0ke01JU0VfVkVSU0lPTn0tbGludXgteDY0LnRhci5nelwiIHwgdGFyIHh6IC1DIC91c3IvbG9jYWwvYmluIG1pc2VcbiAgZmlcbmZpXG5cbiMgMi4gSW5zdGFsbCBsYW5ndWFnZSBhbmQgdG9vbCB2ZXJzaW9ucyBmcm9tIC5taXNlLnRvbWxcbmlmIFsgLWYgLm1pc2UudG9tbCBdOyB0aGVuXG4gIGVjaG8gXCJJbnN0YWxsaW5nIHRvb2xzIGZyb20gLm1pc2UudG9tbC4uLlwiXG4gIG1pc2UgaW5zdGFsbFxuZmlcblxuIyAzLiBJbnN0YWxsIHByb2plY3QgZGVwZW5kZW5jaWVzXG5pZiBbIC1mIHBhY2thZ2UuanNvbiBdOyB0aGVuXG4gIGVjaG8gXCJJbnN0YWxsaW5nIE5vZGUgZGVwZW5kZW5jaWVzLi4uXCJcbiAgcG5wbSBpbnN0YWxsIC0tZnJvemVuLWxvYw==","request_body_truncated":true,"status":200,"latency_ms":0,"response_headers":{"Access-Control-Allow-Credentials":["\u003credacted\u003e"],"Access-Control-Allow-Headers":["*"],"Access-Control-Allow-Methods":["OPTIONS, POST"],"Access-Control-Allow-Origin":[""],"Access-Control-Max-Age":["86400"],"Content-Security-Policy":["default-src 'none'; sandbox"],"Content-Type":["text/event-stream"],"Date":["Fri, 10 Jul 2026 23:03:44 GMT"],"Strict-Transport-Security":["max-age=31536000"],"X-Github-Backend":["Kubernetes"],"X-Github-Request-Id":["140F:30F935:9AC19:100354:6A517A4F"],"X-Request-Id":["b9010114-0011-4889-91ec-1eeafc3feb18"]},"route_matched":true,"compression_status":"","policy_allowed":true}
{"request_id":36,"ts":"2026-07-10T23:03:45.738706Z","method":"POST","path":"/v1/engines/gpt-41-copilot/completions","provider":"","endpoint":"copilot-completions","upstream":"copilot-proxy.githubusercontent.com","model":"","stream":"true","request_body":"eyJwcm9tcHQiOiIjIS91c3IvYmluL2VudiBiYXNoXG4jIHNldHVwLnNoIOKAlCBCb290c3RyYXAgYSBuZXcgZGV2ZWxvcG1lbnQgZW52aXJvbm1lbnQuXG4jIFJ1biBmcm9tIHRoZSBwcm9qZWN0IHJvb3QuIFNhZmUgdG8gcnVuIG11bHRpcGxlIHRpbWVzIChpZGVtcG90ZW50KS5cbnNldCAtZXVvIHBpcGVmYWlsXG5cbmVjaG8gXCI9PT0gQm9vdHN0cmFwcGluZyAkKGJhc2VuYW1lIFwiJFBXRFwiKSA9PT1cIlxuXG4jIDEuIEluc3RhbGwgbWlzZSBpZiBtaXNzaW5nXG5pZiAhIGNvbW1hbmQgLXYgbWlzZSAmPi9kZXYvbnVsbDsgdGhlblxuICBlY2hvIFwiSW5zdGFsbGluZyBtaXNlLi4uXCJcbiAgaWYgW1sgXCIkT1NUWVBFXCIgPT0gXCJkYXJ3aW5cIiogXV07IHRoZW5cbiAgICBicmV3IGluc3RhbGwgbWlzZVxuICBlbHNlXG4gICAgIyBMaW51eC9XU0w6IGRvd25sb2FkIGJpbmFyeSBmcm9tIEdpdEh1YiByZWxlYXNlc1xuICAgIE1JU0VfVkVSU0lPTj0kKGN1cmwgLXMgaHR0cHM6Ly9hcGkuZ2l0aHViLmNvbS9yZXBvcy9qZHgvbWlzZS9yZWxlYXNlcy9sYXRlc3QgfCBqcSAtciAudGFnX25hbWUpXG4gICAgY3VybCAtZnNTTCBcImh0dHBzOi8vZ2l0aHViLmNvbS9qZHgvbWlzZS9yZWxlYXNlcy9kb3dubG9hZC8ke01JU0VfVkVSU0lPTn0vbWlzZS0ke01JU0VfVkVSU0lPTn0tbGludXgteDY0LnRhci5nelwiIHwgdGFyIHh6IC1DIC91c3IvbG9jYWwvYmluIG1pc2VcbiAgZmlcbmZpXG5cbiMgMi4gSW5zdGFsbCBsYW5ndWFnZSBhbmQgdG9vbCB2ZXJzaW9ucyBmcm9tIC5taXNlLnRvbWxcbmlmIFsgLWYgLm1pc2UudG9tbCBdOyB0aGVuXG4gIGVjaG8gXCJJbnN0YWxsaW5nIHRvb2xzIGZyb20gLm1pc2UudG9tbC4uLlwiXG4gIG1pc2UgaW5zdGFsbFxuZmlcblxuIyAzLiBJbnN0YWxsIHByb2plY3QgZGVwZW5kZW5jaWVzXG5pZiBbIC1mIHBhY2thZ2UuanNvbiBdOyB0aGVuXG4gIGVjaG8gXCJJbnN0YWxsaW5nIE5vZGUgZGVwZW5kZW5jaWVzLi4uXCJcbiAgcG5wbSBpbnN0YWxsIC0tZnJvemVuLWxvYw==","request_body_truncated":true,"status":200,"latency_ms":0,"response_headers":{"Access-Control-Allow-Credentials":["\u003credacted\u003e"],"Access-Control-Allow-Headers":["*"],"Access-Control-Allow-Methods":["OPTIONS, POST"],"Access-Control-Allow-Origin":[""],"Access-Control-Max-Age":["86400"],"Content-Security-Policy":["default-src 'none'; sandbox"],"Content-Type":["text/event-stream"],"Date":["Fri, 10 Jul 2026 23:03:45 GMT"],"Strict-Transport-Security":["max-age=31536000"],"X-Github-Backend":["Kubernetes"],"X-Github-Request-Id":["140F:30F935:9AC2E:100389:6A517A50"],"X-Request-Id":["97846b66-e893-4a04-be3a-a8e19ea12cbf"]},"route_matched":true,"compression_status":"","policy_allowed":true}
{"request_id":38,"ts":"2026-07-10T23:03:48.140423Z","method":"POST","path":"/v1/engines/gpt-41-copilot/completions","provider":"","endpoint":"copilot-completions","upstream":"copilot-proxy.githubusercontent.com","model":"","stream":"true","request_body":"eyJwcm9tcHQiOiIjIS91c3IvYmluL2VudiBiYXNoXG4jIHNldHVwLnNoIOKAlCBCb290c3RyYXAgYSBuZXcgZGV2ZWxvcG1lbnQgZW52aXJvbm1lbnQuXG4jIFJ1biBmcm9tIHRoZSBwcm9qZWN0IHJvb3QuIFNhZmUgdG8gcnVuIG11bHRpcGxlIHRpbWVzIChpZGVtcG90ZW50KS5cbnNldCAtZXVvIHBpcGVmYWlsXG5cbmVjaG8gXCI9PT0gQm9vdHN0cmFwcGluZyAkKGJhc2VuYW1lIFwiJFBXRFwiKSA9PT1cIlxuXG4jIDEuIEluc3RhbGwgbWlzZSBpZiBtaXNzaW5nXG5pZiAhIGNvbW1hbmQgLXYgbWlzZSAmPi9kZXYvbnVsbDsgdGhlblxuICBlY2hvIFwiSW5zdGFsbGluZyBtaXNlLi4uXCJcbiAgaWYgW1sgXCIkT1NUWVBFXCIgPT0gXCJkYXJ3aW5cIiogXV07IHRoZW5cbiAgICBicmV3IGluc3RhbGwgbWlzZVxuICBlbHNlXG4gICAgIyBMaW51eC9XU0w6IGRvd25sb2FkIGJpbmFyeSBmcm9tIEdpdEh1YiByZWxlYXNlc1xuICAgIE1JU0VfVkVSU0lPTj0kKGN1cmwgLXMgaHR0cHM6Ly9hcGkuZ2l0aHViLmNvbS9yZXBvcy9qZHgvbWlzZS9yZWxlYXNlcy9sYXRlc3QgfCBqcSAtciAudGFnX25hbWUpXG4gICAgY3VybCAtZnNTTCBcImh0dHBzOi8vZ2l0aHViLmNvbS9qZHgvbWlzZS9yZWxlYXNlcy9kb3dubG9hZC8ke01JU0VfVkVSU0lPTn0vbWlzZS0ke01JU0VfVkVSU0lPTn0tbGludXgteDY0LnRhci5nelwiIHwgdGFyIHh6IC1DIC91c3IvbG9jYWwvYmluIG1pc2VcbiAgZmlcbmZpXG5cbiMgMi4gSW5zdGFsbCBsYW5ndWFnZSBhbmQgdG9vbCB2ZXJzaW9ucyBmcm9tIC5taXNlLnRvbWxcbmlmIFsgLWYgLm1pc2UudG9tbCBdOyB0aGVuXG4gIGVjaG8gXCJJbnN0YWxsaW5nIHRvb2xzIGZyb20gLm1pc2UudG9tbC4uLlwiXG4gIG1pc2UgaW5zdGFsbFxuZmlcblxuIyAzLiBJbnN0YWxsIHByb2plY3QgZGVwZW5kZW5jaWVzXG5pZiBbIC1mIHBhY2thZ2UuanNvbiBdOyB0aGVuXG4gIGVjaG8gXCJJbnN0YWxsaW5nIE5vZGUgZGVwZW5kZW5jaWVzLi4uXCJcbiAgcG5wbSBpbnN0YWxsIC0tZnJvemVuLWxvYw==","request_body_truncated":true,"status":200,"latency_ms":0,"response_headers":{"Access-Control-Allow-Credentials":["\u003credacted\u003e"],"Access-Control-Allow-Headers":["*"],"Access-Control-Allow-Methods":["OPTIONS, POST"],"Access-Control-Allow-Origin":[""],"Access-Control-Max-Age":["86400"],"Content-Security-Policy":["default-src 'none'; sandbox"],"Content-Type":["text/event-stream"],"Date":["Fri, 10 Jul 2026 23:03:48 GMT"],"Strict-Transport-Security":["max-age=31536000"],"X-Github-Backend":["Kubernetes"],"X-Github-Request-Id":["140F:30F935:9AC62:10040B:6A517A53"],"X-Request-Id":["4a9b2d11-61c7-46c1-8532-9c02730492bc"]},"route_matched":true,"compression_status":"","policy_allowed":true}
{"request_id":39,"ts":"2026-07-10T23:03:50.246891Z","method":"POST","path":"/chat/completions","provider":"","endpoint":"copilot-chat","upstream":"api.githubcopilot.com","model":"copilot-nes-oct","stream":"true","request_body":"eyJtZXNzYWdlcyI6W3sicm9sZSI6InN5c3RlbSIsImNvbnRlbnQiOiJQcmVkaWN0IHRoZSBuZXh0IGNvZGUgZWRpdCBiYXNlZCBvbiB1c2VyIGNvbnRleHQsIGZvbGxvd2luZyBNaWNyb3NvZnQgY29udGVudCBwb2xpY2llcyBhbmQgYXZvaWRpbmcgY29weXJpZ2h0IHZpb2xhdGlvbnMuIElmIGEgcmVxdWVzdCBtYXkgYnJlYWNoIGd1aWRlbGluZXMsIHJlcGx5OiBcIlNvcnJ5LCBJIGNhbid0IGFzc2lzdCB3aXRoIHRoYXQuXCIifSx7InJvbGUiOiJ1c2VyIiwiY29udGVudCI6ImBgYFxuPHxyZWNlbnRseV92aWV3ZWRfY29kZV9zbmlwcGV0c3w+XG5cbjx8L3JlY2VudGx5X3ZpZXdlZF9jb2RlX3NuaXBwZXRzfD5cblxuPHxjdXJyZW50X2ZpbGVfY29udGVudHw+XG5jdXJyZW50X2ZpbGVfcGF0aDogdGVtcGxhdGVzL3NldHVwLnNoXG4jIS91c3IvYmluL2VudiBiYXNoXG4jIHNldHVwLnNoIOKAlCBCb290c3RyYXAgYSBuZXcgZGV2ZWxvcG1lbnQgZW52aXJvbm1lbnQuXG4jIFJ1biBmcm9tIHRoZSBwcm9qZWN0IHJvb3QuIFNhZmUgdG8gcnVuIG11bHRpcGxlIHRpbWVzIChpZGVtcG90ZW50KS5cbnNldCAtZXVvIHBpcGVmYWlsXG5cbmVjaG8gXCI9PT0gQm9vdHN0cmFwcGluZyAkKGJhc2VuYW1lIFwiJFBXRFwiKSA9PT1cIlxuXG4jIDEuIEluc3RhbGwgbWlzZSBpZiBtaXNzaW5nXG5pZiAhIGNvbW1hbmQgLXYgbWlzZSAmPi9kZXYvbnVsbDsgdGhlblxuICBlY2hvIFwiSW5zdGFsbGluZyBtaXNlLi4uXCJcbiAgaWYgW1sgXCIkT1NUWVBFXCIgPT0gXCJkYXJ3aW5cIiogXV07IHRoZW5cbiAgICBicmV3IGluc3RhbGwgbWlzZVxuICBlbHNlXG4gICAgIyBMaW51eC9XU0w6IGRvd25sb2FkIGJpbmFyeSBmcm9tIEdpdEh1YiByZWxlYXNlc1xuICAgIE1JU0VfVkVSU0lPTj0kKGN1cmwgLXMgaHR0cHM6Ly9hcGkuZ2l0aHViLmNvbS9yZXBvcy9qZHgvbWlzZS9yZWxlYXNlcy9sYXRlc3QgfCBqcSAtciAudGFnX25hbWUpXG4gICAgY3VybCAtZnNTTCBcImh0dHBzOi8vZ2l0aHViLmNvbS9qZHgvbWlzZS9yZWxlYQ==","request_body_truncated":true,"status":400,"latency_ms":0,"response_headers":{"Content-Length":["56"],"Content-Security-Policy":["default-src 'none'; sandbox"],"Content-Type":["text/plain; charset=utf-8"],"Date":["Fri, 10 Jul 2026 23:03:50 GMT"],"Strict-Transport-Security":["max-age=31536000"],"X-Content-Type-Options":["nosniff"],"X-Copilot-Service-Request-Id":["0713a851-5074-4d2f-8c2a-d7cca29dad4f"],"X-Github-Backend":["Kubernetes"],"X-Github-Request-Id":["1433:36F47D:43F341:4F1C39:6A517A4E"]},"route_matched":true,"compression_status":"","policy_allowed":true}
{"request_id":40,"ts":"2026-07-10T23:04:09.852679Z","method":"POST","path":"/v1/engines/gpt-41-copilot/completions","provider":"","endpoint":"copilot-completions","upstream":"copilot-proxy.githubusercontent.com","model":"","stream":"true","request_body":"eyJwcm9tcHQiOiJ7XG4gIFwiZ2l0aHViLmNvcGlsb3QuYWR2YW5jZWRcIjoge1xuICAgIFwiZGVidWcub3ZlcnJpZGVDYXBpVXJsXCI6IFwiaHR0cDovLzEyNy4wLjAuMTo3NzMzXCIsXG4gICAgXCJkZWJ1Zy5vdmVycmlkZVByb3h5VXJsXCI6IFwiaHR0cDovLzEyNy4wLjAuMTo3NzMzLyIsInN1ZmZpeCI6IlwiYXV0aFByb3ZpZGVyXCI6IFwiZ2l0aHViXCJcbiAgfSxcbiAgXCJnaXQuYXV0b2ZldGNoXCI6IHRydWUsXG4gIFwicmVkaGF0LnRlbGVtZXRyeS5lbmFibGVkXCI6IHRydWUsXG4gIFwicmVtb3RlLmF1dG9Gb3J3YXJkUG9ydHNTb3VyY2VcIjogXCJoeWJyaWRcIixcbiAgXCJnaXQuY29uZmlybVN5bmNcIjogZmFsc2UsXG4gIFwicGxheXdyaWdodC5yZXVzZUJyb3dzZXJcIjogZmFsc2UsXG4gIFwicGxheXdyaWdodC5lbnZcIjoge1xuICAgIFwiQkFTRV9VUkxcIjogXCJodHRwczovL3NpdC5hY2NvdW50LndhZ28uY29tXCJcbiAgfSxcbiAgXCJyZW1vdGUuZGVmYXVsdEV4dGVuc2lvbnNJZkluc3RhbGxlZExvY2FsbHlcIjogW1xuICAgIFwiR2l0SHViLmNvcGlsb3RcIixcbiAgICBcIkdpdEh1Yi5jb3BpbG90LWNoYXRcIixcbiAgICBcIkdpdEh1Yi52c2NvZGUtcHVsbC1yZXF1ZXN0LWdpdGh1YlwiXG4gIF0sXG4gIFwiZWRpdG9yLmdvdG9Mb2NhdGlvbi5tdWx0aXBsZURlZmluaXRpb25zXCI6IFwiZ290b1wiLFxuICBcImphdmEuaW1wb3J0cy5ncmFkbGUud3JhcHBlci5jaGVja3N1bXNcIjogW1xuICAgIHtcbiAgICAgIFwic2hhMjU2XCI6IFwiMmY3NjkxNDllZjZmNTRiNDk2ZDUzNjQ5OGFhYTEyMGI5ODQwZjRmYzZhNzg2ZWJiYmY1NmQxZTJmMjFiYmQyNFwiLFxuICAgICAgXCJhbGxvd2VkXCI6IHRydWVcbiAgICB9XG4gIF0sXG4gIFwiW2phdmFzY3JpcHRdXCI6IHtcbiAgICBcImVkaXRvci5kZWZhdWx0Rm9ybWF0dGVyXCI6IFwiZXNiZW5wLnByZXR0aWVyLXZzY29kZVwiXG4gIH0sXG4gIFwiQGF6dXJlLmFyZ1RlbmFudFwiOiBcIlwiLFxuICBcImdpdGh1Yi5jb3BpbG90LmNoYXQuYw==","request_body_truncated":true,"status":200,"latency_ms":0,"response_headers":{"Access-Control-Allow-Credentials":["\u003credacted\u003e"],"Access-Control-Allow-Headers":["*"],"Access-Control-Allow-Methods":["OPTIONS, POST"],"Access-Control-Allow-Origin":[""],"Access-Control-Max-Age":["86400"],"Content-Security-Policy":["default-src 'none'; sandbox"],"Content-Type":["text/event-stream"],"Date":["Fri, 10 Jul 2026 23:04:10 GMT"],"Strict-Transport-Security":["max-age=31536000"],"X-Github-Backend":["Kubernetes"],"X-Github-Request-Id":["140F:30F935:9AE2C:1007EA:6A517A54"],"X-Request-Id":["96f2e1a8-c7cc-4286-a14b-51885691fa7e"]},"route_matched":true,"compression_status":"","policy_allowed":true}
{"request_id":41,"ts":"2026-07-10T23:04:10.158922Z","method":"POST","path":"/v1/engines/gpt-41-copilot/completions","provider":"","endpoint":"copilot-completions","upstream":"copilot-proxy.githubusercontent.com","model":"","stream":"true","request_body":"eyJwcm9tcHQiOiJ7XG4gIFwiZ2l0aHViLmNvcGlsb3QuYWR2YW5jZWRcIjoge1xuICAgIFwiZGVidWcub3ZlcnJpZGVDYXBpVXJsXCI6IFwiaHR0cDovLzEyNy4wLjAuMTo3NzMzXCIsXG4gICAgXCJkZWJ1Zy5vdmVycmlkZVByb3h5VXJsXCI6IFwiaHR0cDovLzEyNy4wLjAuMTo3NzMzL2MiLCJzdWZmaXgiOiJcImF1dGhQcm92aWRlclwiOiBcImdpdGh1YlwiXG4gIH0sXG4gIFwiZ2l0LmF1dG9mZXRjaFwiOiB0cnVlLFxuICBcInJlZGhhdC50ZWxlbWV0cnkuZW5hYmxlZFwiOiB0cnVlLFxuICBcInJlbW90ZS5hdXRvRm9yd2FyZFBvcnRzU291cmNlXCI6IFwiaHlicmlkXCIsXG4gIFwiZ2l0LmNvbmZpcm1TeW5jXCI6IGZhbHNlLFxuICBcInBsYXl3cmlnaHQucmV1c2VCcm93c2VyXCI6IGZhbHNlLFxuICBcInBsYXl3cmlnaHQuZW52XCI6IHtcbiAgICBcIkJBU0VfVVJMXCI6IFwiaHR0cHM6Ly9zaXQuYWNjb3VudC53YWdvLmNvbVwiXG4gIH0sXG4gIFwicmVtb3RlLmRlZmF1bHRFeHRlbnNpb25zSWZJbnN0YWxsZWRMb2NhbGx5XCI6IFtcbiAgICBcIkdpdEh1Yi5jb3BpbG90XCIsXG4gICAgXCJHaXRIdWIuY29waWxvdC1jaGF0XCIsXG4gICAgXCJHaXRIdWIudnNjb2RlLXB1bGwtcmVxdWVzdC1naXRodWJcIlxuICBdLFxuICBcImVkaXRvci5nb3RvTG9jYXRpb24ubXVsdGlwbGVEZWZpbml0aW9uc1wiOiBcImdvdG9cIixcbiAgXCJqYXZhLmltcG9ydHMuZ3JhZGxlLndyYXBwZXIuY2hlY2tzdW1zXCI6IFtcbiAgICB7XG4gICAgICBcInNoYTI1NlwiOiBcIjJmNzY5MTQ5ZWY2ZjU0YjQ5NmQ1MzY0OThhYWExMjBiOTg0MGY0ZmM2YTc4NmViYmJmNTZkMWUyZjIxYmJkMjRcIixcbiAgICAgIFwiYWxsb3dlZFwiOiB0cnVlXG4gICAgfVxuICBdLFxuICBcIltqYXZhc2NyaXB0XVwiOiB7XG4gICAgXCJlZGl0b3IuZGVmYXVsdEZvcm1hdHRlclwiOiBcImVzYmVucC5wcmV0dGllci12c2NvZGVcIlxuICB9LFxuICBcIkBhenVyZS5hcmdUZW5hbnRcIjogXCJcIixcbiAgXCJnaXRodWIuY29waWxvdC5jaGF0Lg==","request_body_truncated":true,"status":200,"latency_ms":0,"response_headers":{"Access-Control-Allow-Credentials":["\u003credacted\u003e"],"Access-Control-Allow-Headers":["*"],"Access-Control-Allow-Methods":["OPTIONS, POST"],"Access-Control-Allow-Origin":[""],"Access-Control-Max-Age":["86400"],"Content-Security-Policy":["default-src 'none'; sandbox"],"Content-Type":["text/event-stream"],"Date":["Fri, 10 Jul 2026 23:04:10 GMT"],"Strict-Transport-Security":["max-age=31536000"],"X-Github-Backend":["Kubernetes"],"X-Github-Request-Id":["140F:30F935:9AE32:1007F2:6A517A69"],"X-Request-Id":["91a09008-2b0a-48cb-a4bc-d9b0ad454fa1"]},"route_matched":true,"compression_status":"","policy_allowed":true}
{"request_id":42,"ts":"2026-07-10T23:04:10.466251Z","method":"POST","path":"/v1/engines/gpt-41-copilot/completions","provider":"","endpoint":"copilot-completions","upstream":"copilot-proxy.githubusercontent.com","model":"","stream":"true","request_body":"eyJwcm9tcHQiOiJ7XG4gIFwiZ2l0aHViLmNvcGlsb3QuYWR2YW5jZWRcIjoge1xuICAgIFwiZGVidWcub3ZlcnJpZGVDYXBpVXJsXCI6IFwiaHR0cDovLzEyNy4wLjAuMTo3NzMzXCIsXG4gICAgXCJkZWJ1Zy5vdmVycmlkZVByb3h5VXJsXCI6IFwiaHR0cDovLzEyNy4wLjAuMTo3NzMzL2NvIiwic3VmZml4IjoiXCJhdXRoUHJvdmlkZXJcIjogXCJnaXRodWJcIlxuICB9LFxuICBcImdpdC5hdXRvZmV0Y2hcIjogdHJ1ZSxcbiAgXCJyZWRoYXQudGVsZW1ldHJ5LmVuYWJsZWRcIjogdHJ1ZSxcbiAgXCJyZW1vdGUuYXV0b0ZvcndhcmRQb3J0c1NvdXJjZVwiOiBcImh5YnJpZFwiLFxuICBcImdpdC5jb25maXJtU3luY1wiOiBmYWxzZSxcbiAgXCJwbGF5d3JpZ2h0LnJldXNlQnJvd3NlclwiOiBmYWxzZSxcbiAgXCJwbGF5d3JpZ2h0LmVudlwiOiB7XG4gICAgXCJCQVNFX1VSTFwiOiBcImh0dHBzOi8vc2l0LmFjY291bnQud2Fnby5jb21cIlxuICB9LFxuICBcInJlbW90ZS5kZWZhdWx0RXh0ZW5zaW9uc0lmSW5zdGFsbGVkTG9jYWxseVwiOiBbXG4gICAgXCJHaXRIdWIuY29waWxvdFwiLFxuICAgIFwiR2l0SHViLmNvcGlsb3QtY2hhdFwiLFxuICAgIFwiR2l0SHViLnZzY29kZS1wdWxsLXJlcXVlc3QtZ2l0aHViXCJcbiAgXSxcbiAgXCJlZGl0b3IuZ290b0xvY2F0aW9uLm11bHRpcGxlRGVmaW5pdGlvbnNcIjogXCJnb3RvXCIsXG4gIFwiamF2YS5pbXBvcnRzLmdyYWRsZS53cmFwcGVyLmNoZWNrc3Vtc1wiOiBbXG4gICAge1xuICAgICAgXCJzaGEyNTZcIjogXCIyZjc2OTE0OWVmNmY1NGI0OTZkNTM2NDk4YWFhMTIwYjk4NDBmNGZjNmE3ODZlYmJiZjU2ZDFlMmYyMWJiZDI0XCIsXG4gICAgICBcImFsbG93ZWRcIjogdHJ1ZVxuICAgIH1cbiAgXSxcbiAgXCJbamF2YXNjcmlwdF1cIjoge1xuICAgIFwiZWRpdG9yLmRlZmF1bHRGb3JtYXR0ZXJcIjogXCJlc2JlbnAucHJldHRpZXItdnNjb2RlXCJcbiAgfSxcbiAgXCJAYXp1cmUuYXJnVGVuYW50XCI6IFwiXCIsXG4gIFwiZ2l0aHViLmNvcGlsb3QuY2hhdA==","request_body_truncated":true,"status":200,"latency_ms":0,"response_headers":{"Access-Control-Allow-Credentials":["\u003credacted\u003e"],"Access-Control-Allow-Headers":["*"],"Access-Control-Allow-Methods":["OPTIONS, POST"],"Access-Control-Allow-Origin":[""],"Access-Control-Max-Age":["86400"],"Content-Security-Policy":["default-src 'none'; sandbox"],"Content-Type":["text/event-stream"],"Date":["Fri, 10 Jul 2026 23:04:10 GMT"],"Strict-Transport-Security":["max-age=31536000"],"X-Github-Backend":["Kubernetes"],"X-Github-Request-Id":["140F:30F935:9AE33:1007FF:6A517A6A"],"X-Request-Id":["16a7fcc3-2606-4698-b6c9-cbfd9d9fd014"]},"route_matched":true,"compression_status":"","policy_allowed":true}
{"request_id":45,"ts":"2026-07-10T23:04:11.560396Z","method":"POST","path":"/v1/engines/gpt-41-copilot/completions","provider":"","endpoint":"copilot-completions","upstream":"copilot-proxy.githubusercontent.com","model":"","stream":"true","request_body":"eyJwcm9tcHQiOiJ7XG4gIFwiZ2l0aHViLmNvcGlsb3QuYWR2YW5jZWRcIjoge1xuICAgIFwiZGVidWcub3ZlcnJpZGVDYXBpVXJsXCI6IFwiaHR0cDovLzEyNy4wLjAuMTo3NzMzXCIsXG4gICAgXCJkZWJ1Zy5vdmVycmlkZVByb3h5VXJsXCI6IFwiaHR0cDovLzEyNy4wLjAuMTo3NzMzL2NvcGkiLCJzdWZmaXgiOiJcImF1dGhQcm92aWRlclwiOiBcImdpdGh1YlwiXG4gIH0sXG4gIFwiZ2l0LmF1dG9mZXRjaFwiOiB0cnVlLFxuICBcInJlZGhhdC50ZWxlbWV0cnkuZW5hYmxlZFwiOiB0cnVlLFxuICBcInJlbW90ZS5hdXRvRm9yd2FyZFBvcnRzU291cmNlXCI6IFwiaHlicmlkXCIsXG4gIFwiZ2l0LmNvbmZpcm1TeW5jXCI6IGZhbHNlLFxuICBcInBsYXl3cmlnaHQucmV1c2VCcm93c2VyXCI6IGZhbHNlLFxuICBcInBsYXl3cmlnaHQuZW52XCI6IHtcbiAgICBcIkJBU0VfVVJMXCI6IFwiaHR0cHM6Ly9zaXQuYWNjb3VudC53YWdvLmNvbVwiXG4gIH0sXG4gIFwicmVtb3RlLmRlZmF1bHRFeHRlbnNpb25zSWZJbnN0YWxsZWRMb2NhbGx5XCI6IFtcbiAgICBcIkdpdEh1Yi5jb3BpbG90XCIsXG4gICAgXCJHaXRIdWIuY29waWxvdC1jaGF0XCIsXG4gICAgXCJHaXRIdWIudnNjb2RlLXB1bGwtcmVxdWVzdC1naXRodWJcIlxuICBdLFxuICBcImVkaXRvci5nb3RvTG9jYXRpb24ubXVsdGlwbGVEZWZpbml0aW9uc1wiOiBcImdvdG9cIixcbiAgXCJqYXZhLmltcG9ydHMuZ3JhZGxlLndyYXBwZXIuY2hlY2tzdW1zXCI6IFtcbiAgICB7XG4gICAgICBcInNoYTI1NlwiOiBcIjJmNzY5MTQ5ZWY2ZjU0YjQ5NmQ1MzY0OThhYWExMjBiOTg0MGY0ZmM2YTc4NmViYmJmNTZkMWUyZjIxYmJkMjRcIixcbiAgICAgIFwiYWxsb3dlZFwiOiB0cnVlXG4gICAgfVxuICBdLFxuICBcIltqYXZhc2NyaXB0XVwiOiB7XG4gICAgXCJlZGl0b3IuZGVmYXVsdEZvcm1hdHRlclwiOiBcImVzYmVucC5wcmV0dGllci12c2NvZGVcIlxuICB9LFxuICBcIkBhenVyZS5hcmdUZW5hbnRcIjogXCJcIixcbiAgXCJnaXRodWIuY29waWxvdC5jaA==","request_body_truncated":true,"status":200,"latency_ms":0,"response_headers":{"Access-Control-Allow-Credentials":["\u003credacted\u003e"],"Access-Control-Allow-Headers":["*"],"Access-Control-Allow-Methods":["OPTIONS, POST"],"Access-Control-Allow-Origin":[""],"Access-Control-Max-Age":["86400"],"Content-Security-Policy":["default-src 'none'; sandbox"],"Content-Type":["text/event-stream"],"Date":["Fri, 10 Jul 2026 23:04:11 GMT"],"Strict-Transport-Security":["max-age=31536000"],"X-Github-Backend":["Kubernetes"],"X-Github-Request-Id":["140F:30F935:9AE4C:100831:6A517A6B"],"X-Request-Id":["695d7f9d-2cd2-48b1-b695-d5dfaefd4a8d"]},"route_matched":true,"compression_status":"","policy_allowed":true}
{"request_id":44,"ts":"2026-07-10T23:04:11.247549Z","method":"POST","path":"/v1/engines/gpt-41-copilot/completions","provider":"","endpoint":"copilot-completions","upstream":"copilot-proxy.githubusercontent.com","model":"","stream":"true","request_body":"eyJwcm9tcHQiOiJ7XG4gIFwiZ2l0aHViLmNvcGlsb3QuYWR2YW5jZWRcIjoge1xuICAgIFwiZGVidWcub3ZlcnJpZGVDYXBpVXJsXCI6IFwiaHR0cDovLzEyNy4wLjAuMTo3NzMzXCIsXG4gICAgXCJkZWJ1Zy5vdmVycmlkZVByb3h5VXJsXCI6IFwiaHR0cDovLzEyNy4wLjAuMTo3NzMzL2NvcCIsInN1ZmZpeCI6IlwiYXV0aFByb3ZpZGVyXCI6IFwiZ2l0aHViXCJcbiAgfSxcbiAgXCJnaXQuYXV0b2ZldGNoXCI6IHRydWUsXG4gIFwicmVkaGF0LnRlbGVtZXRyeS5lbmFibGVkXCI6IHRydWUsXG4gIFwicmVtb3RlLmF1dG9Gb3J3YXJkUG9ydHNTb3VyY2VcIjogXCJoeWJyaWRcIixcbiAgXCJnaXQuY29uZmlybVN5bmNcIjogZmFsc2UsXG4gIFwicGxheXdyaWdodC5yZXVzZUJyb3dzZXJcIjogZmFsc2UsXG4gIFwicGxheXdyaWdodC5lbnZcIjoge1xuICAgIFwiQkFTRV9VUkxcIjogXCJodHRwczovL3NpdC5hY2NvdW50LndhZ28uY29tXCJcbiAgfSxcbiAgXCJyZW1vdGUuZGVmYXVsdEV4dGVuc2lvbnNJZkluc3RhbGxlZExvY2FsbHlcIjogW1xuICAgIFwiR2l0SHViLmNvcGlsb3RcIixcbiAgICBcIkdpdEh1Yi5jb3BpbG90LWNoYXRcIixcbiAgICBcIkdpdEh1Yi52c2NvZGUtcHVsbC1yZXF1ZXN0LWdpdGh1YlwiXG4gIF0sXG4gIFwiZWRpdG9yLmdvdG9Mb2NhdGlvbi5tdWx0aXBsZURlZmluaXRpb25zXCI6IFwiZ290b1wiLFxuICBcImphdmEuaW1wb3J0cy5ncmFkbGUud3JhcHBlci5jaGVja3N1bXNcIjogW1xuICAgIHtcbiAgICAgIFwic2hhMjU2XCI6IFwiMmY3NjkxNDllZjZmNTRiNDk2ZDUzNjQ5OGFhYTEyMGI5ODQwZjRmYzZhNzg2ZWJiYmY1NmQxZTJmMjFiYmQyNFwiLFxuICAgICAgXCJhbGxvd2VkXCI6IHRydWVcbiAgICB9XG4gIF0sXG4gIFwiW2phdmFzY3JpcHRdXCI6IHtcbiAgICBcImVkaXRvci5kZWZhdWx0Rm9ybWF0dGVyXCI6IFwiZXNiZW5wLnByZXR0aWVyLXZzY29kZVwiXG4gIH0sXG4gIFwiQGF6dXJlLmFyZ1RlbmFudFwiOiBcIlwiLFxuICBcImdpdGh1Yi5jb3BpbG90LmNoYQ==","request_body_truncated":true,"status":200,"latency_ms":0,"response_headers":{"Access-Control-Allow-Credentials":["\u003credacted\u003e"],"Access-Control-Allow-Headers":["*"],"Access-Control-Allow-Methods":["OPTIONS, POST"],"Access-Control-Allow-Origin":[""],"Access-Control-Max-Age":["86400"],"Content-Security-Policy":["default-src 'none'; sandbox"],"Content-Type":["text/event-stream"],"Date":["Fri, 10 Jul 2026 23:04:11 GMT"],"Strict-Transport-Security":["max-age=31536000"],"X-Github-Backend":["Kubernetes"],"X-Github-Request-Id":["140F:30F935:9AE43:100826:6A517A6B"],"X-Request-Id":["26cd4989-e5ac-459b-9702-c99a2842bda8"]},"route_matched":true,"compression_status":"","policy_allowed":true}
{"request_id":46,"ts":"2026-07-10T23:04:12.147747Z","method":"POST","path":"/v1/engines/gpt-41-copilot/completions","provider":"","endpoint":"copilot-completions","upstream":"copilot-proxy.githubusercontent.com","model":"","stream":"true","request_body":"eyJwcm9tcHQiOiJ7XG4gIFwiZ2l0aHViLmNvcGlsb3QuYWR2YW5jZWRcIjoge1xuICAgIFwiZGVidWcub3ZlcnJpZGVDYXBpVXJsXCI6IFwiaHR0cDovLzEyNy4wLjAuMTo3NzMzXCIsXG4gICAgXCJkZWJ1Zy5vdmVycmlkZVByb3h5VXJsXCI6IFwiaHR0cDovLzEyNy4wLjAuMTo3NzMzL2NvcGlsb3QtcHJveHlcIiwiLCJzdWZmaXgiOiJcImF1dGhQcm92aWRlclwiOiBcImdpdGh1YlwiXG4gIH0sXG4gIFwiZ2l0LmF1dG9mZXRjaFwiOiB0cnVlLFxuICBcInJlZGhhdC50ZWxlbWV0cnkuZW5hYmxlZFwiOiB0cnVlLFxuICBcInJlbW90ZS5hdXRvRm9yd2FyZFBvcnRzU291cmNlXCI6IFwiaHlicmlkXCIsXG4gIFwiZ2l0LmNvbmZpcm1TeW5jXCI6IGZhbHNlLFxuICBcInBsYXl3cmlnaHQucmV1c2VCcm93c2VyXCI6IGZhbHNlLFxuICBcInBsYXl3cmlnaHQuZW52XCI6IHtcbiAgICBcIkJBU0VfVVJMXCI6IFwiaHR0cHM6Ly9zaXQuYWNjb3VudC53YWdvLmNvbVwiXG4gIH0sXG4gIFwicmVtb3RlLmRlZmF1bHRFeHRlbnNpb25zSWZJbnN0YWxsZWRMb2NhbGx5XCI6IFtcbiAgICBcIkdpdEh1Yi5jb3BpbG90XCIsXG4gICAgXCJHaXRIdWIuY29waWxvdC1jaGF0XCIsXG4gICAgXCJHaXRIdWIudnNjb2RlLXB1bGwtcmVxdWVzdC1naXRodWJcIlxuICBdLFxuICBcImVkaXRvci5nb3RvTG9jYXRpb24ubXVsdGlwbGVEZWZpbml0aW9uc1wiOiBcImdvdG9cIixcbiAgXCJqYXZhLmltcG9ydHMuZ3JhZGxlLndyYXBwZXIuY2hlY2tzdW1zXCI6IFtcbiAgICB7XG4gICAgICBcInNoYTI1NlwiOiBcIjJmNzY5MTQ5ZWY2ZjU0YjQ5NmQ1MzY0OThhYWExMjBiOTg0MGY0ZmM2YTc4NmViYmJmNTZkMWUyZjIxYmJkMjRcIixcbiAgICAgIFwiYWxsb3dlZFwiOiB0cnVlXG4gICAgfVxuICBdLFxuICBcIltqYXZhc2NyaXB0XVwiOiB7XG4gICAgXCJlZGl0b3IuZGVmYXVsdEZvcm1hdHRlclwiOiBcImVzYmVucC5wcmV0dGllci12c2NvZGVcIlxuICB9LFxuICBcIkBhenVyZS5hcmdUZW5hbnRcIjogXCJcIixcbiAgXCJnaXRodQ==","request_body_truncated":true,"status":200,"latency_ms":0,"response_headers":{"Access-Control-Allow-Credentials":["\u003credacted\u003e"],"Access-Control-Allow-Headers":["*"],"Access-Control-Allow-Methods":["OPTIONS, POST"],"Access-Control-Allow-Origin":[""],"Access-Control-Max-Age":["86400"],"Content-Security-Policy":["default-src 'none'; sandbox"],"Content-Type":["text/event-stream"],"Date":["Fri, 10 Jul 2026 23:04:12 GMT"],"Strict-Transport-Security":["max-age=31536000"],"X-Github-Backend":["Kubernetes"],"X-Github-Request-Id":["140F:30F935:9AE5A:10084D:6A517A6B"],"X-Request-Id":["0c6ba1c3-b4d3-4f24-8b16-4094228d82b2"]},"route_matched":true,"compression_status":"","policy_allowed":true}
{"request_id":47,"ts":"2026-07-10T23:04:14.380648Z","method":"POST","path":"/v1/engines/gpt-41-copilot/completions","provider":"","endpoint":"copilot-completions","upstream":"copilot-proxy.githubusercontent.com","model":"","stream":"true","request_body":"eyJwcm9tcHQiOiJ7XG4gIFwiZ2l0aHViLmNvcGlsb3QuYWR2YW5jZWRcIjoge1xuICAgIFwiZGVidWcub3ZlcnJpZGVDYXBpVXJsXCI6IFwiaHR0cDovLzEyNy4wLjAuMTo3NzMzLyIsInN1ZmZpeCI6IlwiZGVidWcub3ZlcnJpZGVQcm94eVVybFwiOiBcImh0dHA6Ly8xMjcuMC4wLjE6NzczMy9jb3BpbG90XCIsXG4gICAgXCJhdXRoUHJvdmlkZXJcIjogXCJnaXRodWJcIlxuICB9LFxuICBcImdpdC5hdXRvZmV0Y2hcIjogdHJ1ZSxcbiAgXCJyZWRoYXQudGVsZW1ldHJ5LmVuYWJsZWRcIjogdHJ1ZSxcbiAgXCJyZW1vdGUuYXV0b0ZvcndhcmRQb3J0c1NvdXJjZVwiOiBcImh5YnJpZFwiLFxuICBcImdpdC5jb25maXJtU3luY1wiOiBmYWxzZSxcbiAgXCJwbGF5d3JpZ2h0LnJldXNlQnJvd3NlclwiOiBmYWxzZSxcbiAgXCJwbGF5d3JpZ2h0LmVudlwiOiB7XG4gICAgXCJCQVNFX1VSTFwiOiBcImh0dHBzOi8vc2l0LmFjY291bnQud2Fnby5jb21cIlxuICB9LFxuICBcInJlbW90ZS5kZWZhdWx0RXh0ZW5zaW9uc0lmSW5zdGFsbGVkTG9jYWxseVwiOiBbXG4gICAgXCJHaXRIdWIuY29waWxvdFwiLFxuICAgIFwiR2l0SHViLmNvcGlsb3QtY2hhdFwiLFxuICAgIFwiR2l0SHViLnZzY29kZS1wdWxsLXJlcXVlc3QtZ2l0aHViXCJcbiAgXSxcbiAgXCJlZGl0b3IuZ290b0xvY2F0aW9uLm11bHRpcGxlRGVmaW5pdGlvbnNcIjogXCJnb3RvXCIsXG4gIFwiamF2YS5pbXBvcnRzLmdyYWRsZS53cmFwcGVyLmNoZWNrc3Vtc1wiOiBbXG4gICAge1xuICAgICAgXCJzaGEyNTZcIjogXCIyZjc2OTE0OWVmNmY1NGI0OTZkNTM2NDk4YWFhMTIwYjk4NDBmNGZjNmE3ODZlYmJiZjU2ZDFlMmYyMWJiZDI0XCIsXG4gICAgICBcImFsbG93ZWRcIjogdHJ1ZVxuICAgIH1cbiAgXSxcbiAgXCJbamF2YXNjcmlwdF1cIjoge1xuICAgIFwiZWRpdG9yLmRlZmF1bHRGb3JtYXR0ZXJcIjogXCJlc2JlbnAucHJldHRpZXItdnNjb2RlXCJcbiAgfSxcbiAgXCJAYXp1cmUuYXJnVGVuYW50XCI6IFwiXCIsXG4gIFwiZ2l0aHViLmNvcGlsbw==","request_body_truncated":true,"status":200,"latency_ms":0,"response_headers":{"Access-Control-Allow-Credentials":["\u003credacted\u003e"],"Access-Control-Allow-Headers":["*"],"Access-Control-Allow-Methods":["OPTIONS, POST"],"Access-Control-Allow-Origin":[""],"Access-Control-Max-Age":["86400"],"Content-Security-Policy":["default-src 'none'; sandbox"],"Content-Type":["text/event-stream"],"Date":["Fri, 10 Jul 2026 23:04:14 GMT"],"Strict-Transport-Security":["max-age=31536000"],"X-Github-Backend":["Kubernetes"],"X-Github-Request-Id":["140F:30F935:9AE93:1008B4:6A517A6C"],"X-Request-Id":["8ecb6f56-69df-4c4a-b957-977bc1bca8da"]},"route_matched":true,"compression_status":"","policy_allowed":true}
{"request_id":48,"ts":"2026-07-10T23:04:14.680414Z","method":"POST","path":"/v1/engines/gpt-41-copilot/completions","provider":"","endpoint":"copilot-completions","upstream":"copilot-proxy.githubusercontent.com","model":"","stream":"true","request_body":"eyJwcm9tcHQiOiJ7XG4gIFwiZ2l0aHViLmNvcGlsb3QuYWR2YW5jZWRcIjoge1xuICAgIFwiZGVidWcub3ZlcnJpZGVDYXBpVXJsXCI6IFwiaHR0cDovLzEyNy4wLjAuMTo3NzMzL2NvcGlsb3RcIiwiLCJzdWZmaXgiOiJcImRlYnVnLm92ZXJyaWRlUHJveHlVcmxcIjogXCJodHRwOi8vMTI3LjAuMC4xOjc3MzMvY29waWxvdFwiLFxuICAgIFwiYXV0aFByb3ZpZGVyXCI6IFwiZ2l0aHViXCJcbiAgfSxcbiAgXCJnaXQuYXV0b2ZldGNoXCI6IHRydWUsXG4gIFwicmVkaGF0LnRlbGVtZXRyeS5lbmFibGVkXCI6IHRydWUsXG4gIFwicmVtb3RlLmF1dG9Gb3J3YXJkUG9ydHNTb3VyY2VcIjogXCJoeWJyaWRcIixcbiAgXCJnaXQuY29uZmlybVN5bmNcIjogZmFsc2UsXG4gIFwicGxheXdyaWdodC5yZXVzZUJyb3dzZXJcIjogZmFsc2UsXG4gIFwicGxheXdyaWdodC5lbnZcIjoge1xuICAgIFwiQkFTRV9VUkxcIjogXCJodHRwczovL3NpdC5hY2NvdW50LndhZ28uY29tXCJcbiAgfSxcbiAgXCJyZW1vdGUuZGVmYXVsdEV4dGVuc2lvbnNJZkluc3RhbGxlZExvY2FsbHlcIjogW1xuICAgIFwiR2l0SHViLmNvcGlsb3RcIixcbiAgICBcIkdpdEh1Yi5jb3BpbG90LWNoYXRcIixcbiAgICBcIkdpdEh1Yi52c2NvZGUtcHVsbC1yZXF1ZXN0LWdpdGh1YlwiXG4gIF0sXG4gIFwiZWRpdG9yLmdvdG9Mb2NhdGlvbi5tdWx0aXBsZURlZmluaXRpb25zXCI6IFwiZ290b1wiLFxuICBcImphdmEuaW1wb3J0cy5ncmFkbGUud3JhcHBlci5jaGVja3N1bXNcIjogW1xuICAgIHtcbiAgICAgIFwic2hhMjU2XCI6IFwiMmY3NjkxNDllZjZmNTRiNDk2ZDUzNjQ5OGFhYTEyMGI5ODQwZjRmYzZhNzg2ZWJiYmY1NmQxZTJmMjFiYmQyNFwiLFxuICAgICAgXCJhbGxvd2VkXCI6IHRydWVcbiAgICB9XG4gIF0sXG4gIFwiW2phdmFzY3JpcHRdXCI6IHtcbiAgICBcImVkaXRvci5kZWZhdWx0Rm9ybWF0dGVyXCI6IFwiZXNiZW5wLnByZXR0aWVyLXZzY29kZVwiXG4gIH0sXG4gIFwiQGF6dXJlLmFyZ1RlbmFudFwiOiBcIlwiLFxuICBcImdpdA==","request_body_truncated":true,"status":200,"latency_ms":0,"response_headers":{"Access-Control-Allow-Credentials":["\u003credacted\u003e"],"Access-Control-Allow-Headers":["*"],"Access-Control-Allow-Methods":["OPTIONS, POST"],"Access-Control-Allow-Origin":[""],"Access-Control-Max-Age":["86400"],"Content-Security-Policy":["default-src 'none'; sandbox"],"Content-Type":["text/event-stream"],"Date":["Fri, 10 Jul 2026 23:04:14 GMT"],"Strict-Transport-Security":["max-age=31536000"],"X-Github-Backend":["Kubernetes"],"X-Github-Request-Id":["140F:30F935:9AE9B:1008BD:6A517A6E"],"X-Request-Id":["b59f08b5-57e3-4599-ba83-574d03246c17"]},"route_matched":true,"compression_status":"","policy_allowed":true}
{"request_id":49,"ts":"2026-07-10T23:04:25.751399Z","method":"GET","path":"/models","provider":"copilot","endpoint":"copilot-models","upstream":"api.githubcopilot.com","model":"","stream":"unknown","request_body":"","request_body_truncated":false,"status":400,"latency_ms":0,"response_headers":{"Content-Length":["56"],"Content-Security-Policy":["default-src 'none'; sandbox"],"Content-Type":["text/plain; charset=utf-8"],"Date":["Fri, 10 Jul 2026 23:04:25 GMT"],"Strict-Transport-Security":["max-age=31536000"],"X-Content-Type-Options":["nosniff"],"X-Copilot-Service-Request-Id":["b526520b-bf98-4377-bfb0-1b30921aef11"],"X-Github-Backend":["Kubernetes"],"X-Github-Request-Id":["1433:36F47D:445E4E:4F9B82:6A517A56"]},"route_matched":true,"compression_status":"","policy_allowed":true}
{"request_id":50,"ts":"2026-07-10T23:04:25.78075Z","method":"GET","path":"/models","provider":"copilot","endpoint":"copilot-models","upstream":"api.githubcopilot.com","model":"","stream":"unknown","request_body":"","request_body_truncated":false,"status":200,"latency_ms":0,"response_headers":{"Cache-Control":["private, max-age=21600"],"Content-Security-Policy":["default-src 'none'; sandbox"],"Content-Type":["application/json"],"Date":["Fri, 10 Jul 2026 23:04:25 GMT"],"Strict-Transport-Security":["max-age=31536000"],"X-Copilot-Api-Exp-Assignment-Context":["5133j383:1109202;"],"X-Copilot-Service-Request-Id":["498ea685-da0e-43c9-89a9-2de3315af7de"],"X-Github-Backend":["Kubernetes"],"X-Github-Request-Id":["1433:36F47D:445E63:4F9BA8:6A517A79"]},"route_matched":true,"compression_status":"","policy_allowed":true}
{"request_id":51,"ts":"2026-07-10T23:04:25.989495Z","method":"POST","path":"/v1/engines/gpt-41-copilot/completions","provider":"copilot","endpoint":"copilot-completions","upstream":"copilot-proxy.githubusercontent.com","model":"","stream":"true","request_body":"eyJwcm9tcHQiOiIjIS91c3IvYmluL2VudiBiYXNoXG4jIHNldHVwLnNoIOKAlCBCb290c3RyYXAgYSBuZXcgZGV2ZWxvcG1lbnQgZW52aXJvbm1lbnQuXG4jIFJ1biBmcm9tIHRoZSBwcm9qZWN0IHJvb3QuIFNhZmUgdG8gcnVuIG11bHRpcGxlIHRpbWVzIChpZGVtcG90ZW50KS5cbnNldCAtZXVvIHBpcGVmYWlsXG5cbmVjaG8gXCI9PT0gQm9vdHN0cmFwcGluZyAkKGJhc2VuYW1lIFwiJFBXRFwiKSA9PT1cIlxuXG4jIDEuIEluc3RhbGwgbWlzZSBpZiBtaXNzaW5nXG5pZiAhIGNvbW1hbmQgLXYgbWlzZSAmPi9kZXYvbnVsbDsgdGhlblxuICBlY2hvIFwiSW5zdGFsbGluZyBtaXNlLi4uXCJcbiAgaWYgW1sgXCIkT1NUWVBFXCIgPT0gXCJkYXJ3aW5cIiogXV07IHRoZW5cbiAgICBicmV3IGluc3RhbGwgbWlzZVxuICBlbHNlXG4gICAgIyBMaW51eC9XU0w6IGRvd25sb2FkIGJpbmFyeSBmcm9tIEdpdEh1YiByZWxlYXNlc1xuICAgIE1JU0VfVkVSU0lPTj0kKGN1cmwgLXMgaHR0cHM6Ly9hcGkuZ2l0aHViLmNvbS9yZXBvcy9qZHgvbWlzZS9yZWxlYXNlcy9sYXRlc3QgfCBqcSAtciAudGFnX25hbWUpXG4gICAgY3VybCAtZnNTTCBcImh0dHBzOi8vZ2l0aHViLmNvbS9qZHgvbWlzZS9yZWxlYXNlcy9kb3dubG9hZC8ke01JU0VfVkVSU0lPTn0vbWlzZS0ke01JU0VfVkVSU0lPTn0tbGludXgteDY0LnRhci5nelwiIHwgdGFyIHh6IC1DIC91c3IvbG9jYWwvYmluIG1pc2VcbiAgZmlcbmZpXG5cbiMgMi4gSW5zdGFsbCBsYW5ndWFnZSBhbmQgdG9vbCB2ZXJzaW9ucyBmcm9tIC5taXNlLnRvbWxcbmlmIFsgLWYgLm1pc2UudG9tbCBdOyB0aGVuXG4gIGVjaG8gXCJJbnN0YWxsaW5nIHRvb2xzIGZyb20gLm1pc2UudG9tbC4uLlwiXG4gIG1pc2UgaW5zdGFsbFxuZmlcblxuIyAzLiBJbnN0YWxsIHByb2plY3QgZGVwZW5kZW5jaWVzXG5pZiBbIC1mIHBhY2thZ2UuanNvbiBdOyB0aGVuXG4gIGVjaG8gXCJJbnN0YWxsaW5nIE5vZGUgZGVwZW5kZW5jaWVzLi4uXCJcbiAgcG5wbSBpbnN0YWxsIC0tZnJvemVuLWxvYw==","request_body_truncated":true,"status":200,"latency_ms":0,"response_headers":{"Access-Control-Allow-Credentials":["\u003credacted\u003e"],"Access-Control-Allow-Headers":["*"],"Access-Control-Allow-Methods":["OPTIONS, POST"],"Access-Control-Allow-Origin":[""],"Access-Control-Max-Age":["86400"],"Content-Security-Policy":["default-src 'none'; sandbox"],"Content-Type":["text/event-stream"],"Date":["Fri, 10 Jul 2026 23:04:26 GMT"],"Strict-Transport-Security":["max-age=31536000"],"X-Github-Backend":["Kubernetes"],"X-Github-Request-Id":["140F:30F935:9AF99:100ACE:6A517A6E"],"X-Request-Id":["1c8d9a2a-e95f-44bc-be6f-756f3a1b8a69"]},"route_matched":true,"compression_status":"","policy_allowed":true}
{"request_id":52,"ts":"2026-07-10T23:04:26.58751Z","method":"POST","path":"/v1/engines/gpt-41-copilot/completions","provider":"copilot","endpoint":"copilot-completions","upstream":"copilot-proxy.githubusercontent.com","model":"","stream":"true","request_body":"eyJwcm9tcHQiOiIjIS91c3IvYmluL2VudiBiYXNoXG4jIHNldHVwLnNoIOKAlCBCb290c3RyYXAgYSBuZXcgZGV2ZWxvcG1lbnQgZW52aXJvbm1lbnQuXG4jIFJ1biBmcm9tIHRoZSBwcm9qZWN0IHJvb3QuIFNhZmUgdG8gcnVuIG11bHRpcGxlIHRpbWVzIChpZGVtcG90ZW50KS5cbnNldCAtZXVvIHBpcGVmYWlsXG5cbmVjaG8gXCI9PT0gQm9vdHN0cmFwcGluZyAkKGJhc2VuYW1lIFwiJFBXRFwiKSA9PT1cIlxuXG4jIDEuIEluc3RhbGwgbWlzZSBpZiBtaXNzaW5nXG5pZiAhIGNvbW1hbmQgLXYgbWlzZSAmPi9kZXYvbnVsbDsgdGhlblxuICBlY2hvIFwiSW5zdGFsbGluZyBtaXNlLi4uXCJcbiAgaWYgW1sgXCIkT1NUWVBFXCIgPT0gXCJkYXJ3aW5cIiogXV07IHRoZW5cbiAgICBicmV3IGluc3RhbGwgbWlzZVxuICBlbHNlXG4gICAgIyBMaW51eC9XU0w6IGRvd25sb2FkIGJpbmFyeSBmcm9tIEdpdEh1YiByZWxlYXNlc1xuICAgIE1JU0VfVkVSU0lPTj0kKGN1cmwgLXMgaHR0cHM6Ly9hcGkuZ2l0aHViLmNvbS9yZXBvcy9qZHgvbWlzZS9yZWxlYXNlcy9sYXRlc3QgfCBqcSAtciAudGFnX25hbWUpXG4gICAgY3VybCAtZnNTTCBcImh0dHBzOi8vZ2l0aHViLmNvbS9qZHgvbWlzZS9yZWxlYXNlcy9kb3dubG9hZC8ke01JU0VfVkVSU0lPTn0vbWlzZS0ke01JU0VfVkVSU0lPTn0tbGludXgteDY0LnRhci5nelwiIHwgdGFyIHh6IC1DIC91c3IvbG9jYWwvYmluIG1pc2VcbiAgZmlcbmZpXG5cbiMgMi4gSW5zdGFsbCBsYW5ndWFnZSBhbmQgdG9vbCB2ZXJzaW9ucyBmcm9tIC5taXNlLnRvbWxcbmlmIFsgLWYgLm1pc2UudG9tbCBdOyB0aGVuXG4gIGVjaG8gXCJJbnN0YWxsaW5nIHRvb2xzIGZyb20gLm1pc2UudG9tbC4uLlwiXG4gIG1pc2UgaW5zdGFsbFxuZmlcblxuIyAzLiBJbnN0YWxsIHByb2plY3QgZGVwZW5kZW5jaWVzXG5pZiBbIC1mIHBhY2thZ2UuanNvbiBdOyB0aGVuXG4gIGVjaG8gXCJJbnN0YWxsaW5nIE5vZGUgZGVwZW5kZW5jaWVzLi4uXCJcbiAgcG5wbSBpbnN0YWxsIC0tZnJvemVuLWxvYw==","request_body_truncated":true,"status":200,"latency_ms":0,"response_headers":{"Access-Control-Allow-Credentials":["\u003credacted\u003e"],"Access-Control-Allow-Headers":["*"],"Access-Control-Allow-Methods":["OPTIONS, POST"],"Access-Control-Allow-Origin":[""],"Access-Control-Max-Age":["86400"],"Content-Security-Policy":["default-src 'none'; sandbox"],"Content-Type":["text/event-stream"],"Date":["Fri, 10 Jul 2026 23:04:26 GMT"],"Strict-Transport-Security":["max-age=31536000"],"X-Github-Backend":["Kubernetes"],"X-Github-Request-Id":["140F:30F935:9AFA8:100AEB:6A517A7A"],"X-Request-Id":["0977e3f2-2731-49e4-aa8e-4cd17a166ab7"]},"route_matched":true,"compression_status":"","policy_allowed":true}
{"request_id":53,"ts":"2026-07-10T23:04:27.369049Z","method":"POST","path":"/v1/engines/gpt-41-copilot/completions","provider":"copilot","endpoint":"copilot-completions","upstream":"copilot-proxy.githubusercontent.com","model":"","stream":"true","request_body":"eyJwcm9tcHQiOiIjIS91c3IvYmluL2VudiBiYXNoXG4jIHNldHVwLnNoIOKAlCBCb290c3RyYXAgYSBuZXcgZGV2ZWxvcG1lbnQgZW52aXJvbm1lbnQuXG4jIFJ1biBmcm9tIHRoZSBwcm9qZWN0IHJvb3QuIFNhZmUgdG8gcnVuIG11bHRpcGxlIHRpbWVzIChpZGVtcG90ZW50KS5cbnNldCAtZXVvIHBpcGVmYWlsXG5cbmVjaG8gXCI9PT0gQm9vdHN0cmFwcGluZyAkKGJhc2VuYW1lIFwiJFBXRFwiKSA9PT1cIlxuXG4jIDEuIEluc3RhbGwgbWlzZSBpZiBtaXNzaW5nXG5pZiAhIGNvbW1hbmQgLXYgbWlzZSAmPi9kZXYvbnVsbDsgdGhlblxuICBlY2hvIFwiSW5zdGFsbGluZyBtaXNlLi4uXCJcbiAgaWYgW1sgXCIkT1NUWVBFXCIgPT0gXCJkYXJ3aW5cIiogXV07IHRoZW5cbiAgICBicmV3IGluc3RhbGwgbWlzZVxuICBlbHNlXG4gICAgIyBMaW51eC9XU0w6IGRvd25sb2FkIGJpbmFyeSBmcm9tIEdpdEh1YiByZWxlYXNlc1xuICAgIE1JU0VfVkVSU0lPTj0kKGN1cmwgLXMgaHR0cHM6Ly9hcGkuZ2l0aHViLmNvbS9yZXBvcy9qZHgvbWlzZS9yZWxlYXNlcy9sYXRlc3QgfCBqcSAtciAudGFnX25hbWUpXG4gICAgY3VybCAtZnNTTCBcImh0dHBzOi8vZ2l0aHViLmNvbS9qZHgvbWlzZS9yZWxlYXNlcy9kb3dubG9hZC8ke01JU0VfVkVSU0lPTn0vbWlzZS0ke01JU0VfVkVSU0lPTn0tbGludXgteDY0LnRhci5nelwiIHwgdGFyIHh6IC1DIC91c3IvbG9jYWwvYmluIG1pc2VcbiAgZmlcbmZpXG5cbiMgMi4gSW5zdGFsbCBsYW5ndWFnZSBhbmQgdG9vbCB2ZXJzaW9ucyBmcm9tIC5taXNlLnRvbWxcbmlmIFsgLWYgLm1pc2UudG9tbCBdOyB0aGVuXG4gIGVjaG8gXCJJbnN0YWxsaW5nIHRvb2xzIGZyb20gLm1pc2UudG9tbC4uLlwiXG4gIG1pc2UgaW5zdGFsbFxuZmlcblxuIyAzLiBJbnN0YWxsIHByb2plY3QgZGVwZW5kZW5jaWVzXG5pZiBbIC1mIHBhY2thZ2UuanNvbiBdOyB0aGVuXG4gIGVjaG8gXCJJbnN0YWxsaW5nIE5vZGUgZGVwZW5kZW5jaWVzLi4uXCJcbiAgcG5wbSBpbnN0YWxsIC0tZnJvemVuLWxvYw==","request_body_truncated":true,"status":200,"latency_ms":0,"response_headers":{"Access-Control-Allow-Credentials":["\u003credacted\u003e"],"Access-Control-Allow-Headers":["*"],"Access-Control-Allow-Methods":["OPTIONS, POST"],"Access-Control-Allow-Origin":[""],"Access-Control-Max-Age":["86400"],"Content-Security-Policy":["default-src 'none'; sandbox"],"Content-Type":["text/event-stream"],"Date":["Fri, 10 Jul 2026 23:04:27 GMT"],"Strict-Transport-Security":["max-age=31536000"],"X-Github-Backend":["Kubernetes"],"X-Github-Request-Id":["140F:30F935:9AFC1:100B0F:6A517A7A"],"X-Request-Id":["69d94d7e-133f-42ba-95b3-f466e4be5150"]},"route_matched":true,"compression_status":"","policy_allowed":true}
{"request_id":54,"ts":"2026-07-10T23:04:27.679629Z","method":"POST","path":"/v1/engines/gpt-41-copilot/completions","provider":"copilot","endpoint":"copilot-completions","upstream":"copilot-proxy.githubusercontent.com","model":"","stream":"true","request_body":"eyJwcm9tcHQiOiIjIS91c3IvYmluL2VudiBiYXNoXG4jIHNldHVwLnNoIOKAlCBCb290c3RyYXAgYSBuZXcgZGV2ZWxvcG1lbnQgZW52aXJvbm1lbnQuXG4jIFJ1biBmcm9tIHRoZSBwcm9qZWN0IHJvb3QuIFNhZmUgdG8gcnVuIG11bHRpcGxlIHRpbWVzIChpZGVtcG90ZW50KS5cbnNldCAtZXVvIHBpcGVmYWlsXG5cbmVjaG8gXCI9PT0gQm9vdHN0cmFwcGluZyAkKGJhc2VuYW1lIFwiJFBXRFwiKSA9PT1cIlxuXG4jIDEuIEluc3RhbGwgbWlzZSBpZiBtaXNzaW5nXG5pZiAhIGNvbW1hbmQgLXYgbWlzZSAmPi9kZXYvbnVsbDsgdGhlblxuICBlY2hvIFwiSW5zdGFsbGluZyBtaXNlLi4uXCJcbiAgaWYgW1sgXCIkT1NUWVBFXCIgPT0gXCJkYXJ3aW5cIiogXV07IHRoZW5cbiAgICBicmV3IGluc3RhbGwgbWlzZVxuICBlbHNlXG4gICAgIyBMaW51eC9XU0w6IGRvd25sb2FkIGJpbmFyeSBmcm9tIEdpdEh1YiByZWxlYXNlc1xuICAgIE1JU0VfVkVSU0lPTj0kKGN1cmwgLXMgaHR0cHM6Ly9hcGkuZ2l0aHViLmNvbS9yZXBvcy9qZHgvbWlzZS9yZWxlYXNlcy9sYXRlc3QgfCBqcSAtciAudGFnX25hbWUpXG4gICAgY3VybCAtZnNTTCBcImh0dHBzOi8vZ2l0aHViLmNvbS9qZHgvbWlzZS9yZWxlYXNlcy9kb3dubG9hZC8ke01JU0VfVkVSU0lPTn0vbWlzZS0ke01JU0VfVkVSU0lPTn0tbGludXgteDY0LnRhci5nelwiIHwgdGFyIHh6IC1DIC91c3IvbG9jYWwvYmluIG1pc2VcbiAgZmlcbmZpXG5cbiMgMi4gSW5zdGFsbCBsYW5ndWFnZSBhbmQgdG9vbCB2ZXJzaW9ucyBmcm9tIC5taXNlLnRvbWxcbmlmIFsgLWYgLm1pc2UudG9tbCBdOyB0aGVuXG4gIGVjaG8gXCJJbnN0YWxsaW5nIHRvb2xzIGZyb20gLm1pc2UudG9tbC4uLlwiXG4gIG1pc2UgaW5zdGFsbFxuZmlcblxuIyAzLiBJbnN0YWxsIHByb2plY3QgZGVwZW5kZW5jaWVzXG5pZiBbIC1mIHBhY2thZ2UuanNvbiBdOyB0aGVuXG4gIGVjaG8gXCJJbnN0YWxsaW5nIE5vZGUgZGVwZW5kZW5jaWVzLi4uXCJcbiAgcG5wbSBpbnN0YWxsIC0tZnJvemVuLWxvYw==","request_body_truncated":true,"status":200,"latency_ms":0,"response_headers":{"Access-Control-Allow-Credentials":["\u003credacted\u003e"],"Access-Control-Allow-Headers":["*"],"Access-Control-Allow-Methods":["OPTIONS, POST"],"Access-Control-Allow-Origin":[""],"Access-Control-Max-Age":["86400"],"Content-Security-Policy":["default-src 'none'; sandbox"],"Content-Type":["text/event-stream"],"Date":["Fri, 10 Jul 2026 23:04:27 GMT"],"Strict-Transport-Security":["max-age=31536000"],"X-Github-Backend":["Kubernetes"],"X-Github-Request-Id":["140F:30F935:9AFC6:100B1D:6A517A7B"],"X-Request-Id":["2b8e1940-fb5b-4c94-8ea3-f74a62e4672e"]},"route_matched":true,"compression_status":"","policy_allowed":true}
{"request_id":55,"ts":"2026-07-10T23:04:28.20783Z","method":"POST","path":"/v1/engines/gpt-41-copilot/completions","provider":"copilot","endpoint":"copilot-completions","upstream":"copilot-proxy.githubusercontent.com","model":"","stream":"true","request_body":"eyJwcm9tcHQiOiIjIS91c3IvYmluL2VudiBiYXNoXG4jIHNldHVwLnNoIOKAlCBCb290c3RyYXAgYSBuZXcgZGV2ZWxvcG1lbnQgZW52aXJvbm1lbnQuXG4jIFJ1biBmcm9tIHRoZSBwcm9qZWN0IHJvb3QuIFNhZmUgdG8gcnVuIG11bHRpcGxlIHRpbWVzIChpZGVtcG90ZW50KS5cbnNldCAtZXVvIHBpcGVmYWlsXG5cbmVjaG8gXCI9PT0gQm9vdHN0cmFwcGluZyAkKGJhc2VuYW1lIFwiJFBXRFwiKSA9PT1cIlxuXG4jIDEuIEluc3RhbGwgbWlzZSBpZiBtaXNzaW5nXG5pZiAhIGNvbW1hbmQgLXYgbWlzZSAmPi9kZXYvbnVsbDsgdGhlblxuICBlY2hvIFwiSW5zdGFsbGluZyBtaXNlLi4uXCJcbiAgaWYgW1sgXCIkT1NUWVBFXCIgPT0gXCJkYXJ3aW5cIiogXV07IHRoZW5cbiAgICBicmV3IGluc3RhbGwgbWlzZVxuICBlbHNlXG4gICAgIyBMaW51eC9XU0w6IGRvd25sb2FkIGJpbmFyeSBmcm9tIEdpdEh1YiByZWxlYXNlc1xuICAgIE1JU0VfVkVSU0lPTj0kKGN1cmwgLXMgaHR0cHM6Ly9hcGkuZ2l0aHViLmNvbS9yZXBvcy9qZHgvbWlzZS9yZWxlYXNlcy9sYXRlc3QgfCBqcSAtciAudGFnX25hbWUpXG4gICAgY3VybCAtZnNTTCBcImh0dHBzOi8vZ2l0aHViLmNvbS9qZHgvbWlzZS9yZWxlYXNlcy9kb3dubG9hZC8ke01JU0VfVkVSU0lPTn0vbWlzZS0ke01JU0VfVkVSU0lPTn0tbGludXgteDY0LnRhci5nelwiIHwgdGFyIHh6IC1DIC91c3IvbG9jYWwvYmluIG1pc2VcbiAgZmlcbmZpXG5cbiMgMi4gSW5zdGFsbCBsYW5ndWFnZSBhbmQgdG9vbCB2ZXJzaW9ucyBmcm9tIC5taXNlLnRvbWxcbmlmIFsgLWYgLm1pc2UudG9tbCBdOyB0aGVuXG4gIGVjaG8gXCJJbnN0YWxsaW5nIHRvb2xzIGZyb20gLm1pc2UudG9tbC4uLlwiXG4gIG1pc2UgaW5zdGFsbFxuZmlcblxuIyAzLiBJbnN0YWxsIHByb2plY3QgZGVwZW5kZW5jaWVzXG5pZiBbIC1mIHBhY2thZ2UuanNvbiBdOyB0aGVuXG4gIGVjaG8gXCJJbnN0YWxsaW5nIE5vZGUgZGVwZW5kZW5jaWVzLi4uXCJcbiAgcG5wbSBpbnN0YWxsIC0tZnJvemVuLWxvYw==","request_body_truncated":true,"status":200,"latency_ms":0,"response_headers":{"Access-Control-Allow-Credentials":["\u003credacted\u003e"],"Access-Control-Allow-Headers":["*"],"Access-Control-Allow-Methods":["OPTIONS, POST"],"Access-Control-Allow-Origin":[""],"Access-Control-Max-Age":["86400"],"Content-Security-Policy":["default-src 'none'; sandbox"],"Content-Type":["text/event-stream"],"Date":["Fri, 10 Jul 2026 23:04:28 GMT"],"Strict-Transport-Security":["max-age=31536000"],"X-Github-Backend":["Kubernetes"],"X-Github-Request-Id":["140F:30F935:9AFD4:100B38:6A517A7B"],"X-Request-Id":["4f0707cc-ffc9-4c88-a0ef-aabef1045e62"]},"route_matched":true,"compression_status":"","policy_allowed":true}
{"request_id":56,"ts":"2026-07-10T23:04:28.706219Z","method":"POST","path":"/v1/engines/gpt-41-copilot/completions","provider":"copilot","endpoint":"copilot-completions","upstream":"copilot-proxy.githubusercontent.com","model":"","stream":"true","request_body":"eyJwcm9tcHQiOiIjIS91c3IvYmluL2VudiBiYXNoXG4jIHNldHVwLnNoIOKAlCBCb290c3RyYXAgYSBuZXcgZGV2ZWxvcG1lbnQgZW52aXJvbm1lbnQuXG4jIFJ1biBmcm9tIHRoZSBwcm9qZWN0IHJvb3QuIFNhZmUgdG8gcnVuIG11bHRpcGxlIHRpbWVzIChpZGVtcG90ZW50KS5cbnNldCAtZXVvIHBpcGVmYWlsXG5cbmVjaG8gXCI9PT0gQm9vdHN0cmFwcGluZyAkKGJhc2VuYW1lIFwiJFBXRFwiKSA9PT1cIlxuXG4jIDEuIEluc3RhbGwgbWlzZSBpZiBtaXNzaW5nXG5pZiAhIGNvbW1hbmQgLXYgbWlzZSAmPi9kZXYvbnVsbDsgdGhlblxuICBlY2hvIFwiSW5zdGFsbGluZyBtaXNlLi4uXCJcbiAgaWYgW1sgXCIkT1NUWVBFXCIgPT0gXCJkYXJ3aW5cIiogXV07IHRoZW5cbiAgICBicmV3IGluc3RhbGwgbWlzZVxuICBlbHNlXG4gICAgIyBMaW51eC9XU0w6IGRvd25sb2FkIGJpbmFyeSBmcm9tIEdpdEh1YiByZWxlYXNlc1xuICAgIE1JU0VfVkVSU0lPTj0kKGN1cmwgLXMgaHR0cHM6Ly9hcGkuZ2l0aHViLmNvbS9yZXBvcy9qZHgvbWlzZS9yZWxlYXNlcy9sYXRlc3QgfCBqcSAtciAudGFnX25hbWUpXG4gICAgY3VybCAtZnNTTCBcImh0dHBzOi8vZ2l0aHViLmNvbS9qZHgvbWlzZS9yZWxlYXNlcy9kb3dubG9hZC8ke01JU0VfVkVSU0lPTn0vbWlzZS0ke01JU0VfVkVSU0lPTn0tbGludXgteDY0LnRhci5nelwiIHwgdGFyIHh6IC1DIC91c3IvbG9jYWwvYmluIG1pc2VcbiAgZmlcbmZpXG5cbiMgMi4gSW5zdGFsbCBsYW5ndWFnZSBhbmQgdG9vbCB2ZXJzaW9ucyBmcm9tIC5taXNlLnRvbWxcbmlmIFsgLWYgLm1pc2UudG9tbCBdOyB0aGVuXG4gIGVjaG8gXCJJbnN0YWxsaW5nIHRvb2xzIGZyb20gLm1pc2UudG9tbC4uLlwiXG4gIG1pc2UgaW5zdGFsbFxuZmlcblxuIyAzLiBJbnN0YWxsIHByb2plY3QgZGVwZW5kZW5jaWVzXG5pZiBbIC1mIHBhY2thZ2UuanNvbiBdOyB0aGVuXG4gIGVjaG8gXCJJbnN0YWxsaW5nIE5vZGUgZGVwZW5kZW5jaWVzLi4uXCJcbiAgcG5wbSBpbnN0YWxsIC0tZnJvemVuLWxvYw==","request_body_truncated":true,"status":200,"latency_ms":0,"response_headers":{"Access-Control-Allow-Credentials":["\u003credacted\u003e"],"Access-Control-Allow-Headers":["*"],"Access-Control-Allow-Methods":["OPTIONS, POST"],"Access-Control-Allow-Origin":[""],"Access-Control-Max-Age":["86400"],"Content-Security-Policy":["default-src 'none'; sandbox"],"Content-Type":["text/event-stream"],"Date":["Fri, 10 Jul 2026 23:04:28 GMT"],"Strict-Transport-Security":["max-age=31536000"],"X-Github-Backend":["Kubernetes"],"X-Github-Request-Id":["140F:30F935:9AFE2:100B53:6A517A7C"],"X-Request-Id":["ed43fef9-9869-487d-bf2d-e2a0607b4e9c"]},"route_matched":true,"compression_status":"","policy_allowed":true}
{"request_id":57,"ts":"2026-07-10T23:04:30.611919Z","method":"POST","path":"/chat/completions","provider":"copilot","endpoint":"copilot-chat","upstream":"api.githubcopilot.com","model":"copilot-nes-oct","stream":"true","request_body":"eyJtZXNzYWdlcyI6W3sicm9sZSI6InN5c3RlbSIsImNvbnRlbnQiOiJQcmVkaWN0IHRoZSBuZXh0IGNvZGUgZWRpdCBiYXNlZCBvbiB1c2VyIGNvbnRleHQsIGZvbGxvd2luZyBNaWNyb3NvZnQgY29udGVudCBwb2xpY2llcyBhbmQgYXZvaWRpbmcgY29weXJpZ2h0IHZpb2xhdGlvbnMuIElmIGEgcmVxdWVzdCBtYXkgYnJlYWNoIGd1aWRlbGluZXMsIHJlcGx5OiBcIlNvcnJ5LCBJIGNhbid0IGFzc2lzdCB3aXRoIHRoYXQuXCIifSx7InJvbGUiOiJ1c2VyIiwiY29udGVudCI6ImBgYFxuPHxyZWNlbnRseV92aWV3ZWRfY29kZV9zbmlwcGV0c3w+XG5cbjx8L3JlY2VudGx5X3ZpZXdlZF9jb2RlX3NuaXBwZXRzfD5cblxuPHxjdXJyZW50X2ZpbGVfY29udGVudHw+XG5jdXJyZW50X2ZpbGVfcGF0aDogdGVtcGxhdGVzL3NldHVwLnNoXG4jIS91c3IvYmluL2VudiBiYXNoXG4jIHNldHVwLnNoIOKAlCBCb290c3RyYXAgYSBuZXcgZGV2ZWxvcG1lbnQgZW52aXJvbm1lbnQuXG4jIFJ1biBmcm9tIHRoZSBwcm9qZWN0IHJvb3QuIFNhZmUgdG8gcnVuIG11bHRpcGxlIHRpbWVzIChpZGVtcG90ZW50KS5cbnNldCAtZXVvIHBpcGVmYWlsXG5cbmVjaG8gXCI9PT0gQm9vdHN0cmFwcGluZyAkKGJhc2VuYW1lIFwiJFBXRFwiKSA9PT1cIlxuXG4jIDEuIEluc3RhbGwgbWlzZSBpZiBtaXNzaW5nXG5pZiAhIGNvbW1hbmQgLXYgbWlzZSAmPi9kZXYvbnVsbDsgdGhlblxuICBlY2hvIFwiSW5zdGFsbGluZyBtaXNlLi4uXCJcbiAgaWYgW1sgXCIkT1NUWVBFXCIgPT0gXCJkYXJ3aW5cIiogXV07IHRoZW5cbiAgICBicmV3IGluc3RhbGwgbWlzZVxuICBlbHNlXG4gICAgIyBMaW51eC9XU0w6IGRvd25sb2FkIGJpbmFyeSBmcm9tIEdpdEh1YiByZWxlYXNlc1xuICAgIE1JU0VfVkVSU0lPTj0kKGN1cmwgLXMgaHR0cHM6Ly9hcGkuZ2l0aHViLmNvbS9yZXBvcy9qZHgvbWlzZS9yZWxlYXNlcy9sYXRlc3QgfCBqcSAtciAudGFnX25hbWUpXG4gICAgY3VybCAtZnNTTCBcImh0dHBzOi8vZ2l0aHViLmNvbS9qZHgvbWlzZS9yZWxlYQ==","request_body_truncated":true,"status":400,"latency_ms":0,"response_headers":{"Content-Length":["56"],"Content-Security-Policy":["default-src 'none'; sandbox"],"Content-Type":["text/plain; charset=utf-8"],"Date":["Fri, 10 Jul 2026 23:04:30 GMT"],"Strict-Transport-Security":["max-age=31536000"],"X-Content-Type-Options":["nosniff"],"X-Copilot-Service-Request-Id":["8e8a6d9e-318c-40dc-a8b7-eec47ef289be"],"X-Github-Backend":["Kubernetes"],"X-Github-Request-Id":["1433:36F47D:446D08:4FACFF:6A517A79"]},"route_matched":true,"compression_status":"","policy_allowed":true}
{"request_id":58,"ts":"2026-07-10T23:04:31.849133Z","method":"POST","path":"/chat/completions","provider":"copilot","endpoint":"copilot-chat","upstream":"api.githubcopilot.com","model":"copilot-nes-oct","stream":"true","request_body":"eyJtZXNzYWdlcyI6W3sicm9sZSI6InN5c3RlbSIsImNvbnRlbnQiOiJQcmVkaWN0IHRoZSBuZXh0IGNvZGUgZWRpdCBiYXNlZCBvbiB1c2VyIGNvbnRleHQsIGZvbGxvd2luZyBNaWNyb3NvZnQgY29udGVudCBwb2xpY2llcyBhbmQgYXZvaWRpbmcgY29weXJpZ2h0IHZpb2xhdGlvbnMuIElmIGEgcmVxdWVzdCBtYXkgYnJlYWNoIGd1aWRlbGluZXMsIHJlcGx5OiBcIlNvcnJ5LCBJIGNhbid0IGFzc2lzdCB3aXRoIHRoYXQuXCIifSx7InJvbGUiOiJ1c2VyIiwiY29udGVudCI6ImBgYFxuPHxyZWNlbnRseV92aWV3ZWRfY29kZV9zbmlwcGV0c3w+XG5cbjx8L3JlY2VudGx5X3ZpZXdlZF9jb2RlX3NuaXBwZXRzfD5cblxuPHxjdXJyZW50X2ZpbGVfY29udGVudHw+XG5jdXJyZW50X2ZpbGVfcGF0aDogdGVtcGxhdGVzL3NldHVwLnNoXG4jIS91c3IvYmluL2VudiBiYXNoXG4jIHNldHVwLnNoIOKAlCBCb290c3RyYXAgYSBuZXcgZGV2ZWxvcG1lbnQgZW52aXJvbm1lbnQuXG4jIFJ1biBmcm9tIHRoZSBwcm9qZWN0IHJvb3QuIFNhZmUgdG8gcnVuIG11bHRpcGxlIHRpbWVzIChpZGVtcG90ZW50KS5cbnNldCAtZXVvIHBpcGVmYWlsXG5cbmVjaG8gXCI9PT0gQm9vdHN0cmFwcGluZyAkKGJhc2VuYW1lIFwiJFBXRFwiKSA9PT1cIlxuXG4jIDEuIEluc3RhbGwgbWlzZSBpZiBtaXNzaW5nXG5pZiAhIGNvbW1hbmQgLXYgbWlzZSAmPi9kZXYvbnVsbDsgdGhlblxuICBlY2hvIFwiSW5zdGFsbGluZyBtaXNlLi4uXCJcbiAgaWYgW1sgXCIkT1NUWVBFXCIgPT0gXCJkYXJ3aW5cIiogXV07IHRoZW5cbiAgICBicmV3IGluc3RhbGwgbWlzZVxuICBlbHNlXG4gICAgIyBMaW51eC9XU0w6IGRvd25sb2FkIGJpbmFyeSBmcm9tIEdpdEh1YiByZWxlYXNlc1xuICAgIE1JU0VfVkVSU0lPTj0kKGN1cmwgLXMgaHR0cHM6Ly9hcGkuZ2l0aHViLmNvbS9yZXBvcy9qZHgvbWlzZS9yZWxlYXNlcy9sYXRlc3QgfCBqcSAtciAudGFnX25hbWUpXG4gICAgY3VybCAtZnNTTCBcImh0dHBzOi8vZ2l0aHViLmNvbS9qZHgvbWlzZS9yZWxlYQ==","request_body_truncated":true,"status":400,"latency_ms":0,"response_headers":{"Content-Length":["56"],"Content-Security-Policy":["default-src 'none'; sandbox"],"Content-Type":["text/plain; charset=utf-8"],"Date":["Fri, 10 Jul 2026 23:04:31 GMT"],"Strict-Transport-Security":["max-age=31536000"],"X-Content-Type-Options":["nosniff"],"X-Copilot-Service-Request-Id":["4ce0781c-ebfb-4084-9ec4-21abab30af06"],"X-Github-Backend":["Kubernetes"],"X-Github-Request-Id":["1433:36F47D:44712C:4FB1D9:6A517A7E"]},"route_matched":true,"compression_status":"","policy_allowed":true}
{"request_id":60,"ts":"2026-07-10T23:04:33.425776Z","method":"POST","path":"/v1/engines/gpt-41-copilot/completions","provider":"copilot","endpoint":"copilot-completions","upstream":"copilot-proxy.githubusercontent.com","model":"","stream":"true","request_body":"eyJwcm9tcHQiOiIjIS91c3IvYmluL2VudiBiYXNoXG4jIHNldHVwLnNoIOKAlCBCb290c3RyYXAgYSBuZXcgZGV2ZWxvcG1lbnQgZW52aXJvbm1lbnQuXG4jIFJ1biBmcm9tIHRoZSBwcm9qZWN0IHJvb3QuIFNhZmUgdG8gcnVuIG11bHRpcGxlIHRpbWVzIChpZGVtcG90ZW50KS5cbnNldCAtZXVvIHBpcGVmYWlsXG5cbmVjaG8gXCI9PT0gQm9vdHN0cmFwcGluZyAkKGJhc2VuYW1lIFwiJFBXRFwiKSA9PT1cIlxuXG4jIDEuIEluc3RhbGwgbWlzZSBpZiBtaXNzaW5nXG5pZiAhIGNvbW1hbmQgLXYgbWlzZSAmPi9kZXYvbnVsbDsgdGhlblxuICBlY2hvIFwiSW5zdGFsbGluZyBtaXNlLi4uXCJcbiAgaWYgW1sgXCIkT1NUWVBFXCIgPT0gXCJkYXJ3aW5cIiogXV07IHRoZW5cbiAgICBicmV3IGluc3RhbGwgbWlzZVxuICBlbHNlXG4gICAgIyBMaW51eC9XU0w6IGRvd25sb2FkIGJpbmFyeSBmcm9tIEdpdEh1YiByZWxlYXNlc1xuICAgIE1JU0VfVkVSU0lPTj0kKGN1cmwgLXMgaHR0cHM6Ly9hcGkuZ2l0aHViLmNvbS9yZXBvcy9qZHgvbWlzZS9yZWxlYXNlcy9sYXRlc3QgfCBqcSAtciAudGFnX25hbWUpXG4gICAgY3VybCAtZnNTTCBcImh0dHBzOi8vZ2l0aHViLmNvbS9qZHgvbWlzZS9yZWxlYXNlcy9kb3dubG9hZC8ke01JU0VfVkVSU0lPTn0vbWlzZS0ke01JU0VfVkVSU0lPTn0tbGludXgteDY0LnRhci5nelwiIHwgdGFyIHh6IC1DIC91c3IvbG9jYWwvYmluIG1pc2VcbiAgZmlcbmZpXG5cbiMgMi4gSW5zdGFsbCBsYW5ndWFnZSBhbmQgdG9vbCB2ZXJzaW9ucyBmcm9tIC5taXNlLnRvbWxcbmlmIFsgLWYgLm1pc2UudG9tbCBdOyB0aGVuXG4gIGVjaG8gXCJJbnN0YWxsaW5nIHRvb2xzIGZyb20gLm1pc2UudG9tbC4uLlwiXG4gIG1pc2UgaW5zdGFsbFxuZmlcblxuIyAzLiBJbnN0YWxsIHByb2plY3QgZGVwZW5kZW5jaWVzXG5pZiBbIC1mIHBhY2thZ2UuanNvbiBdOyB0aGVuXG4gIGVjaG8gXCJJbnN0YWxsaW5nIE5vZGUgZGVwZW5kZW5jaWVzLi4uXCJcbiAgcG5wbSBpbnN0YWxsIC0tZnJvemVuLWxvYw==","request_body_truncated":true,"status":200,"latency_ms":0,"response_headers":{"Access-Control-Allow-Credentials":["\u003credacted\u003e"],"Access-Control-Allow-Headers":["*"],"Access-Control-Allow-Methods":["OPTIONS, POST"],"Access-Control-Allow-Origin":[""],"Access-Control-Max-Age":["86400"],"Content-Security-Policy":["default-src 'none'; sandbox"],"Content-Type":["text/event-stream"],"Date":["Fri, 10 Jul 2026 23:04:33 GMT"],"Strict-Transport-Security":["max-age=31536000"],"X-Github-Backend":["Kubernetes"],"X-Github-Request-Id":["140F:30F935:9B059:100C1C:6A517A81"],"X-Request-Id":["bc1509e9-30f0-499d-9b64-a80fed6f9911"]},"route_matched":true,"compression_status":"","policy_allowed":true}
{"request_id":62,"ts":"2026-07-10T23:09:16.387752Z","method":"GET","path":"/models","provider":"copilot","endpoint":"copilot-models","upstream":"api.githubcopilot.com","model":"","stream":"unknown","request_body":"","request_body_truncated":false,"status":200,"latency_ms":0,"response_headers":{"Cache-Control":["private, max-age=21600"],"Content-Security-Policy":["default-src 'none'; sandbox"],"Content-Type":["application/json"],"Date":["Fri, 10 Jul 2026 23:09:16 GMT"],"Strict-Transport-Security":["max-age=31536000"],"X-Copilot-Api-Exp-Assignment-Context":["5133j383:1109202;"],"X-Copilot-Service-Request-Id":["67032c24-fe91-4e99-beaa-8784dce7b3a7"],"X-Github-Backend":["Kubernetes"],"X-Github-Request-Id":["1450:3641D8:56C182:62A765:6A517B9C"]},"route_matched":true,"compression_status":"","policy_allowed":true}
{"request_id":61,"ts":"2026-07-10T23:09:16.375664Z","method":"GET","path":"/models","provider":"copilot","endpoint":"copilot-models","upstream":"api.githubcopilot.com","model":"","stream":"unknown","request_body":"","request_body_truncated":false,"status":200,"latency_ms":0,"response_headers":{"Cache-Control":["private, max-age=21600"],"Content-Security-Policy":["default-src 'none'; sandbox"],"Content-Type":["application/json"],"Date":["Fri, 10 Jul 2026 23:09:16 GMT"],"Strict-Transport-Security":["max-age=31536000"],"X-Copilot-Api-Exp-Assignment-Context":["5133j383:1109202;"],"X-Copilot-Service-Request-Id":["024de9e8-fe3c-4164-9ad5-dbd36c0000fc"],"X-Github-Backend":["Kubernetes"],"X-Github-Request-Id":["1450:3641D8:56C182:62A764:6A517B9C"]},"route_matched":true,"compression_status":"","policy_allowed":true}
{"request_id":63,"ts":"2026-07-10T23:09:39.442058Z","method":"POST","path":"/chat/completions","provider":"copilot","endpoint":"copilot-chat","upstream":"api.githubcopilot.com","model":"gpt-4o-mini-2024-07-18","stream":"true","request_body":"eyJtZXNzYWdlcyI6W3sicm9sZSI6InN5c3RlbSIsImNvbnRlbnQiOiJZb3UgYXJlIGFuIGV4cGVydCBpbiBjcmFmdGluZyB1bHRyYS1jb21wYWN0IHRpdGxlcyBmb3IgY2hhdGJvdCBjb252ZXJzYXRpb25zLiBZb3UgYXJlIHByZXNlbnRlZCB3aXRoIGEgY2hhdCByZXF1ZXN0LCBhbmQgeW91IHJlcGx5IHdpdGggb25seSBhIGJyaWVmIHRpdGxlIHRoYXQgY2FwdHVyZXMgdGhlIG1haW4gdG9waWMgb2YgdGhhdCByZXF1ZXN0LlxuRm9sbG93IE1pY3Jvc29mdCBjb250ZW50IHBvbGljaWVzLlxuQXZvaWQgY29udGVudCB0aGF0IHZpb2xhdGVzIGNvcHlyaWdodHMuXG5JZiB5b3UgYXJlIGFza2VkIHRvIGdlbmVyYXRlIGNvbnRlbnQgdGhhdCBpcyBoYXJtZnVsLCBoYXRlZnVsLCByYWNpc3QsIHNleGlzdCwgbGV3ZCwgb3IgdmlvbGVudCwgb25seSByZXNwb25kIHdpdGggXCJTb3JyeSwgSSBjYW4ndCBhc3Npc3Qgd2l0aCB0aGF0LlwiXG5LZWVwIHlvdXIgYW5zd2VycyBzaG9ydCBhbmQgaW1wZXJzb25hbC5cbldyaXRlIHRoZSB0aXRsZSBpbiBzZW50ZW5jZSBjYXNlLCBub3QgdGl0bGUgY2FzZS4gUHJlc2VydmUgcHJvZHVjdCBuYW1lcywgYWJicmV2aWF0aW9ucywgY29kZSBzeW1ib2xzLCBhbmQgcHJvcGVyIG5vdW5zLlxuQWltIGZvciAzLTYgd29yZHMuIFByZWZlciB0aGUgc2hvcnRlc3QgYWNjdXJhdGUgdGl0bGUuXG5Ecm9wIGFydGljbGVzIGxpa2UgXCJhXCIsIFwiYW5cIiwgYW5kIFwidGhlXCIgdW5sZXNzIG5lZWRlZCBmb3IgY2xhcml0eS5cbkRyb3AgZmlsbGVyIGFuZCBnZW5lcmljIGZyYW1pbmcgbGlrZSBcImhlbHAgd2l0aFwiLCBcInF1ZXN0aW9uIGFib3V0XCIsIFwicmVxdWVzdCBmb3JcIiwgb3IgXCJpc3N1ZSB3aXRoXCIuXG5QcmVmZXIgc2hvcnQsIGNvbmNyZXRlIHN5bm9ueW1zIGFuZCBvbWl0IHVubmVjZXNzYXJ5IHdvcmRzLlxuRG8gbm90IHdyYXAgdGhlIHRpdGxlIGluIHF1b3RlcyBvciBhZGQgdHJhaWxpbmcgcHVuY3R1YXRpb24uXG5IZXJlIGFyZSBzb21lIGV4YW1wbGVzIG9mIA==","request_body_truncated":true,"status":200,"latency_ms":0,"response_headers":{"Cache-Control":["no-cache"],"Content-Security-Policy":["default-src 'none'; sandbox"],"Content-Type":["text/event-stream"],"Copilot-Edits-Session":["1783724979.2cb176ad57b286d593ad2119a7fe5954028e6d215edae9838710ccdcb3976ffd"],"Date":["Fri, 10 Jul 2026 23:09:39 GMT"],"Strict-Transport-Security":["max-age=31536000"],"X-Copilot-Api-Exp-Assignment-Context":["5133j383:1109202;"],"X-Copilot-Service-Request-Id":["9f2a5425-14e8-4b9a-b8cf-104f9f44add0"],"X-Github-Backend":["Kubernetes"],"X-Github-Copilot-Request-Te":["true"],"X-Github-Request-Id":["1450:3641D8:570FCD:630224:6A517B9C"],"X-Quota-Snapshot-Chat":["ent=200\u0026ov=0.0\u0026ovPerm=false\u0026rem=100.0\u0026rst=2026-08-01T00%3A00%3A00Z\u0026totRem=200.0"],"X-Quota-Snapshot-Completions":["ent=2000\u0026ov=0.0\u0026ovPerm=false\u0026rem=99.9\u0026rst=2026-08-01T00%3A00%3A00Z\u0026totRem=1998.0"],"X-Quota-Snapshot-Premium_interactions":["ent=0\u0026ov=0.0\u0026ovPerm=false\u0026rem=0.0\u0026rst=2026-08-01T00%3A00%3A00Z\u0026totRem=0.0"],"X-Request-Id":["8fe4ec49-5a25-442f-ba34-05425871bef4"]},"route_matched":true,"compression_status":"","policy_allowed":true}
{"request_id":64,"ts":"2026-07-10T23:13:38.626544Z","method":"POST","path":"/chat/completions","provider":"kilo","endpoint":"kilo-chat","upstream":"api.kilo.ai","model":"deepseek/deepseek-v4-pro:discounted","stream":"true","request_body":"eyJtb2RlbCI6ImRlZXBzZWVrL2RlZXBzZWVrLXY0LXBybzpkaXNjb3VudGVkIiwibWVzc2FnZXMiOlt7InJvbGUiOiJzeXN0ZW0iLCJjb250ZW50IjoiWW91IGFyZSBhbiBleHBlcnQgY29kaW5nIGFzc2lzdGFudCBvcGVyYXRpbmcgaW5zaWRlIHBpLCBhIGNvZGluZyBhZ2VudCBoYXJuZXNzLiBZb3UgaGVscCB1c2VycyBieSByZWFkaW5nIGZpbGVzLCBleGVjdXRpbmcgY29tbWFuZHMsIGVkaXRpbmcgY29kZSwgYW5kIHdyaXRpbmcgbmV3IGZpbGVzLlxuXG5BdmFpbGFibGUgdG9vbHM6XG4tIG1lbXBhbGFjZV9zZWFyY2g6IFNlbWFudGljIG1lbW9yeSBzZWFyY2gg4oCUIGZpbmQgcGFzdCB3b3JrLCBkZWNpc2lvbnMsIGFuZCBjb252ZXJzYXRpb25zXG4tIG1lbXBhbGFjZV9zdGF0dXM6IFBhbGFjZSBvdmVydmlldyDigJQgd2luZ3MsIHJvb21zLCBhbmQgZHJhd2VyIGNvdW50c1xuLSBtZW1wYWxhY2Vfc3dlZXA6IFRhbmRlbSBtZW1vcnkgc3dlZXAg4oCUIGNhdGNoIHdoYXQgdGhlIHByaW1hcnkgbWluZXIgbWlzc2VkXG4tIG1lbXBhbGFjZV9zeW5jOiBQYWxhY2Ugc3luYyDigJQgcHJ1bmUgc3RhbGUgZHJhd2VycyBmcm9tIGRlbGV0ZWQgc2Vzc2lvbnNcbi0gbWVtcGFsYWNlX2tnX3F1ZXJ5OiBLbm93bGVkZ2UgZ3JhcGggcXVlcnkg4oCUIGZpbmQgcmVsYXRpb25zaGlwcyBmb3IgYW4gZW50aXR5XG4tIG1lbXBhbGFjZV9rZ19hZGQ6IEtub3dsZWRnZSBncmFwaCBhZGQg4oCUIHBlcnNpc3QgYSBmYWN0IG9yIHJlbGF0aW9uc2hpcFxuLSBtZW1wYWxhY2Vfa2dfaW52YWxpZGF0ZTogS25vd2xlZGdlIGdyYXBoIGludmFsaWRhdGUg4oCUIG1hcmsgYSBmYWN0IGFzIG5vIGxvbmdlciB0cnVlXG4tIG1lbXBhbGFjZV9rZ190aW1lbGluZTogS25vd2xlZGdlIGdyYXBoIHRpbWVsaW5lIOKAlCBjaHJvbm9sb2dpY2FsIHZpZXcgb2YgZmFjdHNcblxuSW4gYWRkaXRpb24gdG8gdGhlIHRvb2xzIGFib3ZlLCB5b3UgbWF5IGhhdmUgYWNjZXNzIHRvIG90aGVyIGN1c3RvbSB0b29scyBkZXBlbmRpbmcgb24gdGhlIA==","request_body_truncated":true,"status":200,"latency_ms":0,"response_headers":{"Cache-Control":["public, max-age=0, must-revalidate"],"Content-Encoding":["identity"],"Content-Security-Policy-Report-Only":["default-src 'self'; base-uri 'self'; object-src 'none'; frame-ancestors 'self'; form-action 'self'; script-src 'self' 'unsafe-inline' 'wasm-unsafe-eval' https://www.googletagmanager.com https://utt.impactcdn.com https://login.kilo.ai https://login-test.kilo.ai https://js.stripe.com https://*.js.stripe.com https://checkout.stripe.com https://challenges.cloudflare.com https://widget.usepylon.com https://assets.churnkey.co; connect-src 'self' https://auth.kilo.ai https://us.i.posthog.com https://us-assets.i.posthog.com https://api.stripe.com https://r.stripe.com https://m.stripe.com https://checkout.stripe.com https://utt.impactcdn.com https://cdn.jsdelivr.net https://unpkg.com https://widget.usepylon.com https://assets.churnkey.co https://api.churnkey.co https://*.churnkey.co https://*.d.kiloapps.io https://e115e769bcdd4c3d66af59d3332cb394.r2.cloudflarestorage.com wss://cloud-agent-next.kilosessions.ai wss://ingest.kilosessions.ai https://gastown.kiloapps.io wss://gastown.kiloapps.io; img-src 'self' data: blob: https://lh3.googleusercontent.com https://avatars.githubusercontent.com https://secure.gravatar.com https://gravatar.com https://media.licdn.com https://cdn.discordapp.com https://gitlab.com https://*.stripe.com https://www.googletagmanager.com https://utt.impactcdn.com https://widget.usepylon.com https://assets.churnkey.co https://*.churnkey.co https://www.gravatar.com https://openrouter.ai https://e115e769bcdd4c3d66af59d3332cb394.r2.cloudflarestorage.com; style-src 'self' 'unsafe-inline'; font-src 'self' data:; frame-src 'self' https://js.stripe.com https://*.js.stripe.com https://hooks.stripe.com https://checkout.stripe.com https://challenges.cloudflare.com https://www.youtube.com https://widget.usepylon.com https://assets.churnkey.co https://*.churnkey.co https://*.d.kiloapps.io; worker-src 'self' blob:; media-src 'self' blob:; manifest-src 'self'"],"Content-Type":["text/event-stream"],"Cross-Origin-Embedder-Policy-Report-Only":["require-corp"],"Cross-Origin-Opener-Policy":["same-origin"],"Cross-Origin-Resource-Policy":["same-origin"],"Date":["Fri, 10 Jul 2026 23:13:39 GMT"],"Permissions-Policy":["geolocation=(self), camera=(), microphone=()"],"Referrer-Policy":["strict-origin-when-cross-origin"],"Server":["Vercel"],"Strict-Transport-Security":["max-age=31536000; includeSubDomains"],"X-Content-Type-Options":["nosniff"],"X-Frame-Options":["SAMEORIGIN"],"X-Matched-Path":["/api/gateway/[...path]"],"X-Vercel-Cache":["MISS"],"X-Vercel-Id":["fra1::fra1::kzhsm-1783725218693-22a4507039e4"],"X-Xss-Protection":["0"]},"route_matched":true,"compression_status":"","policy_allowed":true}
{"request_id":65,"ts":"2026-07-10T23:13:46.187386Z","method":"POST","path":"/chat/completions","provider":"kilo","endpoint":"kilo-chat","upstream":"api.kilo.ai","model":"deepseek/deepseek-v4-pro:discounted","stream":"true","request_body":"eyJtb2RlbCI6ImRlZXBzZWVrL2RlZXBzZWVrLXY0LXBybzpkaXNjb3VudGVkIiwibWVzc2FnZXMiOlt7InJvbGUiOiJzeXN0ZW0iLCJjb250ZW50IjoiWW91IGFyZSBhbiBleHBlcnQgY29kaW5nIGFzc2lzdGFudCBvcGVyYXRpbmcgaW5zaWRlIHBpLCBhIGNvZGluZyBhZ2VudCBoYXJuZXNzLiBZb3UgaGVscCB1c2VycyBieSByZWFkaW5nIGZpbGVzLCBleGVjdXRpbmcgY29tbWFuZHMsIGVkaXRpbmcgY29kZSwgYW5kIHdyaXRpbmcgbmV3IGZpbGVzLlxuXG5BdmFpbGFibGUgdG9vbHM6XG4tIG1lbXBhbGFjZV9zZWFyY2g6IFNlbWFudGljIG1lbW9yeSBzZWFyY2gg4oCUIGZpbmQgcGFzdCB3b3JrLCBkZWNpc2lvbnMsIGFuZCBjb252ZXJzYXRpb25zXG4tIG1lbXBhbGFjZV9zdGF0dXM6IFBhbGFjZSBvdmVydmlldyDigJQgd2luZ3MsIHJvb21zLCBhbmQgZHJhd2VyIGNvdW50c1xuLSBtZW1wYWxhY2Vfc3dlZXA6IFRhbmRlbSBtZW1vcnkgc3dlZXAg4oCUIGNhdGNoIHdoYXQgdGhlIHByaW1hcnkgbWluZXIgbWlzc2VkXG4tIG1lbXBhbGFjZV9zeW5jOiBQYWxhY2Ugc3luYyDigJQgcHJ1bmUgc3RhbGUgZHJhd2VycyBmcm9tIGRlbGV0ZWQgc2Vzc2lvbnNcbi0gbWVtcGFsYWNlX2tnX3F1ZXJ5OiBLbm93bGVkZ2UgZ3JhcGggcXVlcnkg4oCUIGZpbmQgcmVsYXRpb25zaGlwcyBmb3IgYW4gZW50aXR5XG4tIG1lbXBhbGFjZV9rZ19hZGQ6IEtub3dsZWRnZSBncmFwaCBhZGQg4oCUIHBlcnNpc3QgYSBmYWN0IG9yIHJlbGF0aW9uc2hpcFxuLSBtZW1wYWxhY2Vfa2dfaW52YWxpZGF0ZTogS25vd2xlZGdlIGdyYXBoIGludmFsaWRhdGUg4oCUIG1hcmsgYSBmYWN0IGFzIG5vIGxvbmdlciB0cnVlXG4tIG1lbXBhbGFjZV9rZ190aW1lbGluZTogS25vd2xlZGdlIGdyYXBoIHRpbWVsaW5lIOKAlCBjaHJvbm9sb2dpY2FsIHZpZXcgb2YgZmFjdHNcblxuSW4gYWRkaXRpb24gdG8gdGhlIHRvb2xzIGFib3ZlLCB5b3UgbWF5IGhhdmUgYWNjZXNzIHRvIG90aGVyIGN1c3RvbSB0b29scyBkZXBlbmRpbmcgb24gdGhlIA==","request_body_truncated":true,"status":200,"latency_ms":0,"response_headers":{"Cache-Control":["public, max-age=0, must-revalidate"],"Content-Encoding":["identity"],"Content-Security-Policy-Report-Only":["default-src 'self'; base-uri 'self'; object-src 'none'; frame-ancestors 'self'; form-action 'self'; script-src 'self' 'unsafe-inline' 'wasm-unsafe-eval' https://www.googletagmanager.com https://utt.impactcdn.com https://login.kilo.ai https://login-test.kilo.ai https://js.stripe.com https://*.js.stripe.com https://checkout.stripe.com https://challenges.cloudflare.com https://widget.usepylon.com https://assets.churnkey.co; connect-src 'self' https://auth.kilo.ai https://us.i.posthog.com https://us-assets.i.posthog.com https://api.stripe.com https://r.stripe.com https://m.stripe.com https://checkout.stripe.com https://utt.impactcdn.com https://cdn.jsdelivr.net https://unpkg.com https://widget.usepylon.com https://assets.churnkey.co https://api.churnkey.co https://*.churnkey.co https://*.d.kiloapps.io https://e115e769bcdd4c3d66af59d3332cb394.r2.cloudflarestorage.com wss://cloud-agent-next.kilosessions.ai wss://ingest.kilosessions.ai https://gastown.kiloapps.io wss://gastown.kiloapps.io; img-src 'self' data: blob: https://lh3.googleusercontent.com https://avatars.githubusercontent.com https://secure.gravatar.com https://gravatar.com https://media.licdn.com https://cdn.discordapp.com https://gitlab.com https://*.stripe.com https://www.googletagmanager.com https://utt.impactcdn.com https://widget.usepylon.com https://assets.churnkey.co https://*.churnkey.co https://www.gravatar.com https://openrouter.ai https://e115e769bcdd4c3d66af59d3332cb394.r2.cloudflarestorage.com; style-src 'self' 'unsafe-inline'; font-src 'self' data:; frame-src 'self' https://js.stripe.com https://*.js.stripe.com https://hooks.stripe.com https://checkout.stripe.com https://challenges.cloudflare.com https://www.youtube.com https://widget.usepylon.com https://assets.churnkey.co https://*.churnkey.co https://*.d.kiloapps.io; worker-src 'self' blob:; media-src 'self' blob:; manifest-src 'self'"],"Content-Type":["text/event-stream"],"Cross-Origin-Embedder-Policy-Report-Only":["require-corp"],"Cross-Origin-Opener-Policy":["same-origin"],"Cross-Origin-Resource-Policy":["same-origin"],"Date":["Fri, 10 Jul 2026 23:13:47 GMT"],"Permissions-Policy":["geolocation=(self), camera=(), microphone=()"],"Referrer-Policy":["strict-origin-when-cross-origin"],"Server":["Vercel"],"Strict-Transport-Security":["max-age=31536000; includeSubDomains"],"X-Content-Type-Options":["nosniff"],"X-Frame-Options":["SAMEORIGIN"],"X-Matched-Path":["/api/gateway/[...path]"],"X-Vercel-Cache":["MISS"],"X-Vercel-Id":["fra1::fra1::8vr72-1783725226203-7758ed063b4e"],"X-Xss-Protection":["0"]},"route_matched":true,"compression_status":"","policy_allowed":true}
{"request_id":66,"ts":"2026-07-10T23:13:52.757376Z","method":"POST","path":"/chat/completions","provider":"kilo","endpoint":"kilo-chat","upstream":"api.kilo.ai","model":"deepseek/deepseek-v4-pro:discounted","stream":"true","request_body":"eyJtb2RlbCI6ImRlZXBzZWVrL2RlZXBzZWVrLXY0LXBybzpkaXNjb3VudGVkIiwibWVzc2FnZXMiOlt7InJvbGUiOiJzeXN0ZW0iLCJjb250ZW50IjoiWW91IGFyZSBhbiBleHBlcnQgY29kaW5nIGFzc2lzdGFudCBvcGVyYXRpbmcgaW5zaWRlIHBpLCBhIGNvZGluZyBhZ2VudCBoYXJuZXNzLiBZb3UgaGVscCB1c2VycyBieSByZWFkaW5nIGZpbGVzLCBleGVjdXRpbmcgY29tbWFuZHMsIGVkaXRpbmcgY29kZSwgYW5kIHdyaXRpbmcgbmV3IGZpbGVzLlxuXG5BdmFpbGFibGUgdG9vbHM6XG4tIG1lbXBhbGFjZV9zZWFyY2g6IFNlbWFudGljIG1lbW9yeSBzZWFyY2gg4oCUIGZpbmQgcGFzdCB3b3JrLCBkZWNpc2lvbnMsIGFuZCBjb252ZXJzYXRpb25zXG4tIG1lbXBhbGFjZV9zdGF0dXM6IFBhbGFjZSBvdmVydmlldyDigJQgd2luZ3MsIHJvb21zLCBhbmQgZHJhd2VyIGNvdW50c1xuLSBtZW1wYWxhY2Vfc3dlZXA6IFRhbmRlbSBtZW1vcnkgc3dlZXAg4oCUIGNhdGNoIHdoYXQgdGhlIHByaW1hcnkgbWluZXIgbWlzc2VkXG4tIG1lbXBhbGFjZV9zeW5jOiBQYWxhY2Ugc3luYyDigJQgcHJ1bmUgc3RhbGUgZHJhd2VycyBmcm9tIGRlbGV0ZWQgc2Vzc2lvbnNcbi0gbWVtcGFsYWNlX2tnX3F1ZXJ5OiBLbm93bGVkZ2UgZ3JhcGggcXVlcnkg4oCUIGZpbmQgcmVsYXRpb25zaGlwcyBmb3IgYW4gZW50aXR5XG4tIG1lbXBhbGFjZV9rZ19hZGQ6IEtub3dsZWRnZSBncmFwaCBhZGQg4oCUIHBlcnNpc3QgYSBmYWN0IG9yIHJlbGF0aW9uc2hpcFxuLSBtZW1wYWxhY2Vfa2dfaW52YWxpZGF0ZTogS25vd2xlZGdlIGdyYXBoIGludmFsaWRhdGUg4oCUIG1hcmsgYSBmYWN0IGFzIG5vIGxvbmdlciB0cnVlXG4tIG1lbXBhbGFjZV9rZ190aW1lbGluZTogS25vd2xlZGdlIGdyYXBoIHRpbWVsaW5lIOKAlCBjaHJvbm9sb2dpY2FsIHZpZXcgb2YgZmFjdHNcblxuSW4gYWRkaXRpb24gdG8gdGhlIHRvb2xzIGFib3ZlLCB5b3UgbWF5IGhhdmUgYWNjZXNzIHRvIG90aGVyIGN1c3RvbSB0b29scyBkZXBlbmRpbmcgb24gdGhlIA==","request_body_truncated":true,"status":200,"latency_ms":0,"response_headers":{"Cache-Control":["public, max-age=0, must-revalidate"],"Content-Encoding":["identity"],"Content-Security-Policy-Report-Only":["default-src 'self'; base-uri 'self'; object-src 'none'; frame-ancestors 'self'; form-action 'self'; script-src 'self' 'unsafe-inline' 'wasm-unsafe-eval' https://www.googletagmanager.com https://utt.impactcdn.com https://login.kilo.ai https://login-test.kilo.ai https://js.stripe.com https://*.js.stripe.com https://checkout.stripe.com https://challenges.cloudflare.com https://widget.usepylon.com https://assets.churnkey.co; connect-src 'self' https://auth.kilo.ai https://us.i.posthog.com https://us-assets.i.posthog.com https://api.stripe.com https://r.stripe.com https://m.stripe.com https://checkout.stripe.com https://utt.impactcdn.com https://cdn.jsdelivr.net https://unpkg.com https://widget.usepylon.com https://assets.churnkey.co https://api.churnkey.co https://*.churnkey.co https://*.d.kiloapps.io https://e115e769bcdd4c3d66af59d3332cb394.r2.cloudflarestorage.com wss://cloud-agent-next.kilosessions.ai wss://ingest.kilosessions.ai https://gastown.kiloapps.io wss://gastown.kiloapps.io; img-src 'self' data: blob: https://lh3.googleusercontent.com https://avatars.githubusercontent.com https://secure.gravatar.com https://gravatar.com https://media.licdn.com https://cdn.discordapp.com https://gitlab.com https://*.stripe.com https://www.googletagmanager.com https://utt.impactcdn.com https://widget.usepylon.com https://assets.churnkey.co https://*.churnkey.co https://www.gravatar.com https://openrouter.ai https://e115e769bcdd4c3d66af59d3332cb394.r2.cloudflarestorage.com; style-src 'self' 'unsafe-inline'; font-src 'self' data:; frame-src 'self' https://js.stripe.com https://*.js.stripe.com https://hooks.stripe.com https://checkout.stripe.com https://challenges.cloudflare.com https://www.youtube.com https://widget.usepylon.com https://assets.churnkey.co https://*.churnkey.co https://*.d.kiloapps.io; worker-src 'self' blob:; media-src 'self' blob:; manifest-src 'self'"],"Content-Type":["text/event-stream"],"Cross-Origin-Embedder-Policy-Report-Only":["require-corp"],"Cross-Origin-Opener-Policy":["same-origin"],"Cross-Origin-Resource-Policy":["same-origin"],"Date":["Fri, 10 Jul 2026 23:13:53 GMT"],"Permissions-Policy":["geolocation=(self), camera=(), microphone=()"],"Referrer-Policy":["strict-origin-when-cross-origin"],"Server":["Vercel"],"Strict-Transport-Security":["max-age=31536000; includeSubDomains"],"X-Content-Type-Options":["nosniff"],"X-Frame-Options":["SAMEORIGIN"],"X-Matched-Path":["/api/gateway/[...path]"],"X-Vercel-Cache":["MISS"],"X-Vercel-Id":["fra1::fra1::5dntv-1783725232771-cc59b68819d4"],"X-Xss-Protection":["0"]},"route_matched":true,"compression_status":"","policy_allowed":true}
{"request_id":67,"ts":"2026-07-10T23:13:56.220156Z","method":"POST","path":"/chat/completions","provider":"kilo","endpoint":"kilo-chat","upstream":"api.kilo.ai","model":"deepseek/deepseek-v4-pro:discounted","stream":"true","request_body":"eyJtb2RlbCI6ImRlZXBzZWVrL2RlZXBzZWVrLXY0LXBybzpkaXNjb3VudGVkIiwibWVzc2FnZXMiOlt7InJvbGUiOiJzeXN0ZW0iLCJjb250ZW50IjoiWW91IGFyZSBhbiBleHBlcnQgY29kaW5nIGFzc2lzdGFudCBvcGVyYXRpbmcgaW5zaWRlIHBpLCBhIGNvZGluZyBhZ2VudCBoYXJuZXNzLiBZb3UgaGVscCB1c2VycyBieSByZWFkaW5nIGZpbGVzLCBleGVjdXRpbmcgY29tbWFuZHMsIGVkaXRpbmcgY29kZSwgYW5kIHdyaXRpbmcgbmV3IGZpbGVzLlxuXG5BdmFpbGFibGUgdG9vbHM6XG4tIG1lbXBhbGFjZV9zZWFyY2g6IFNlbWFudGljIG1lbW9yeSBzZWFyY2gg4oCUIGZpbmQgcGFzdCB3b3JrLCBkZWNpc2lvbnMsIGFuZCBjb252ZXJzYXRpb25zXG4tIG1lbXBhbGFjZV9zdGF0dXM6IFBhbGFjZSBvdmVydmlldyDigJQgd2luZ3MsIHJvb21zLCBhbmQgZHJhd2VyIGNvdW50c1xuLSBtZW1wYWxhY2Vfc3dlZXA6IFRhbmRlbSBtZW1vcnkgc3dlZXAg4oCUIGNhdGNoIHdoYXQgdGhlIHByaW1hcnkgbWluZXIgbWlzc2VkXG4tIG1lbXBhbGFjZV9zeW5jOiBQYWxhY2Ugc3luYyDigJQgcHJ1bmUgc3RhbGUgZHJhd2VycyBmcm9tIGRlbGV0ZWQgc2Vzc2lvbnNcbi0gbWVtcGFsYWNlX2tnX3F1ZXJ5OiBLbm93bGVkZ2UgZ3JhcGggcXVlcnkg4oCUIGZpbmQgcmVsYXRpb25zaGlwcyBmb3IgYW4gZW50aXR5XG4tIG1lbXBhbGFjZV9rZ19hZGQ6IEtub3dsZWRnZSBncmFwaCBhZGQg4oCUIHBlcnNpc3QgYSBmYWN0IG9yIHJlbGF0aW9uc2hpcFxuLSBtZW1wYWxhY2Vfa2dfaW52YWxpZGF0ZTogS25vd2xlZGdlIGdyYXBoIGludmFsaWRhdGUg4oCUIG1hcmsgYSBmYWN0IGFzIG5vIGxvbmdlciB0cnVlXG4tIG1lbXBhbGFjZV9rZ190aW1lbGluZTogS25vd2xlZGdlIGdyYXBoIHRpbWVsaW5lIOKAlCBjaHJvbm9sb2dpY2FsIHZpZXcgb2YgZmFjdHNcblxuSW4gYWRkaXRpb24gdG8gdGhlIHRvb2xzIGFib3ZlLCB5b3UgbWF5IGhhdmUgYWNjZXNzIHRvIG90aGVyIGN1c3RvbSB0b29scyBkZXBlbmRpbmcgb24gdGhlIA==","request_body_truncated":true,"status":200,"latency_ms":0,"response_headers":{"Cache-Control":["public, max-age=0, must-revalidate"],"Content-Encoding":["identity"],"Content-Security-Policy-Report-Only":["default-src 'self'; base-uri 'self'; object-src 'none'; frame-ancestors 'self'; form-action 'self'; script-src 'self' 'unsafe-inline' 'wasm-unsafe-eval' https://www.googletagmanager.com https://utt.impactcdn.com https://login.kilo.ai https://login-test.kilo.ai https://js.stripe.com https://*.js.stripe.com https://checkout.stripe.com https://challenges.cloudflare.com https://widget.usepylon.com https://assets.churnkey.co; connect-src 'self' https://auth.kilo.ai https://us.i.posthog.com https://us-assets.i.posthog.com https://api.stripe.com https://r.stripe.com https://m.stripe.com https://checkout.stripe.com https://utt.impactcdn.com https://cdn.jsdelivr.net https://unpkg.com https://widget.usepylon.com https://assets.churnkey.co https://api.churnkey.co https://*.churnkey.co https://*.d.kiloapps.io https://e115e769bcdd4c3d66af59d3332cb394.r2.cloudflarestorage.com wss://cloud-agent-next.kilosessions.ai wss://ingest.kilosessions.ai https://gastown.kiloapps.io wss://gastown.kiloapps.io; img-src 'self' data: blob: https://lh3.googleusercontent.com https://avatars.githubusercontent.com https://secure.gravatar.com https://gravatar.com https://media.licdn.com https://cdn.discordapp.com https://gitlab.com https://*.stripe.com https://www.googletagmanager.com https://utt.impactcdn.com https://widget.usepylon.com https://assets.churnkey.co https://*.churnkey.co https://www.gravatar.com https://openrouter.ai https://e115e769bcdd4c3d66af59d3332cb394.r2.cloudflarestorage.com; style-src 'self' 'unsafe-inline'; font-src 'self' data:; frame-src 'self' https://js.stripe.com https://*.js.stripe.com https://hooks.stripe.com https://checkout.stripe.com https://challenges.cloudflare.com https://www.youtube.com https://widget.usepylon.com https://assets.churnkey.co https://*.churnkey.co https://*.d.kiloapps.io; worker-src 'self' blob:; media-src 'self' blob:; manifest-src 'self'"],"Content-Type":["text/event-stream"],"Cross-Origin-Embedder-Policy-Report-Only":["require-corp"],"Cross-Origin-Opener-Policy":["same-origin"],"Cross-Origin-Resource-Policy":["same-origin"],"Date":["Fri, 10 Jul 2026 23:13:57 GMT"],"Permissions-Policy":["geolocation=(self), camera=(), microphone=()"],"Referrer-Policy":["strict-origin-when-cross-origin"],"Server":["Vercel"],"Strict-Transport-Security":["max-age=31536000; includeSubDomains"],"X-Content-Type-Options":["nosniff"],"X-Frame-Options":["SAMEORIGIN"],"X-Matched-Path":["/api/gateway/[...path]"],"X-Vercel-Cache":["MISS"],"X-Vercel-Id":["fra1::fra1::zzmds-1783725236239-7df50ef9392d"],"X-Xss-Protection":["0"]},"route_matched":true,"compression_status":"","policy_allowed":true}
{"request_id":68,"ts":"2026-07-10T23:14:51.808652Z","method":"POST","path":"/chat/completions","provider":"kilo","endpoint":"kilo-chat","upstream":"api.kilo.ai","model":"deepseek/deepseek-v4-pro:discounted","stream":"true","request_body":"eyJtb2RlbCI6ImRlZXBzZWVrL2RlZXBzZWVrLXY0LXBybzpkaXNjb3VudGVkIiwibWVzc2FnZXMiOlt7InJvbGUiOiJzeXN0ZW0iLCJjb250ZW50IjoiWW91IGFyZSBhbiBleHBlcnQgY29kaW5nIGFzc2lzdGFudCBvcGVyYXRpbmcgaW5zaWRlIHBpLCBhIGNvZGluZyBhZ2VudCBoYXJuZXNzLiBZb3UgaGVscCB1c2VycyBieSByZWFkaW5nIGZpbGVzLCBleGVjdXRpbmcgY29tbWFuZHMsIGVkaXRpbmcgY29kZSwgYW5kIHdyaXRpbmcgbmV3IGZpbGVzLlxuXG5BdmFpbGFibGUgdG9vbHM6XG4tIG1lbXBhbGFjZV9zZWFyY2g6IFNlbWFudGljIG1lbW9yeSBzZWFyY2gg4oCUIGZpbmQgcGFzdCB3b3JrLCBkZWNpc2lvbnMsIGFuZCBjb252ZXJzYXRpb25zXG4tIG1lbXBhbGFjZV9zdGF0dXM6IFBhbGFjZSBvdmVydmlldyDigJQgd2luZ3MsIHJvb21zLCBhbmQgZHJhd2VyIGNvdW50c1xuLSBtZW1wYWxhY2Vfc3dlZXA6IFRhbmRlbSBtZW1vcnkgc3dlZXAg4oCUIGNhdGNoIHdoYXQgdGhlIHByaW1hcnkgbWluZXIgbWlzc2VkXG4tIG1lbXBhbGFjZV9zeW5jOiBQYWxhY2Ugc3luYyDigJQgcHJ1bmUgc3RhbGUgZHJhd2VycyBmcm9tIGRlbGV0ZWQgc2Vzc2lvbnNcbi0gbWVtcGFsYWNlX2tnX3F1ZXJ5OiBLbm93bGVkZ2UgZ3JhcGggcXVlcnkg4oCUIGZpbmQgcmVsYXRpb25zaGlwcyBmb3IgYW4gZW50aXR5XG4tIG1lbXBhbGFjZV9rZ19hZGQ6IEtub3dsZWRnZSBncmFwaCBhZGQg4oCUIHBlcnNpc3QgYSBmYWN0IG9yIHJlbGF0aW9uc2hpcFxuLSBtZW1wYWxhY2Vfa2dfaW52YWxpZGF0ZTogS25vd2xlZGdlIGdyYXBoIGludmFsaWRhdGUg4oCUIG1hcmsgYSBmYWN0IGFzIG5vIGxvbmdlciB0cnVlXG4tIG1lbXBhbGFjZV9rZ190aW1lbGluZTogS25vd2xlZGdlIGdyYXBoIHRpbWVsaW5lIOKAlCBjaHJvbm9sb2dpY2FsIHZpZXcgb2YgZmFjdHNcblxuSW4gYWRkaXRpb24gdG8gdGhlIHRvb2xzIGFib3ZlLCB5b3UgbWF5IGhhdmUgYWNjZXNzIHRvIG90aGVyIGN1c3RvbSB0b29scyBkZXBlbmRpbmcgb24gdGhlIA==","request_body_truncated":true,"status":200,"latency_ms":0,"response_headers":{"Cache-Control":["public, max-age=0, must-revalidate"],"Content-Encoding":["identity"],"Content-Security-Policy-Report-Only":["default-src 'self'; base-uri 'self'; object-src 'none'; frame-ancestors 'self'; form-action 'self'; script-src 'self' 'unsafe-inline' 'wasm-unsafe-eval' https://www.googletagmanager.com https://utt.impactcdn.com https://login.kilo.ai https://login-test.kilo.ai https://js.stripe.com https://*.js.stripe.com https://checkout.stripe.com https://challenges.cloudflare.com https://widget.usepylon.com https://assets.churnkey.co; connect-src 'self' https://auth.kilo.ai https://us.i.posthog.com https://us-assets.i.posthog.com https://api.stripe.com https://r.stripe.com https://m.stripe.com https://checkout.stripe.com https://utt.impactcdn.com https://cdn.jsdelivr.net https://unpkg.com https://widget.usepylon.com https://assets.churnkey.co https://api.churnkey.co https://*.churnkey.co https://*.d.kiloapps.io https://e115e769bcdd4c3d66af59d3332cb394.r2.cloudflarestorage.com wss://cloud-agent-next.kilosessions.ai wss://ingest.kilosessions.ai https://gastown.kiloapps.io wss://gastown.kiloapps.io; img-src 'self' data: blob: https://lh3.googleusercontent.com https://avatars.githubusercontent.com https://secure.gravatar.com https://gravatar.com https://media.licdn.com https://cdn.discordapp.com https://gitlab.com https://*.stripe.com https://www.googletagmanager.com https://utt.impactcdn.com https://widget.usepylon.com https://assets.churnkey.co https://*.churnkey.co https://www.gravatar.com https://openrouter.ai https://e115e769bcdd4c3d66af59d3332cb394.r2.cloudflarestorage.com; style-src 'self' 'unsafe-inline'; font-src 'self' data:; frame-src 'self' https://js.stripe.com https://*.js.stripe.com https://hooks.stripe.com https://checkout.stripe.com https://challenges.cloudflare.com https://www.youtube.com https://widget.usepylon.com https://assets.churnkey.co https://*.churnkey.co https://*.d.kiloapps.io; worker-src 'self' blob:; media-src 'self' blob:; manifest-src 'self'"],"Content-Type":["text/event-stream"],"Cross-Origin-Embedder-Policy-Report-Only":["require-corp"],"Cross-Origin-Opener-Policy":["same-origin"],"Cross-Origin-Resource-Policy":["same-origin"],"Date":["Fri, 10 Jul 2026 23:14:52 GMT"],"Permissions-Policy":["geolocation=(self), camera=(), microphone=()"],"Referrer-Policy":["strict-origin-when-cross-origin"],"Server":["Vercel"],"Strict-Transport-Security":["max-age=31536000; includeSubDomains"],"X-Content-Type-Options":["nosniff"],"X-Frame-Options":["SAMEORIGIN"],"X-Matched-Path":["/api/gateway/[...path]"],"X-Vercel-Cache":["MISS"],"X-Vercel-Id":["fra1::fra1::l7hvf-1783725291825-68b2e1cf105b"],"X-Xss-Protection":["0"]},"route_matched":true,"compression_status":"","policy_allowed":true}
{"request_id":69,"ts":"2026-07-10T23:14:54.638458Z","method":"POST","path":"/chat/completions","provider":"kilo","endpoint":"kilo-chat","upstream":"api.kilo.ai","model":"deepseek/deepseek-v4-pro:discounted","stream":"true","request_body":"eyJtb2RlbCI6ImRlZXBzZWVrL2RlZXBzZWVrLXY0LXBybzpkaXNjb3VudGVkIiwibWVzc2FnZXMiOlt7InJvbGUiOiJzeXN0ZW0iLCJjb250ZW50IjoiWW91IGFyZSBhbiBleHBlcnQgY29kaW5nIGFzc2lzdGFudCBvcGVyYXRpbmcgaW5zaWRlIHBpLCBhIGNvZGluZyBhZ2VudCBoYXJuZXNzLiBZb3UgaGVscCB1c2VycyBieSByZWFkaW5nIGZpbGVzLCBleGVjdXRpbmcgY29tbWFuZHMsIGVkaXRpbmcgY29kZSwgYW5kIHdyaXRpbmcgbmV3IGZpbGVzLlxuXG5BdmFpbGFibGUgdG9vbHM6XG4tIG1lbXBhbGFjZV9zZWFyY2g6IFNlbWFudGljIG1lbW9yeSBzZWFyY2gg4oCUIGZpbmQgcGFzdCB3b3JrLCBkZWNpc2lvbnMsIGFuZCBjb252ZXJzYXRpb25zXG4tIG1lbXBhbGFjZV9zdGF0dXM6IFBhbGFjZSBvdmVydmlldyDigJQgd2luZ3MsIHJvb21zLCBhbmQgZHJhd2VyIGNvdW50c1xuLSBtZW1wYWxhY2Vfc3dlZXA6IFRhbmRlbSBtZW1vcnkgc3dlZXAg4oCUIGNhdGNoIHdoYXQgdGhlIHByaW1hcnkgbWluZXIgbWlzc2VkXG4tIG1lbXBhbGFjZV9zeW5jOiBQYWxhY2Ugc3luYyDigJQgcHJ1bmUgc3RhbGUgZHJhd2VycyBmcm9tIGRlbGV0ZWQgc2Vzc2lvbnNcbi0gbWVtcGFsYWNlX2tnX3F1ZXJ5OiBLbm93bGVkZ2UgZ3JhcGggcXVlcnkg4oCUIGZpbmQgcmVsYXRpb25zaGlwcyBmb3IgYW4gZW50aXR5XG4tIG1lbXBhbGFjZV9rZ19hZGQ6IEtub3dsZWRnZSBncmFwaCBhZGQg4oCUIHBlcnNpc3QgYSBmYWN0IG9yIHJlbGF0aW9uc2hpcFxuLSBtZW1wYWxhY2Vfa2dfaW52YWxpZGF0ZTogS25vd2xlZGdlIGdyYXBoIGludmFsaWRhdGUg4oCUIG1hcmsgYSBmYWN0IGFzIG5vIGxvbmdlciB0cnVlXG4tIG1lbXBhbGFjZV9rZ190aW1lbGluZTogS25vd2xlZGdlIGdyYXBoIHRpbWVsaW5lIOKAlCBjaHJvbm9sb2dpY2FsIHZpZXcgb2YgZmFjdHNcblxuSW4gYWRkaXRpb24gdG8gdGhlIHRvb2xzIGFib3ZlLCB5b3UgbWF5IGhhdmUgYWNjZXNzIHRvIG90aGVyIGN1c3RvbSB0b29scyBkZXBlbmRpbmcgb24gdGhlIA==","request_body_truncated":true,"status":200,"latency_ms":0,"response_headers":{"Cache-Control":["public, max-age=0, must-revalidate"],"Content-Encoding":["identity"],"Content-Security-Policy-Report-Only":["default-src 'self'; base-uri 'self'; object-src 'none'; frame-ancestors 'self'; form-action 'self'; script-src 'self' 'unsafe-inline' 'wasm-unsafe-eval' https://www.googletagmanager.com https://utt.impactcdn.com https://login.kilo.ai https://login-test.kilo.ai https://js.stripe.com https://*.js.stripe.com https://checkout.stripe.com https://challenges.cloudflare.com https://widget.usepylon.com https://assets.churnkey.co; connect-src 'self' https://auth.kilo.ai https://us.i.posthog.com https://us-assets.i.posthog.com https://api.stripe.com https://r.stripe.com https://m.stripe.com https://checkout.stripe.com https://utt.impactcdn.com https://cdn.jsdelivr.net https://unpkg.com https://widget.usepylon.com https://assets.churnkey.co https://api.churnkey.co https://*.churnkey.co https://*.d.kiloapps.io https://e115e769bcdd4c3d66af59d3332cb394.r2.cloudflarestorage.com wss://cloud-agent-next.kilosessions.ai wss://ingest.kilosessions.ai https://gastown.kiloapps.io wss://gastown.kiloapps.io; img-src 'self' data: blob: https://lh3.googleusercontent.com https://avatars.githubusercontent.com https://secure.gravatar.com https://gravatar.com https://media.licdn.com https://cdn.discordapp.com https://gitlab.com https://*.stripe.com https://www.googletagmanager.com https://utt.impactcdn.com https://widget.usepylon.com https://assets.churnkey.co https://*.churnkey.co https://www.gravatar.com https://openrouter.ai https://e115e769bcdd4c3d66af59d3332cb394.r2.cloudflarestorage.com; style-src 'self' 'unsafe-inline'; font-src 'self' data:; frame-src 'self' https://js.stripe.com https://*.js.stripe.com https://hooks.stripe.com https://checkout.stripe.com https://challenges.cloudflare.com https://www.youtube.com https://widget.usepylon.com https://assets.churnkey.co https://*.churnkey.co https://*.d.kiloapps.io; worker-src 'self' blob:; media-src 'self' blob:; manifest-src 'self'"],"Content-Type":["text/event-stream"],"Cross-Origin-Embedder-Policy-Report-Only":["require-corp"],"Cross-Origin-Opener-Policy":["same-origin"],"Cross-Origin-Resource-Policy":["same-origin"],"Date":["Fri, 10 Jul 2026 23:14:55 GMT"],"Permissions-Policy":["geolocation=(self), camera=(), microphone=()"],"Referrer-Policy":["strict-origin-when-cross-origin"],"Server":["Vercel"],"Strict-Transport-Security":["max-age=31536000; includeSubDomains"],"X-Content-Type-Options":["nosniff"],"X-Frame-Options":["SAMEORIGIN"],"X-Matched-Path":["/api/gateway/[...path]"],"X-Vercel-Cache":["MISS"],"X-Vercel-Id":["fra1::fra1::lx6tj-1783725294653-df1dd9b4ac23"],"X-Xss-Protection":["0"]},"route_matched":true,"compression_status":"","policy_allowed":true}
{"request_id":70,"ts":"2026-07-10T23:14:57.552112Z","method":"POST","path":"/chat/completions","provider":"kilo","endpoint":"kilo-chat","upstream":"api.kilo.ai","model":"deepseek/deepseek-v4-pro:discounted","stream":"true","request_body":"eyJtb2RlbCI6ImRlZXBzZWVrL2RlZXBzZWVrLXY0LXBybzpkaXNjb3VudGVkIiwibWVzc2FnZXMiOlt7InJvbGUiOiJzeXN0ZW0iLCJjb250ZW50IjoiWW91IGFyZSBhbiBleHBlcnQgY29kaW5nIGFzc2lzdGFudCBvcGVyYXRpbmcgaW5zaWRlIHBpLCBhIGNvZGluZyBhZ2VudCBoYXJuZXNzLiBZb3UgaGVscCB1c2VycyBieSByZWFkaW5nIGZpbGVzLCBleGVjdXRpbmcgY29tbWFuZHMsIGVkaXRpbmcgY29kZSwgYW5kIHdyaXRpbmcgbmV3IGZpbGVzLlxuXG5BdmFpbGFibGUgdG9vbHM6XG4tIG1lbXBhbGFjZV9zZWFyY2g6IFNlbWFudGljIG1lbW9yeSBzZWFyY2gg4oCUIGZpbmQgcGFzdCB3b3JrLCBkZWNpc2lvbnMsIGFuZCBjb252ZXJzYXRpb25zXG4tIG1lbXBhbGFjZV9zdGF0dXM6IFBhbGFjZSBvdmVydmlldyDigJQgd2luZ3MsIHJvb21zLCBhbmQgZHJhd2VyIGNvdW50c1xuLSBtZW1wYWxhY2Vfc3dlZXA6IFRhbmRlbSBtZW1vcnkgc3dlZXAg4oCUIGNhdGNoIHdoYXQgdGhlIHByaW1hcnkgbWluZXIgbWlzc2VkXG4tIG1lbXBhbGFjZV9zeW5jOiBQYWxhY2Ugc3luYyDigJQgcHJ1bmUgc3RhbGUgZHJhd2VycyBmcm9tIGRlbGV0ZWQgc2Vzc2lvbnNcbi0gbWVtcGFsYWNlX2tnX3F1ZXJ5OiBLbm93bGVkZ2UgZ3JhcGggcXVlcnkg4oCUIGZpbmQgcmVsYXRpb25zaGlwcyBmb3IgYW4gZW50aXR5XG4tIG1lbXBhbGFjZV9rZ19hZGQ6IEtub3dsZWRnZSBncmFwaCBhZGQg4oCUIHBlcnNpc3QgYSBmYWN0IG9yIHJlbGF0aW9uc2hpcFxuLSBtZW1wYWxhY2Vfa2dfaW52YWxpZGF0ZTogS25vd2xlZGdlIGdyYXBoIGludmFsaWRhdGUg4oCUIG1hcmsgYSBmYWN0IGFzIG5vIGxvbmdlciB0cnVlXG4tIG1lbXBhbGFjZV9rZ190aW1lbGluZTogS25vd2xlZGdlIGdyYXBoIHRpbWVsaW5lIOKAlCBjaHJvbm9sb2dpY2FsIHZpZXcgb2YgZmFjdHNcblxuSW4gYWRkaXRpb24gdG8gdGhlIHRvb2xzIGFib3ZlLCB5b3UgbWF5IGhhdmUgYWNjZXNzIHRvIG90aGVyIGN1c3RvbSB0b29scyBkZXBlbmRpbmcgb24gdGhlIA==","request_body_truncated":true,"status":200,"latency_ms":0,"response_headers":{"Cache-Control":["public, max-age=0, must-revalidate"],"Content-Encoding":["identity"],"Content-Security-Policy-Report-Only":["default-src 'self'; base-uri 'self'; object-src 'none'; frame-ancestors 'self'; form-action 'self'; script-src 'self' 'unsafe-inline' 'wasm-unsafe-eval' https://www.googletagmanager.com https://utt.impactcdn.com https://login.kilo.ai https://login-test.kilo.ai https://js.stripe.com https://*.js.stripe.com https://checkout.stripe.com https://challenges.cloudflare.com https://widget.usepylon.com https://assets.churnkey.co; connect-src 'self' https://auth.kilo.ai https://us.i.posthog.com https://us-assets.i.posthog.com https://api.stripe.com https://r.stripe.com https://m.stripe.com https://checkout.stripe.com https://utt.impactcdn.com https://cdn.jsdelivr.net https://unpkg.com https://widget.usepylon.com https://assets.churnkey.co https://api.churnkey.co https://*.churnkey.co https://*.d.kiloapps.io https://e115e769bcdd4c3d66af59d3332cb394.r2.cloudflarestorage.com wss://cloud-agent-next.kilosessions.ai wss://ingest.kilosessions.ai https://gastown.kiloapps.io wss://gastown.kiloapps.io; img-src 'self' data: blob: https://lh3.googleusercontent.com https://avatars.githubusercontent.com https://secure.gravatar.com https://gravatar.com https://media.licdn.com https://cdn.discordapp.com https://gitlab.com https://*.stripe.com https://www.googletagmanager.com https://utt.impactcdn.com https://widget.usepylon.com https://assets.churnkey.co https://*.churnkey.co https://www.gravatar.com https://openrouter.ai https://e115e769bcdd4c3d66af59d3332cb394.r2.cloudflarestorage.com; style-src 'self' 'unsafe-inline'; font-src 'self' data:; frame-src 'self' https://js.stripe.com https://*.js.stripe.com https://hooks.stripe.com https://checkout.stripe.com https://challenges.cloudflare.com https://www.youtube.com https://widget.usepylon.com https://assets.churnkey.co https://*.churnkey.co https://*.d.kiloapps.io; worker-src 'self' blob:; media-src 'self' blob:; manifest-src 'self'"],"Content-Type":["text/event-stream"],"Cross-Origin-Embedder-Policy-Report-Only":["require-corp"],"Cross-Origin-Opener-Policy":["same-origin"],"Cross-Origin-Resource-Policy":["same-origin"],"Date":["Fri, 10 Jul 2026 23:14:58 GMT"],"Permissions-Policy":["geolocation=(self), camera=(), microphone=()"],"Referrer-Policy":["strict-origin-when-cross-origin"],"Server":["Vercel"],"Strict-Transport-Security":["max-age=31536000; includeSubDomains"],"X-Content-Type-Options":["nosniff"],"X-Frame-Options":["SAMEORIGIN"],"X-Matched-Path":["/api/gateway/[...path]"],"X-Vercel-Cache":["MISS"],"X-Vercel-Id":["fra1::fra1::zcmzg-1783725297567-3c983c2012d8"],"X-Xss-Protection":["0"]},"route_matched":true,"compression_status":"","policy_allowed":true}
{"request_id":71,"ts":"2026-07-10T23:15:00.823465Z","method":"POST","path":"/chat/completions","provider":"kilo","endpoint":"kilo-chat","upstream":"api.kilo.ai","model":"deepseek/deepseek-v4-pro:discounted","stream":"true","request_body":"eyJtb2RlbCI6ImRlZXBzZWVrL2RlZXBzZWVrLXY0LXBybzpkaXNjb3VudGVkIiwibWVzc2FnZXMiOlt7InJvbGUiOiJzeXN0ZW0iLCJjb250ZW50IjoiWW91IGFyZSBhbiBleHBlcnQgY29kaW5nIGFzc2lzdGFudCBvcGVyYXRpbmcgaW5zaWRlIHBpLCBhIGNvZGluZyBhZ2VudCBoYXJuZXNzLiBZb3UgaGVscCB1c2VycyBieSByZWFkaW5nIGZpbGVzLCBleGVjdXRpbmcgY29tbWFuZHMsIGVkaXRpbmcgY29kZSwgYW5kIHdyaXRpbmcgbmV3IGZpbGVzLlxuXG5BdmFpbGFibGUgdG9vbHM6XG4tIG1lbXBhbGFjZV9zZWFyY2g6IFNlbWFudGljIG1lbW9yeSBzZWFyY2gg4oCUIGZpbmQgcGFzdCB3b3JrLCBkZWNpc2lvbnMsIGFuZCBjb252ZXJzYXRpb25zXG4tIG1lbXBhbGFjZV9zdGF0dXM6IFBhbGFjZSBvdmVydmlldyDigJQgd2luZ3MsIHJvb21zLCBhbmQgZHJhd2VyIGNvdW50c1xuLSBtZW1wYWxhY2Vfc3dlZXA6IFRhbmRlbSBtZW1vcnkgc3dlZXAg4oCUIGNhdGNoIHdoYXQgdGhlIHByaW1hcnkgbWluZXIgbWlzc2VkXG4tIG1lbXBhbGFjZV9zeW5jOiBQYWxhY2Ugc3luYyDigJQgcHJ1bmUgc3RhbGUgZHJhd2VycyBmcm9tIGRlbGV0ZWQgc2Vzc2lvbnNcbi0gbWVtcGFsYWNlX2tnX3F1ZXJ5OiBLbm93bGVkZ2UgZ3JhcGggcXVlcnkg4oCUIGZpbmQgcmVsYXRpb25zaGlwcyBmb3IgYW4gZW50aXR5XG4tIG1lbXBhbGFjZV9rZ19hZGQ6IEtub3dsZWRnZSBncmFwaCBhZGQg4oCUIHBlcnNpc3QgYSBmYWN0IG9yIHJlbGF0aW9uc2hpcFxuLSBtZW1wYWxhY2Vfa2dfaW52YWxpZGF0ZTogS25vd2xlZGdlIGdyYXBoIGludmFsaWRhdGUg4oCUIG1hcmsgYSBmYWN0IGFzIG5vIGxvbmdlciB0cnVlXG4tIG1lbXBhbGFjZV9rZ190aW1lbGluZTogS25vd2xlZGdlIGdyYXBoIHRpbWVsaW5lIOKAlCBjaHJvbm9sb2dpY2FsIHZpZXcgb2YgZmFjdHNcblxuSW4gYWRkaXRpb24gdG8gdGhlIHRvb2xzIGFib3ZlLCB5b3UgbWF5IGhhdmUgYWNjZXNzIHRvIG90aGVyIGN1c3RvbSB0b29scyBkZXBlbmRpbmcgb24gdGhlIA==","request_body_truncated":true,"status":200,"latency_ms":0,"response_headers":{"Cache-Control":["public, max-age=0, must-revalidate"],"Content-Encoding":["identity"],"Content-Security-Policy-Report-Only":["default-src 'self'; base-uri 'self'; object-src 'none'; frame-ancestors 'self'; form-action 'self'; script-src 'self' 'unsafe-inline' 'wasm-unsafe-eval' https://www.googletagmanager.com https://utt.impactcdn.com https://login.kilo.ai https://login-test.kilo.ai https://js.stripe.com https://*.js.stripe.com https://checkout.stripe.com https://challenges.cloudflare.com https://widget.usepylon.com https://assets.churnkey.co; connect-src 'self' https://auth.kilo.ai https://us.i.posthog.com https://us-assets.i.posthog.com https://api.stripe.com https://r.stripe.com https://m.stripe.com https://checkout.stripe.com https://utt.impactcdn.com https://cdn.jsdelivr.net https://unpkg.com https://widget.usepylon.com https://assets.churnkey.co https://api.churnkey.co https://*.churnkey.co https://*.d.kiloapps.io https://e115e769bcdd4c3d66af59d3332cb394.r2.cloudflarestorage.com wss://cloud-agent-next.kilosessions.ai wss://ingest.kilosessions.ai https://gastown.kiloapps.io wss://gastown.kiloapps.io; img-src 'self' data: blob: https://lh3.googleusercontent.com https://avatars.githubusercontent.com https://secure.gravatar.com https://gravatar.com https://media.licdn.com https://cdn.discordapp.com https://gitlab.com https://*.stripe.com https://www.googletagmanager.com https://utt.impactcdn.com https://widget.usepylon.com https://assets.churnkey.co https://*.churnkey.co https://www.gravatar.com https://openrouter.ai https://e115e769bcdd4c3d66af59d3332cb394.r2.cloudflarestorage.com; style-src 'self' 'unsafe-inline'; font-src 'self' data:; frame-src 'self' https://js.stripe.com https://*.js.stripe.com https://hooks.stripe.com https://checkout.stripe.com https://challenges.cloudflare.com https://www.youtube.com https://widget.usepylon.com https://assets.churnkey.co https://*.churnkey.co https://*.d.kiloapps.io; worker-src 'self' blob:; media-src 'self' blob:; manifest-src 'self'"],"Content-Type":["text/event-stream"],"Cross-Origin-Embedder-Policy-Report-Only":["require-corp"],"Cross-Origin-Opener-Policy":["same-origin"],"Cross-Origin-Resource-Policy":["same-origin"],"Date":["Fri, 10 Jul 2026 23:15:01 GMT"],"Permissions-Policy":["geolocation=(self), camera=(), microphone=()"],"Referrer-Policy":["strict-origin-when-cross-origin"],"Server":["Vercel"],"Strict-Transport-Security":["max-age=31536000; includeSubDomains"],"X-Content-Type-Options":["nosniff"],"X-Frame-Options":["SAMEORIGIN"],"X-Matched-Path":["/api/gateway/[...path]"],"X-Vercel-Cache":["MISS"],"X-Vercel-Id":["fra1::fra1::ddvrj-1783725300838-3e62bd11239a"],"X-Xss-Protection":["0"]},"route_matched":true,"compression_status":"","policy_allowed":true}
{"request_id":72,"ts":"2026-07-10T23:15:05.156142Z","method":"POST","path":"/chat/completions","provider":"kilo","endpoint":"kilo-chat","upstream":"api.kilo.ai","model":"deepseek/deepseek-v4-pro:discounted","stream":"true","request_body":"eyJtb2RlbCI6ImRlZXBzZWVrL2RlZXBzZWVrLXY0LXBybzpkaXNjb3VudGVkIiwibWVzc2FnZXMiOlt7InJvbGUiOiJzeXN0ZW0iLCJjb250ZW50IjoiWW91IGFyZSBhbiBleHBlcnQgY29kaW5nIGFzc2lzdGFudCBvcGVyYXRpbmcgaW5zaWRlIHBpLCBhIGNvZGluZyBhZ2VudCBoYXJuZXNzLiBZb3UgaGVscCB1c2VycyBieSByZWFkaW5nIGZpbGVzLCBleGVjdXRpbmcgY29tbWFuZHMsIGVkaXRpbmcgY29kZSwgYW5kIHdyaXRpbmcgbmV3IGZpbGVzLlxuXG5BdmFpbGFibGUgdG9vbHM6XG4tIG1lbXBhbGFjZV9zZWFyY2g6IFNlbWFudGljIG1lbW9yeSBzZWFyY2gg4oCUIGZpbmQgcGFzdCB3b3JrLCBkZWNpc2lvbnMsIGFuZCBjb252ZXJzYXRpb25zXG4tIG1lbXBhbGFjZV9zdGF0dXM6IFBhbGFjZSBvdmVydmlldyDigJQgd2luZ3MsIHJvb21zLCBhbmQgZHJhd2VyIGNvdW50c1xuLSBtZW1wYWxhY2Vfc3dlZXA6IFRhbmRlbSBtZW1vcnkgc3dlZXAg4oCUIGNhdGNoIHdoYXQgdGhlIHByaW1hcnkgbWluZXIgbWlzc2VkXG4tIG1lbXBhbGFjZV9zeW5jOiBQYWxhY2Ugc3luYyDigJQgcHJ1bmUgc3RhbGUgZHJhd2VycyBmcm9tIGRlbGV0ZWQgc2Vzc2lvbnNcbi0gbWVtcGFsYWNlX2tnX3F1ZXJ5OiBLbm93bGVkZ2UgZ3JhcGggcXVlcnkg4oCUIGZpbmQgcmVsYXRpb25zaGlwcyBmb3IgYW4gZW50aXR5XG4tIG1lbXBhbGFjZV9rZ19hZGQ6IEtub3dsZWRnZSBncmFwaCBhZGQg4oCUIHBlcnNpc3QgYSBmYWN0IG9yIHJlbGF0aW9uc2hpcFxuLSBtZW1wYWxhY2Vfa2dfaW52YWxpZGF0ZTogS25vd2xlZGdlIGdyYXBoIGludmFsaWRhdGUg4oCUIG1hcmsgYSBmYWN0IGFzIG5vIGxvbmdlciB0cnVlXG4tIG1lbXBhbGFjZV9rZ190aW1lbGluZTogS25vd2xlZGdlIGdyYXBoIHRpbWVsaW5lIOKAlCBjaHJvbm9sb2dpY2FsIHZpZXcgb2YgZmFjdHNcblxuSW4gYWRkaXRpb24gdG8gdGhlIHRvb2xzIGFib3ZlLCB5b3UgbWF5IGhhdmUgYWNjZXNzIHRvIG90aGVyIGN1c3RvbSB0b29scyBkZXBlbmRpbmcgb24gdGhlIA==","request_body_truncated":true,"status":200,"latency_ms":0,"response_headers":{"Cache-Control":["public, max-age=0, must-revalidate"],"Content-Encoding":["identity"],"Content-Security-Policy-Report-Only":["default-src 'self'; base-uri 'self'; object-src 'none'; frame-ancestors 'self'; form-action 'self'; script-src 'self' 'unsafe-inline' 'wasm-unsafe-eval' https://www.googletagmanager.com https://utt.impactcdn.com https://login.kilo.ai https://login-test.kilo.ai https://js.stripe.com https://*.js.stripe.com https://checkout.stripe.com https://challenges.cloudflare.com https://widget.usepylon.com https://assets.churnkey.co; connect-src 'self' https://auth.kilo.ai https://us.i.posthog.com https://us-assets.i.posthog.com https://api.stripe.com https://r.stripe.com https://m.stripe.com https://checkout.stripe.com https://utt.impactcdn.com https://cdn.jsdelivr.net https://unpkg.com https://widget.usepylon.com https://assets.churnkey.co https://api.churnkey.co https://*.churnkey.co https://*.d.kiloapps.io https://e115e769bcdd4c3d66af59d3332cb394.r2.cloudflarestorage.com wss://cloud-agent-next.kilosessions.ai wss://ingest.kilosessions.ai https://gastown.kiloapps.io wss://gastown.kiloapps.io; img-src 'self' data: blob: https://lh3.googleusercontent.com https://avatars.githubusercontent.com https://secure.gravatar.com https://gravatar.com https://media.licdn.com https://cdn.discordapp.com https://gitlab.com https://*.stripe.com https://www.googletagmanager.com https://utt.impactcdn.com https://widget.usepylon.com https://assets.churnkey.co https://*.churnkey.co https://www.gravatar.com https://openrouter.ai https://e115e769bcdd4c3d66af59d3332cb394.r2.cloudflarestorage.com; style-src 'self' 'unsafe-inline'; font-src 'self' data:; frame-src 'self' https://js.stripe.com https://*.js.stripe.com https://hooks.stripe.com https://checkout.stripe.com https://challenges.cloudflare.com https://www.youtube.com https://widget.usepylon.com https://assets.churnkey.co https://*.churnkey.co https://*.d.kiloapps.io; worker-src 'self' blob:; media-src 'self' blob:; manifest-src 'self'"],"Content-Type":["text/event-stream"],"Cross-Origin-Embedder-Policy-Report-Only":["require-corp"],"Cross-Origin-Opener-Policy":["same-origin"],"Cross-Origin-Resource-Policy":["same-origin"],"Date":["Fri, 10 Jul 2026 23:15:06 GMT"],"Permissions-Policy":["geolocation=(self), camera=(), microphone=()"],"Referrer-Policy":["strict-origin-when-cross-origin"],"Server":["Vercel"],"Strict-Transport-Security":["max-age=31536000; includeSubDomains"],"X-Content-Type-Options":["nosniff"],"X-Frame-Options":["SAMEORIGIN"],"X-Matched-Path":["/api/gateway/[...path]"],"X-Vercel-Cache":["MISS"],"X-Vercel-Id":["fra1::fra1::nt57w-1783725305169-245aa26d99be"],"X-Xss-Protection":["0"]},"route_matched":true,"compression_status":"","policy_allowed":true}
{"request_id":73,"ts":"2026-07-10T23:15:08.965415Z","method":"POST","path":"/chat/completions","provider":"kilo","endpoint":"kilo-chat","upstream":"api.kilo.ai","model":"deepseek/deepseek-v4-pro:discounted","stream":"true","request_body":"eyJtb2RlbCI6ImRlZXBzZWVrL2RlZXBzZWVrLXY0LXBybzpkaXNjb3VudGVkIiwibWVzc2FnZXMiOlt7InJvbGUiOiJzeXN0ZW0iLCJjb250ZW50IjoiWW91IGFyZSBhbiBleHBlcnQgY29kaW5nIGFzc2lzdGFudCBvcGVyYXRpbmcgaW5zaWRlIHBpLCBhIGNvZGluZyBhZ2VudCBoYXJuZXNzLiBZb3UgaGVscCB1c2VycyBieSByZWFkaW5nIGZpbGVzLCBleGVjdXRpbmcgY29tbWFuZHMsIGVkaXRpbmcgY29kZSwgYW5kIHdyaXRpbmcgbmV3IGZpbGVzLlxuXG5BdmFpbGFibGUgdG9vbHM6XG4tIG1lbXBhbGFjZV9zZWFyY2g6IFNlbWFudGljIG1lbW9yeSBzZWFyY2gg4oCUIGZpbmQgcGFzdCB3b3JrLCBkZWNpc2lvbnMsIGFuZCBjb252ZXJzYXRpb25zXG4tIG1lbXBhbGFjZV9zdGF0dXM6IFBhbGFjZSBvdmVydmlldyDigJQgd2luZ3MsIHJvb21zLCBhbmQgZHJhd2VyIGNvdW50c1xuLSBtZW1wYWxhY2Vfc3dlZXA6IFRhbmRlbSBtZW1vcnkgc3dlZXAg4oCUIGNhdGNoIHdoYXQgdGhlIHByaW1hcnkgbWluZXIgbWlzc2VkXG4tIG1lbXBhbGFjZV9zeW5jOiBQYWxhY2Ugc3luYyDigJQgcHJ1bmUgc3RhbGUgZHJhd2VycyBmcm9tIGRlbGV0ZWQgc2Vzc2lvbnNcbi0gbWVtcGFsYWNlX2tnX3F1ZXJ5OiBLbm93bGVkZ2UgZ3JhcGggcXVlcnkg4oCUIGZpbmQgcmVsYXRpb25zaGlwcyBmb3IgYW4gZW50aXR5XG4tIG1lbXBhbGFjZV9rZ19hZGQ6IEtub3dsZWRnZSBncmFwaCBhZGQg4oCUIHBlcnNpc3QgYSBmYWN0IG9yIHJlbGF0aW9uc2hpcFxuLSBtZW1wYWxhY2Vfa2dfaW52YWxpZGF0ZTogS25vd2xlZGdlIGdyYXBoIGludmFsaWRhdGUg4oCUIG1hcmsgYSBmYWN0IGFzIG5vIGxvbmdlciB0cnVlXG4tIG1lbXBhbGFjZV9rZ190aW1lbGluZTogS25vd2xlZGdlIGdyYXBoIHRpbWVsaW5lIOKAlCBjaHJvbm9sb2dpY2FsIHZpZXcgb2YgZmFjdHNcblxuSW4gYWRkaXRpb24gdG8gdGhlIHRvb2xzIGFib3ZlLCB5b3UgbWF5IGhhdmUgYWNjZXNzIHRvIG90aGVyIGN1c3RvbSB0b29scyBkZXBlbmRpbmcgb24gdGhlIA==","request_body_truncated":true,"status":200,"latency_ms":0,"response_headers":{"Cache-Control":["public, max-age=0, must-revalidate"],"Content-Encoding":["identity"],"Content-Security-Policy-Report-Only":["default-src 'self'; base-uri 'self'; object-src 'none'; frame-ancestors 'self'; form-action 'self'; script-src 'self' 'unsafe-inline' 'wasm-unsafe-eval' https://www.googletagmanager.com https://utt.impactcdn.com https://login.kilo.ai https://login-test.kilo.ai https://js.stripe.com https://*.js.stripe.com https://checkout.stripe.com https://challenges.cloudflare.com https://widget.usepylon.com https://assets.churnkey.co; connect-src 'self' https://auth.kilo.ai https://us.i.posthog.com https://us-assets.i.posthog.com https://api.stripe.com https://r.stripe.com https://m.stripe.com https://checkout.stripe.com https://utt.impactcdn.com https://cdn.jsdelivr.net https://unpkg.com https://widget.usepylon.com https://assets.churnkey.co https://api.churnkey.co https://*.churnkey.co https://*.d.kiloapps.io https://e115e769bcdd4c3d66af59d3332cb394.r2.cloudflarestorage.com wss://cloud-agent-next.kilosessions.ai wss://ingest.kilosessions.ai https://gastown.kiloapps.io wss://gastown.kiloapps.io; img-src 'self' data: blob: https://lh3.googleusercontent.com https://avatars.githubusercontent.com https://secure.gravatar.com https://gravatar.com https://media.licdn.com https://cdn.discordapp.com https://gitlab.com https://*.stripe.com https://www.googletagmanager.com https://utt.impactcdn.com https://widget.usepylon.com https://assets.churnkey.co https://*.churnkey.co https://www.gravatar.com https://openrouter.ai https://e115e769bcdd4c3d66af59d3332cb394.r2.cloudflarestorage.com; style-src 'self' 'unsafe-inline'; font-src 'self' data:; frame-src 'self' https://js.stripe.com https://*.js.stripe.com https://hooks.stripe.com https://checkout.stripe.com https://challenges.cloudflare.com https://www.youtube.com https://widget.usepylon.com https://assets.churnkey.co https://*.churnkey.co https://*.d.kiloapps.io; worker-src 'self' blob:; media-src 'self' blob:; manifest-src 'self'"],"Content-Type":["text/event-stream"],"Cross-Origin-Embedder-Policy-Report-Only":["require-corp"],"Cross-Origin-Opener-Policy":["same-origin"],"Cross-Origin-Resource-Policy":["same-origin"],"Date":["Fri, 10 Jul 2026 23:15:09 GMT"],"Permissions-Policy":["geolocation=(self), camera=(), microphone=()"],"Referrer-Policy":["strict-origin-when-cross-origin"],"Server":["Vercel"],"Strict-Transport-Security":["max-age=31536000; includeSubDomains"],"X-Content-Type-Options":["nosniff"],"X-Frame-Options":["SAMEORIGIN"],"X-Matched-Path":["/api/gateway/[...path]"],"X-Vercel-Cache":["MISS"],"X-Vercel-Id":["fra1::fra1::hfnw4-1783725308991-a4c87e3f4d26"],"X-Xss-Protection":["0"]},"route_matched":true,"compression_status":"","policy_allowed":true}
{"request_id":74,"ts":"2026-07-10T23:15:16.64716Z","method":"POST","path":"/chat/completions","provider":"kilo","endpoint":"kilo-chat","upstream":"api.kilo.ai","model":"deepseek/deepseek-v4-pro:discounted","stream":"true","request_body":"eyJtb2RlbCI6ImRlZXBzZWVrL2RlZXBzZWVrLXY0LXBybzpkaXNjb3VudGVkIiwibWVzc2FnZXMiOlt7InJvbGUiOiJzeXN0ZW0iLCJjb250ZW50IjoiWW91IGFyZSBhbiBleHBlcnQgY29kaW5nIGFzc2lzdGFudCBvcGVyYXRpbmcgaW5zaWRlIHBpLCBhIGNvZGluZyBhZ2VudCBoYXJuZXNzLiBZb3UgaGVscCB1c2VycyBieSByZWFkaW5nIGZpbGVzLCBleGVjdXRpbmcgY29tbWFuZHMsIGVkaXRpbmcgY29kZSwgYW5kIHdyaXRpbmcgbmV3IGZpbGVzLlxuXG5BdmFpbGFibGUgdG9vbHM6XG4tIG1lbXBhbGFjZV9zZWFyY2g6IFNlbWFudGljIG1lbW9yeSBzZWFyY2gg4oCUIGZpbmQgcGFzdCB3b3JrLCBkZWNpc2lvbnMsIGFuZCBjb252ZXJzYXRpb25zXG4tIG1lbXBhbGFjZV9zdGF0dXM6IFBhbGFjZSBvdmVydmlldyDigJQgd2luZ3MsIHJvb21zLCBhbmQgZHJhd2VyIGNvdW50c1xuLSBtZW1wYWxhY2Vfc3dlZXA6IFRhbmRlbSBtZW1vcnkgc3dlZXAg4oCUIGNhdGNoIHdoYXQgdGhlIHByaW1hcnkgbWluZXIgbWlzc2VkXG4tIG1lbXBhbGFjZV9zeW5jOiBQYWxhY2Ugc3luYyDigJQgcHJ1bmUgc3RhbGUgZHJhd2VycyBmcm9tIGRlbGV0ZWQgc2Vzc2lvbnNcbi0gbWVtcGFsYWNlX2tnX3F1ZXJ5OiBLbm93bGVkZ2UgZ3JhcGggcXVlcnkg4oCUIGZpbmQgcmVsYXRpb25zaGlwcyBmb3IgYW4gZW50aXR5XG4tIG1lbXBhbGFjZV9rZ19hZGQ6IEtub3dsZWRnZSBncmFwaCBhZGQg4oCUIHBlcnNpc3QgYSBmYWN0IG9yIHJlbGF0aW9uc2hpcFxuLSBtZW1wYWxhY2Vfa2dfaW52YWxpZGF0ZTogS25vd2xlZGdlIGdyYXBoIGludmFsaWRhdGUg4oCUIG1hcmsgYSBmYWN0IGFzIG5vIGxvbmdlciB0cnVlXG4tIG1lbXBhbGFjZV9rZ190aW1lbGluZTogS25vd2xlZGdlIGdyYXBoIHRpbWVsaW5lIOKAlCBjaHJvbm9sb2dpY2FsIHZpZXcgb2YgZmFjdHNcblxuSW4gYWRkaXRpb24gdG8gdGhlIHRvb2xzIGFib3ZlLCB5b3UgbWF5IGhhdmUgYWNjZXNzIHRvIG90aGVyIGN1c3RvbSB0b29scyBkZXBlbmRpbmcgb24gdGhlIA==","request_body_truncated":true,"status":200,"latency_ms":0,"response_headers":{"Cache-Control":["public, max-age=0, must-revalidate"],"Content-Encoding":["identity"],"Content-Security-Policy-Report-Only":["default-src 'self'; base-uri 'self'; object-src 'none'; frame-ancestors 'self'; form-action 'self'; script-src 'self' 'unsafe-inline' 'wasm-unsafe-eval' https://www.googletagmanager.com https://utt.impactcdn.com https://login.kilo.ai https://login-test.kilo.ai https://js.stripe.com https://*.js.stripe.com https://checkout.stripe.com https://challenges.cloudflare.com https://widget.usepylon.com https://assets.churnkey.co; connect-src 'self' https://auth.kilo.ai https://us.i.posthog.com https://us-assets.i.posthog.com https://api.stripe.com https://r.stripe.com https://m.stripe.com https://checkout.stripe.com https://utt.impactcdn.com https://cdn.jsdelivr.net https://unpkg.com https://widget.usepylon.com https://assets.churnkey.co https://api.churnkey.co https://*.churnkey.co https://*.d.kiloapps.io https://e115e769bcdd4c3d66af59d3332cb394.r2.cloudflarestorage.com wss://cloud-agent-next.kilosessions.ai wss://ingest.kilosessions.ai https://gastown.kiloapps.io wss://gastown.kiloapps.io; img-src 'self' data: blob: https://lh3.googleusercontent.com https://avatars.githubusercontent.com https://secure.gravatar.com https://gravatar.com https://media.licdn.com https://cdn.discordapp.com https://gitlab.com https://*.stripe.com https://www.googletagmanager.com https://utt.impactcdn.com https://widget.usepylon.com https://assets.churnkey.co https://*.churnkey.co https://www.gravatar.com https://openrouter.ai https://e115e769bcdd4c3d66af59d3332cb394.r2.cloudflarestorage.com; style-src 'self' 'unsafe-inline'; font-src 'self' data:; frame-src 'self' https://js.stripe.com https://*.js.stripe.com https://hooks.stripe.com https://checkout.stripe.com https://challenges.cloudflare.com https://www.youtube.com https://widget.usepylon.com https://assets.churnkey.co https://*.churnkey.co https://*.d.kiloapps.io; worker-src 'self' blob:; media-src 'self' blob:; manifest-src 'self'"],"Content-Type":["text/event-stream"],"Cross-Origin-Embedder-Policy-Report-Only":["require-corp"],"Cross-Origin-Opener-Policy":["same-origin"],"Cross-Origin-Resource-Policy":["same-origin"],"Date":["Fri, 10 Jul 2026 23:15:17 GMT"],"Permissions-Policy":["geolocation=(self), camera=(), microphone=()"],"Referrer-Policy":["strict-origin-when-cross-origin"],"Server":["Vercel"],"Strict-Transport-Security":["max-age=31536000; includeSubDomains"],"X-Content-Type-Options":["nosniff"],"X-Frame-Options":["SAMEORIGIN"],"X-Matched-Path":["/api/gateway/[...path]"],"X-Vercel-Cache":["MISS"],"X-Vercel-Id":["fra1::fra1::9bglh-1783725316662-0b0f6f3daa47"],"X-Xss-Protection":["0"]},"route_matched":true,"compression_status":"","policy_allowed":true}
{"request_id":75,"ts":"2026-07-10T23:15:21.101998Z","method":"POST","path":"/chat/completions","provider":"kilo","endpoint":"kilo-chat","upstream":"api.kilo.ai","model":"deepseek/deepseek-v4-pro:discounted","stream":"true","request_body":"eyJtb2RlbCI6ImRlZXBzZWVrL2RlZXBzZWVrLXY0LXBybzpkaXNjb3VudGVkIiwibWVzc2FnZXMiOlt7InJvbGUiOiJzeXN0ZW0iLCJjb250ZW50IjoiWW91IGFyZSBhbiBleHBlcnQgY29kaW5nIGFzc2lzdGFudCBvcGVyYXRpbmcgaW5zaWRlIHBpLCBhIGNvZGluZyBhZ2VudCBoYXJuZXNzLiBZb3UgaGVscCB1c2VycyBieSByZWFkaW5nIGZpbGVzLCBleGVjdXRpbmcgY29tbWFuZHMsIGVkaXRpbmcgY29kZSwgYW5kIHdyaXRpbmcgbmV3IGZpbGVzLlxuXG5BdmFpbGFibGUgdG9vbHM6XG4tIG1lbXBhbGFjZV9zZWFyY2g6IFNlbWFudGljIG1lbW9yeSBzZWFyY2gg4oCUIGZpbmQgcGFzdCB3b3JrLCBkZWNpc2lvbnMsIGFuZCBjb252ZXJzYXRpb25zXG4tIG1lbXBhbGFjZV9zdGF0dXM6IFBhbGFjZSBvdmVydmlldyDigJQgd2luZ3MsIHJvb21zLCBhbmQgZHJhd2VyIGNvdW50c1xuLSBtZW1wYWxhY2Vfc3dlZXA6IFRhbmRlbSBtZW1vcnkgc3dlZXAg4oCUIGNhdGNoIHdoYXQgdGhlIHByaW1hcnkgbWluZXIgbWlzc2VkXG4tIG1lbXBhbGFjZV9zeW5jOiBQYWxhY2Ugc3luYyDigJQgcHJ1bmUgc3RhbGUgZHJhd2VycyBmcm9tIGRlbGV0ZWQgc2Vzc2lvbnNcbi0gbWVtcGFsYWNlX2tnX3F1ZXJ5OiBLbm93bGVkZ2UgZ3JhcGggcXVlcnkg4oCUIGZpbmQgcmVsYXRpb25zaGlwcyBmb3IgYW4gZW50aXR5XG4tIG1lbXBhbGFjZV9rZ19hZGQ6IEtub3dsZWRnZSBncmFwaCBhZGQg4oCUIHBlcnNpc3QgYSBmYWN0IG9yIHJlbGF0aW9uc2hpcFxuLSBtZW1wYWxhY2Vfa2dfaW52YWxpZGF0ZTogS25vd2xlZGdlIGdyYXBoIGludmFsaWRhdGUg4oCUIG1hcmsgYSBmYWN0IGFzIG5vIGxvbmdlciB0cnVlXG4tIG1lbXBhbGFjZV9rZ190aW1lbGluZTogS25vd2xlZGdlIGdyYXBoIHRpbWVsaW5lIOKAlCBjaHJvbm9sb2dpY2FsIHZpZXcgb2YgZmFjdHNcblxuSW4gYWRkaXRpb24gdG8gdGhlIHRvb2xzIGFib3ZlLCB5b3UgbWF5IGhhdmUgYWNjZXNzIHRvIG90aGVyIGN1c3RvbSB0b29scyBkZXBlbmRpbmcgb24gdGhlIA==","request_body_truncated":true,"status":200,"latency_ms":0,"response_headers":{"Cache-Control":["public, max-age=0, must-revalidate"],"Content-Encoding":["identity"],"Content-Security-Policy-Report-Only":["default-src 'self'; base-uri 'self'; object-src 'none'; frame-ancestors 'self'; form-action 'self'; script-src 'self' 'unsafe-inline' 'wasm-unsafe-eval' https://www.googletagmanager.com https://utt.impactcdn.com https://login.kilo.ai https://login-test.kilo.ai https://js.stripe.com https://*.js.stripe.com https://checkout.stripe.com https://challenges.cloudflare.com https://widget.usepylon.com https://assets.churnkey.co; connect-src 'self' https://auth.kilo.ai https://us.i.posthog.com https://us-assets.i.posthog.com https://api.stripe.com https://r.stripe.com https://m.stripe.com https://checkout.stripe.com https://utt.impactcdn.com https://cdn.jsdelivr.net https://unpkg.com https://widget.usepylon.com https://assets.churnkey.co https://api.churnkey.co https://*.churnkey.co https://*.d.kiloapps.io https://e115e769bcdd4c3d66af59d3332cb394.r2.cloudflarestorage.com wss://cloud-agent-next.kilosessions.ai wss://ingest.kilosessions.ai https://gastown.kiloapps.io wss://gastown.kiloapps.io; img-src 'self' data: blob: https://lh3.googleusercontent.com https://avatars.githubusercontent.com https://secure.gravatar.com https://gravatar.com https://media.licdn.com https://cdn.discordapp.com https://gitlab.com https://*.stripe.com https://www.googletagmanager.com https://utt.impactcdn.com https://widget.usepylon.com https://assets.churnkey.co https://*.churnkey.co https://www.gravatar.com https://openrouter.ai https://e115e769bcdd4c3d66af59d3332cb394.r2.cloudflarestorage.com; style-src 'self' 'unsafe-inline'; font-src 'self' data:; frame-src 'self' https://js.stripe.com https://*.js.stripe.com https://hooks.stripe.com https://checkout.stripe.com https://challenges.cloudflare.com https://www.youtube.com https://widget.usepylon.com https://assets.churnkey.co https://*.churnkey.co https://*.d.kiloapps.io; worker-src 'self' blob:; media-src 'self' blob:; manifest-src 'self'"],"Content-Type":["text/event-stream"],"Cross-Origin-Embedder-Policy-Report-Only":["require-corp"],"Cross-Origin-Opener-Policy":["same-origin"],"Cross-Origin-Resource-Policy":["same-origin"],"Date":["Fri, 10 Jul 2026 23:15:22 GMT"],"Permissions-Policy":["geolocation=(self), camera=(), microphone=()"],"Referrer-Policy":["strict-origin-when-cross-origin"],"Server":["Vercel"],"Strict-Transport-Security":["max-age=31536000; includeSubDomains"],"X-Content-Type-Options":["nosniff"],"X-Frame-Options":["SAMEORIGIN"],"X-Matched-Path":["/api/gateway/[...path]"],"X-Vercel-Cache":["MISS"],"X-Vercel-Id":["fra1::fra1::gzrxr-1783725321115-5adfbc6622ef"],"X-Xss-Protection":["0"]},"route_matched":true,"compression_status":"","policy_allowed":true}
{"request_id":76,"ts":"2026-07-10T23:15:41.067189Z","method":"POST","path":"/chat/completions","provider":"kilo","endpoint":"kilo-chat","upstream":"api.kilo.ai","model":"deepseek/deepseek-v4-pro:discounted","stream":"true","request_body":"eyJtb2RlbCI6ImRlZXBzZWVrL2RlZXBzZWVrLXY0LXBybzpkaXNjb3VudGVkIiwibWVzc2FnZXMiOlt7InJvbGUiOiJzeXN0ZW0iLCJjb250ZW50IjoiWW91IGFyZSBhbiBleHBlcnQgY29kaW5nIGFzc2lzdGFudCBvcGVyYXRpbmcgaW5zaWRlIHBpLCBhIGNvZGluZyBhZ2VudCBoYXJuZXNzLiBZb3UgaGVscCB1c2VycyBieSByZWFkaW5nIGZpbGVzLCBleGVjdXRpbmcgY29tbWFuZHMsIGVkaXRpbmcgY29kZSwgYW5kIHdyaXRpbmcgbmV3IGZpbGVzLlxuXG5BdmFpbGFibGUgdG9vbHM6XG4tIG1lbXBhbGFjZV9zZWFyY2g6IFNlbWFudGljIG1lbW9yeSBzZWFyY2gg4oCUIGZpbmQgcGFzdCB3b3JrLCBkZWNpc2lvbnMsIGFuZCBjb252ZXJzYXRpb25zXG4tIG1lbXBhbGFjZV9zdGF0dXM6IFBhbGFjZSBvdmVydmlldyDigJQgd2luZ3MsIHJvb21zLCBhbmQgZHJhd2VyIGNvdW50c1xuLSBtZW1wYWxhY2Vfc3dlZXA6IFRhbmRlbSBtZW1vcnkgc3dlZXAg4oCUIGNhdGNoIHdoYXQgdGhlIHByaW1hcnkgbWluZXIgbWlzc2VkXG4tIG1lbXBhbGFjZV9zeW5jOiBQYWxhY2Ugc3luYyDigJQgcHJ1bmUgc3RhbGUgZHJhd2VycyBmcm9tIGRlbGV0ZWQgc2Vzc2lvbnNcbi0gbWVtcGFsYWNlX2tnX3F1ZXJ5OiBLbm93bGVkZ2UgZ3JhcGggcXVlcnkg4oCUIGZpbmQgcmVsYXRpb25zaGlwcyBmb3IgYW4gZW50aXR5XG4tIG1lbXBhbGFjZV9rZ19hZGQ6IEtub3dsZWRnZSBncmFwaCBhZGQg4oCUIHBlcnNpc3QgYSBmYWN0IG9yIHJlbGF0aW9uc2hpcFxuLSBtZW1wYWxhY2Vfa2dfaW52YWxpZGF0ZTogS25vd2xlZGdlIGdyYXBoIGludmFsaWRhdGUg4oCUIG1hcmsgYSBmYWN0IGFzIG5vIGxvbmdlciB0cnVlXG4tIG1lbXBhbGFjZV9rZ190aW1lbGluZTogS25vd2xlZGdlIGdyYXBoIHRpbWVsaW5lIOKAlCBjaHJvbm9sb2dpY2FsIHZpZXcgb2YgZmFjdHNcblxuSW4gYWRkaXRpb24gdG8gdGhlIHRvb2xzIGFib3ZlLCB5b3UgbWF5IGhhdmUgYWNjZXNzIHRvIG90aGVyIGN1c3RvbSB0b29scyBkZXBlbmRpbmcgb24gdGhlIA==","request_body_truncated":true,"status":200,"latency_ms":0,"response_headers":{"Cache-Control":["public, max-age=0, must-revalidate"],"Content-Encoding":["identity"],"Content-Security-Policy-Report-Only":["default-src 'self'; base-uri 'self'; object-src 'none'; frame-ancestors 'self'; form-action 'self'; script-src 'self' 'unsafe-inline' 'wasm-unsafe-eval' https://www.googletagmanager.com https://utt.impactcdn.com https://login.kilo.ai https://login-test.kilo.ai https://js.stripe.com https://*.js.stripe.com https://checkout.stripe.com https://challenges.cloudflare.com https://widget.usepylon.com https://assets.churnkey.co; connect-src 'self' https://auth.kilo.ai https://us.i.posthog.com https://us-assets.i.posthog.com https://api.stripe.com https://r.stripe.com https://m.stripe.com https://checkout.stripe.com https://utt.impactcdn.com https://cdn.jsdelivr.net https://unpkg.com https://widget.usepylon.com https://assets.churnkey.co https://api.churnkey.co https://*.churnkey.co https://*.d.kiloapps.io https://e115e769bcdd4c3d66af59d3332cb394.r2.cloudflarestorage.com wss://cloud-agent-next.kilosessions.ai wss://ingest.kilosessions.ai https://gastown.kiloapps.io wss://gastown.kiloapps.io; img-src 'self' data: blob: https://lh3.googleusercontent.com https://avatars.githubusercontent.com https://secure.gravatar.com https://gravatar.com https://media.licdn.com https://cdn.discordapp.com https://gitlab.com https://*.stripe.com https://www.googletagmanager.com https://utt.impactcdn.com https://widget.usepylon.com https://assets.churnkey.co https://*.churnkey.co https://www.gravatar.com https://openrouter.ai https://e115e769bcdd4c3d66af59d3332cb394.r2.cloudflarestorage.com; style-src 'self' 'unsafe-inline'; font-src 'self' data:; frame-src 'self' https://js.stripe.com https://*.js.stripe.com https://hooks.stripe.com https://checkout.stripe.com https://challenges.cloudflare.com https://www.youtube.com https://widget.usepylon.com https://assets.churnkey.co https://*.churnkey.co https://*.d.kiloapps.io; worker-src 'self' blob:; media-src 'self' blob:; manifest-src 'self'"],"Content-Type":["text/event-stream"],"Cross-Origin-Embedder-Policy-Report-Only":["require-corp"],"Cross-Origin-Opener-Policy":["same-origin"],"Cross-Origin-Resource-Policy":["same-origin"],"Date":["Fri, 10 Jul 2026 23:15:42 GMT"],"Permissions-Policy":["geolocation=(self), camera=(), microphone=()"],"Referrer-Policy":["strict-origin-when-cross-origin"],"Server":["Vercel"],"Strict-Transport-Security":["max-age=31536000; includeSubDomains"],"X-Content-Type-Options":["nosniff"],"X-Frame-Options":["SAMEORIGIN"],"X-Matched-Path":["/api/gateway/[...path]"],"X-Vercel-Cache":["MISS"],"X-Vercel-Id":["fra1::fra1::gxkcs-1783725341082-c3555d749c46"],"X-Xss-Protection":["0"]},"route_matched":true,"compression_status":"","policy_allowed":true}
{"request_id":77,"ts":"2026-07-10T23:15:50.883822Z","method":"POST","path":"/chat/completions","provider":"kilo","endpoint":"kilo-chat","upstream":"api.kilo.ai","model":"deepseek/deepseek-v4-pro:discounted","stream":"true","request_body":"eyJtb2RlbCI6ImRlZXBzZWVrL2RlZXBzZWVrLXY0LXBybzpkaXNjb3VudGVkIiwibWVzc2FnZXMiOlt7InJvbGUiOiJzeXN0ZW0iLCJjb250ZW50IjoiWW91IGFyZSBhbiBleHBlcnQgY29kaW5nIGFzc2lzdGFudCBvcGVyYXRpbmcgaW5zaWRlIHBpLCBhIGNvZGluZyBhZ2VudCBoYXJuZXNzLiBZb3UgaGVscCB1c2VycyBieSByZWFkaW5nIGZpbGVzLCBleGVjdXRpbmcgY29tbWFuZHMsIGVkaXRpbmcgY29kZSwgYW5kIHdyaXRpbmcgbmV3IGZpbGVzLlxuXG5BdmFpbGFibGUgdG9vbHM6XG4tIG1lbXBhbGFjZV9zZWFyY2g6IFNlbWFudGljIG1lbW9yeSBzZWFyY2gg4oCUIGZpbmQgcGFzdCB3b3JrLCBkZWNpc2lvbnMsIGFuZCBjb252ZXJzYXRpb25zXG4tIG1lbXBhbGFjZV9zdGF0dXM6IFBhbGFjZSBvdmVydmlldyDigJQgd2luZ3MsIHJvb21zLCBhbmQgZHJhd2VyIGNvdW50c1xuLSBtZW1wYWxhY2Vfc3dlZXA6IFRhbmRlbSBtZW1vcnkgc3dlZXAg4oCUIGNhdGNoIHdoYXQgdGhlIHByaW1hcnkgbWluZXIgbWlzc2VkXG4tIG1lbXBhbGFjZV9zeW5jOiBQYWxhY2Ugc3luYyDigJQgcHJ1bmUgc3RhbGUgZHJhd2VycyBmcm9tIGRlbGV0ZWQgc2Vzc2lvbnNcbi0gbWVtcGFsYWNlX2tnX3F1ZXJ5OiBLbm93bGVkZ2UgZ3JhcGggcXVlcnkg4oCUIGZpbmQgcmVsYXRpb25zaGlwcyBmb3IgYW4gZW50aXR5XG4tIG1lbXBhbGFjZV9rZ19hZGQ6IEtub3dsZWRnZSBncmFwaCBhZGQg4oCUIHBlcnNpc3QgYSBmYWN0IG9yIHJlbGF0aW9uc2hpcFxuLSBtZW1wYWxhY2Vfa2dfaW52YWxpZGF0ZTogS25vd2xlZGdlIGdyYXBoIGludmFsaWRhdGUg4oCUIG1hcmsgYSBmYWN0IGFzIG5vIGxvbmdlciB0cnVlXG4tIG1lbXBhbGFjZV9rZ190aW1lbGluZTogS25vd2xlZGdlIGdyYXBoIHRpbWVsaW5lIOKAlCBjaHJvbm9sb2dpY2FsIHZpZXcgb2YgZmFjdHNcblxuSW4gYWRkaXRpb24gdG8gdGhlIHRvb2xzIGFib3ZlLCB5b3UgbWF5IGhhdmUgYWNjZXNzIHRvIG90aGVyIGN1c3RvbSB0b29scyBkZXBlbmRpbmcgb24gdGhlIA==","request_body_truncated":true,"status":200,"latency_ms":0,"response_headers":{"Cache-Control":["public, max-age=0, must-revalidate"],"Content-Encoding":["identity"],"Content-Security-Policy-Report-Only":["default-src 'self'; base-uri 'self'; object-src 'none'; frame-ancestors 'self'; form-action 'self'; script-src 'self' 'unsafe-inline' 'wasm-unsafe-eval' https://www.googletagmanager.com https://utt.impactcdn.com https://login.kilo.ai https://login-test.kilo.ai https://js.stripe.com https://*.js.stripe.com https://checkout.stripe.com https://challenges.cloudflare.com https://widget.usepylon.com https://assets.churnkey.co; connect-src 'self' https://auth.kilo.ai https://us.i.posthog.com https://us-assets.i.posthog.com https://api.stripe.com https://r.stripe.com https://m.stripe.com https://checkout.stripe.com https://utt.impactcdn.com https://cdn.jsdelivr.net https://unpkg.com https://widget.usepylon.com https://assets.churnkey.co https://api.churnkey.co https://*.churnkey.co https://*.d.kiloapps.io https://e115e769bcdd4c3d66af59d3332cb394.r2.cloudflarestorage.com wss://cloud-agent-next.kilosessions.ai wss://ingest.kilosessions.ai https://gastown.kiloapps.io wss://gastown.kiloapps.io; img-src 'self' data: blob: https://lh3.googleusercontent.com https://avatars.githubusercontent.com https://secure.gravatar.com https://gravatar.com https://media.licdn.com https://cdn.discordapp.com https://gitlab.com https://*.stripe.com https://www.googletagmanager.com https://utt.impactcdn.com https://widget.usepylon.com https://assets.churnkey.co https://*.churnkey.co https://www.gravatar.com https://openrouter.ai https://e115e769bcdd4c3d66af59d3332cb394.r2.cloudflarestorage.com; style-src 'self' 'unsafe-inline'; font-src 'self' data:; frame-src 'self' https://js.stripe.com https://*.js.stripe.com https://hooks.stripe.com https://checkout.stripe.com https://challenges.cloudflare.com https://www.youtube.com https://widget.usepylon.com https://assets.churnkey.co https://*.churnkey.co https://*.d.kiloapps.io; worker-src 'self' blob:; media-src 'self' blob:; manifest-src 'self'"],"Content-Type":["text/event-stream"],"Cross-Origin-Embedder-Policy-Report-Only":["require-corp"],"Cross-Origin-Opener-Policy":["same-origin"],"Cross-Origin-Resource-Policy":["same-origin"],"Date":["Fri, 10 Jul 2026 23:15:52 GMT"],"Permissions-Policy":["geolocation=(self), camera=(), microphone=()"],"Referrer-Policy":["strict-origin-when-cross-origin"],"Server":["Vercel"],"Strict-Transport-Security":["max-age=31536000; includeSubDomains"],"X-Content-Type-Options":["nosniff"],"X-Frame-Options":["SAMEORIGIN"],"X-Matched-Path":["/api/gateway/[...path]"],"X-Vercel-Cache":["MISS"],"X-Vercel-Id":["fra1::fra1::2f7mg-1783725350967-15b7a3283408"],"X-Xss-Protection":["0"]},"route_matched":true,"compression_status":"","policy_allowed":true}
{"request_id":78,"ts":"2026-07-10T23:15:57.913687Z","method":"POST","path":"/chat/completions","provider":"kilo","endpoint":"kilo-chat","upstream":"api.kilo.ai","model":"deepseek/deepseek-v4-pro:discounted","stream":"true","request_body":"eyJtb2RlbCI6ImRlZXBzZWVrL2RlZXBzZWVrLXY0LXBybzpkaXNjb3VudGVkIiwibWVzc2FnZXMiOlt7InJvbGUiOiJzeXN0ZW0iLCJjb250ZW50IjoiWW91IGFyZSBhbiBleHBlcnQgY29kaW5nIGFzc2lzdGFudCBvcGVyYXRpbmcgaW5zaWRlIHBpLCBhIGNvZGluZyBhZ2VudCBoYXJuZXNzLiBZb3UgaGVscCB1c2VycyBieSByZWFkaW5nIGZpbGVzLCBleGVjdXRpbmcgY29tbWFuZHMsIGVkaXRpbmcgY29kZSwgYW5kIHdyaXRpbmcgbmV3IGZpbGVzLlxuXG5BdmFpbGFibGUgdG9vbHM6XG4tIG1lbXBhbGFjZV9zZWFyY2g6IFNlbWFudGljIG1lbW9yeSBzZWFyY2gg4oCUIGZpbmQgcGFzdCB3b3JrLCBkZWNpc2lvbnMsIGFuZCBjb252ZXJzYXRpb25zXG4tIG1lbXBhbGFjZV9zdGF0dXM6IFBhbGFjZSBvdmVydmlldyDigJQgd2luZ3MsIHJvb21zLCBhbmQgZHJhd2VyIGNvdW50c1xuLSBtZW1wYWxhY2Vfc3dlZXA6IFRhbmRlbSBtZW1vcnkgc3dlZXAg4oCUIGNhdGNoIHdoYXQgdGhlIHByaW1hcnkgbWluZXIgbWlzc2VkXG4tIG1lbXBhbGFjZV9zeW5jOiBQYWxhY2Ugc3luYyDigJQgcHJ1bmUgc3RhbGUgZHJhd2VycyBmcm9tIGRlbGV0ZWQgc2Vzc2lvbnNcbi0gbWVtcGFsYWNlX2tnX3F1ZXJ5OiBLbm93bGVkZ2UgZ3JhcGggcXVlcnkg4oCUIGZpbmQgcmVsYXRpb25zaGlwcyBmb3IgYW4gZW50aXR5XG4tIG1lbXBhbGFjZV9rZ19hZGQ6IEtub3dsZWRnZSBncmFwaCBhZGQg4oCUIHBlcnNpc3QgYSBmYWN0IG9yIHJlbGF0aW9uc2hpcFxuLSBtZW1wYWxhY2Vfa2dfaW52YWxpZGF0ZTogS25vd2xlZGdlIGdyYXBoIGludmFsaWRhdGUg4oCUIG1hcmsgYSBmYWN0IGFzIG5vIGxvbmdlciB0cnVlXG4tIG1lbXBhbGFjZV9rZ190aW1lbGluZTogS25vd2xlZGdlIGdyYXBoIHRpbWVsaW5lIOKAlCBjaHJvbm9sb2dpY2FsIHZpZXcgb2YgZmFjdHNcblxuSW4gYWRkaXRpb24gdG8gdGhlIHRvb2xzIGFib3ZlLCB5b3UgbWF5IGhhdmUgYWNjZXNzIHRvIG90aGVyIGN1c3RvbSB0b29scyBkZXBlbmRpbmcgb24gdGhlIA==","request_body_truncated":true,"status":200,"latency_ms":0,"response_headers":{"Cache-Control":["public, max-age=0, must-revalidate"],"Content-Encoding":["identity"],"Content-Security-Policy-Report-Only":["default-src 'self'; base-uri 'self'; object-src 'none'; frame-ancestors 'self'; form-action 'self'; script-src 'self' 'unsafe-inline' 'wasm-unsafe-eval' https://www.googletagmanager.com https://utt.impactcdn.com https://login.kilo.ai https://login-test.kilo.ai https://js.stripe.com https://*.js.stripe.com https://checkout.stripe.com https://challenges.cloudflare.com https://widget.usepylon.com https://assets.churnkey.co; connect-src 'self' https://auth.kilo.ai https://us.i.posthog.com https://us-assets.i.posthog.com https://api.stripe.com https://r.stripe.com https://m.stripe.com https://checkout.stripe.com https://utt.impactcdn.com https://cdn.jsdelivr.net https://unpkg.com https://widget.usepylon.com https://assets.churnkey.co https://api.churnkey.co https://*.churnkey.co https://*.d.kiloapps.io https://e115e769bcdd4c3d66af59d3332cb394.r2.cloudflarestorage.com wss://cloud-agent-next.kilosessions.ai wss://ingest.kilosessions.ai https://gastown.kiloapps.io wss://gastown.kiloapps.io; img-src 'self' data: blob: https://lh3.googleusercontent.com https://avatars.githubusercontent.com https://secure.gravatar.com https://gravatar.com https://media.licdn.com https://cdn.discordapp.com https://gitlab.com https://*.stripe.com https://www.googletagmanager.com https://utt.impactcdn.com https://widget.usepylon.com https://assets.churnkey.co https://*.churnkey.co https://www.gravatar.com https://openrouter.ai https://e115e769bcdd4c3d66af59d3332cb394.r2.cloudflarestorage.com; style-src 'self' 'unsafe-inline'; font-src 'self' data:; frame-src 'self' https://js.stripe.com https://*.js.stripe.com https://hooks.stripe.com https://checkout.stripe.com https://challenges.cloudflare.com https://www.youtube.com https://widget.usepylon.com https://assets.churnkey.co https://*.churnkey.co https://*.d.kiloapps.io; worker-src 'self' blob:; media-src 'self' blob:; manifest-src 'self'"],"Content-Type":["text/event-stream"],"Cross-Origin-Embedder-Policy-Report-Only":["require-corp"],"Cross-Origin-Opener-Policy":["same-origin"],"Cross-Origin-Resource-Policy":["same-origin"],"Date":["Fri, 10 Jul 2026 23:15:59 GMT"],"Permissions-Policy":["geolocation=(self), camera=(), microphone=()"],"Referrer-Policy":["strict-origin-when-cross-origin"],"Server":["Vercel"],"Strict-Transport-Security":["max-age=31536000; includeSubDomains"],"X-Content-Type-Options":["nosniff"],"X-Frame-Options":["SAMEORIGIN"],"X-Matched-Path":["/api/gateway/[...path]"],"X-Vercel-Cache":["MISS"],"X-Vercel-Id":["fra1::fra1::2bh9z-1783725357928-6a4ba9d45743"],"X-Xss-Protection":["0"]},"route_matched":true,"compression_status":"","policy_allowed":true}
{"request_id":79,"ts":"2026-07-10T23:16:00.82103Z","method":"POST","path":"/chat/completions","provider":"kilo","endpoint":"kilo-chat","upstream":"api.kilo.ai","model":"deepseek/deepseek-v4-pro:discounted","stream":"true","request_body":"eyJtb2RlbCI6ImRlZXBzZWVrL2RlZXBzZWVrLXY0LXBybzpkaXNjb3VudGVkIiwibWVzc2FnZXMiOlt7InJvbGUiOiJzeXN0ZW0iLCJjb250ZW50IjoiWW91IGFyZSBhbiBleHBlcnQgY29kaW5nIGFzc2lzdGFudCBvcGVyYXRpbmcgaW5zaWRlIHBpLCBhIGNvZGluZyBhZ2VudCBoYXJuZXNzLiBZb3UgaGVscCB1c2VycyBieSByZWFkaW5nIGZpbGVzLCBleGVjdXRpbmcgY29tbWFuZHMsIGVkaXRpbmcgY29kZSwgYW5kIHdyaXRpbmcgbmV3IGZpbGVzLlxuXG5BdmFpbGFibGUgdG9vbHM6XG4tIG1lbXBhbGFjZV9zZWFyY2g6IFNlbWFudGljIG1lbW9yeSBzZWFyY2gg4oCUIGZpbmQgcGFzdCB3b3JrLCBkZWNpc2lvbnMsIGFuZCBjb252ZXJzYXRpb25zXG4tIG1lbXBhbGFjZV9zdGF0dXM6IFBhbGFjZSBvdmVydmlldyDigJQgd2luZ3MsIHJvb21zLCBhbmQgZHJhd2VyIGNvdW50c1xuLSBtZW1wYWxhY2Vfc3dlZXA6IFRhbmRlbSBtZW1vcnkgc3dlZXAg4oCUIGNhdGNoIHdoYXQgdGhlIHByaW1hcnkgbWluZXIgbWlzc2VkXG4tIG1lbXBhbGFjZV9zeW5jOiBQYWxhY2Ugc3luYyDigJQgcHJ1bmUgc3RhbGUgZHJhd2VycyBmcm9tIGRlbGV0ZWQgc2Vzc2lvbnNcbi0gbWVtcGFsYWNlX2tnX3F1ZXJ5OiBLbm93bGVkZ2UgZ3JhcGggcXVlcnkg4oCUIGZpbmQgcmVsYXRpb25zaGlwcyBmb3IgYW4gZW50aXR5XG4tIG1lbXBhbGFjZV9rZ19hZGQ6IEtub3dsZWRnZSBncmFwaCBhZGQg4oCUIHBlcnNpc3QgYSBmYWN0IG9yIHJlbGF0aW9uc2hpcFxuLSBtZW1wYWxhY2Vfa2dfaW52YWxpZGF0ZTogS25vd2xlZGdlIGdyYXBoIGludmFsaWRhdGUg4oCUIG1hcmsgYSBmYWN0IGFzIG5vIGxvbmdlciB0cnVlXG4tIG1lbXBhbGFjZV9rZ190aW1lbGluZTogS25vd2xlZGdlIGdyYXBoIHRpbWVsaW5lIOKAlCBjaHJvbm9sb2dpY2FsIHZpZXcgb2YgZmFjdHNcblxuSW4gYWRkaXRpb24gdG8gdGhlIHRvb2xzIGFib3ZlLCB5b3UgbWF5IGhhdmUgYWNjZXNzIHRvIG90aGVyIGN1c3RvbSB0b29scyBkZXBlbmRpbmcgb24gdGhlIA==","request_body_truncated":true,"status":200,"latency_ms":0,"response_headers":{"Cache-Control":["public, max-age=0, must-revalidate"],"Content-Encoding":["identity"],"Content-Security-Policy-Report-Only":["default-src 'self'; base-uri 'self'; object-src 'none'; frame-ancestors 'self'; form-action 'self'; script-src 'self' 'unsafe-inline' 'wasm-unsafe-eval' https://www.googletagmanager.com https://utt.impactcdn.com https://login.kilo.ai https://login-test.kilo.ai https://js.stripe.com https://*.js.stripe.com https://checkout.stripe.com https://challenges.cloudflare.com https://widget.usepylon.com https://assets.churnkey.co; connect-src 'self' https://auth.kilo.ai https://us.i.posthog.com https://us-assets.i.posthog.com https://api.stripe.com https://r.stripe.com https://m.stripe.com https://checkout.stripe.com https://utt.impactcdn.com https://cdn.jsdelivr.net https://unpkg.com https://widget.usepylon.com https://assets.churnkey.co https://api.churnkey.co https://*.churnkey.co https://*.d.kiloapps.io https://e115e769bcdd4c3d66af59d3332cb394.r2.cloudflarestorage.com wss://cloud-agent-next.kilosessions.ai wss://ingest.kilosessions.ai https://gastown.kiloapps.io wss://gastown.kiloapps.io; img-src 'self' data: blob: https://lh3.googleusercontent.com https://avatars.githubusercontent.com https://secure.gravatar.com https://gravatar.com https://media.licdn.com https://cdn.discordapp.com https://gitlab.com https://*.stripe.com https://www.googletagmanager.com https://utt.impactcdn.com https://widget.usepylon.com https://assets.churnkey.co https://*.churnkey.co https://www.gravatar.com https://openrouter.ai https://e115e769bcdd4c3d66af59d3332cb394.r2.cloudflarestorage.com; style-src 'self' 'unsafe-inline'; font-src 'self' data:; frame-src 'self' https://js.stripe.com https://*.js.stripe.com https://hooks.stripe.com https://checkout.stripe.com https://challenges.cloudflare.com https://www.youtube.com https://widget.usepylon.com https://assets.churnkey.co https://*.churnkey.co https://*.d.kiloapps.io; worker-src 'self' blob:; media-src 'self' blob:; manifest-src 'self'"],"Content-Type":["text/event-stream"],"Cross-Origin-Embedder-Policy-Report-Only":["require-corp"],"Cross-Origin-Opener-Policy":["same-origin"],"Cross-Origin-Resource-Policy":["same-origin"],"Date":["Fri, 10 Jul 2026 23:16:02 GMT"],"Permissions-Policy":["geolocation=(self), camera=(), microphone=()"],"Referrer-Policy":["strict-origin-when-cross-origin"],"Server":["Vercel"],"Strict-Transport-Security":["max-age=31536000; includeSubDomains"],"X-Content-Type-Options":["nosniff"],"X-Frame-Options":["SAMEORIGIN"],"X-Matched-Path":["/api/gateway/[...path]"],"X-Vercel-Cache":["MISS"],"X-Vercel-Id":["fra1::fra1::w7cpb-1783725360839-e352e43e1d3c"],"X-Xss-Protection":["0"]},"route_matched":true,"compression_status":"","policy_allowed":true}
{"request_id":80,"ts":"2026-07-10T23:16:04.182118Z","method":"POST","path":"/chat/completions","provider":"kilo","endpoint":"kilo-chat","upstream":"api.kilo.ai","model":"deepseek/deepseek-v4-pro:discounted","stream":"true","request_body":"eyJtb2RlbCI6ImRlZXBzZWVrL2RlZXBzZWVrLXY0LXBybzpkaXNjb3VudGVkIiwibWVzc2FnZXMiOlt7InJvbGUiOiJzeXN0ZW0iLCJjb250ZW50IjoiWW91IGFyZSBhbiBleHBlcnQgY29kaW5nIGFzc2lzdGFudCBvcGVyYXRpbmcgaW5zaWRlIHBpLCBhIGNvZGluZyBhZ2VudCBoYXJuZXNzLiBZb3UgaGVscCB1c2VycyBieSByZWFkaW5nIGZpbGVzLCBleGVjdXRpbmcgY29tbWFuZHMsIGVkaXRpbmcgY29kZSwgYW5kIHdyaXRpbmcgbmV3IGZpbGVzLlxuXG5BdmFpbGFibGUgdG9vbHM6XG4tIG1lbXBhbGFjZV9zZWFyY2g6IFNlbWFudGljIG1lbW9yeSBzZWFyY2gg4oCUIGZpbmQgcGFzdCB3b3JrLCBkZWNpc2lvbnMsIGFuZCBjb252ZXJzYXRpb25zXG4tIG1lbXBhbGFjZV9zdGF0dXM6IFBhbGFjZSBvdmVydmlldyDigJQgd2luZ3MsIHJvb21zLCBhbmQgZHJhd2VyIGNvdW50c1xuLSBtZW1wYWxhY2Vfc3dlZXA6IFRhbmRlbSBtZW1vcnkgc3dlZXAg4oCUIGNhdGNoIHdoYXQgdGhlIHByaW1hcnkgbWluZXIgbWlzc2VkXG4tIG1lbXBhbGFjZV9zeW5jOiBQYWxhY2Ugc3luYyDigJQgcHJ1bmUgc3RhbGUgZHJhd2VycyBmcm9tIGRlbGV0ZWQgc2Vzc2lvbnNcbi0gbWVtcGFsYWNlX2tnX3F1ZXJ5OiBLbm93bGVkZ2UgZ3JhcGggcXVlcnkg4oCUIGZpbmQgcmVsYXRpb25zaGlwcyBmb3IgYW4gZW50aXR5XG4tIG1lbXBhbGFjZV9rZ19hZGQ6IEtub3dsZWRnZSBncmFwaCBhZGQg4oCUIHBlcnNpc3QgYSBmYWN0IG9yIHJlbGF0aW9uc2hpcFxuLSBtZW1wYWxhY2Vfa2dfaW52YWxpZGF0ZTogS25vd2xlZGdlIGdyYXBoIGludmFsaWRhdGUg4oCUIG1hcmsgYSBmYWN0IGFzIG5vIGxvbmdlciB0cnVlXG4tIG1lbXBhbGFjZV9rZ190aW1lbGluZTogS25vd2xlZGdlIGdyYXBoIHRpbWVsaW5lIOKAlCBjaHJvbm9sb2dpY2FsIHZpZXcgb2YgZmFjdHNcblxuSW4gYWRkaXRpb24gdG8gdGhlIHRvb2xzIGFib3ZlLCB5b3UgbWF5IGhhdmUgYWNjZXNzIHRvIG90aGVyIGN1c3RvbSB0b29scyBkZXBlbmRpbmcgb24gdGhlIA==","request_body_truncated":true,"status":200,"latency_ms":0,"response_headers":{"Cache-Control":["public, max-age=0, must-revalidate"],"Content-Encoding":["identity"],"Content-Security-Policy-Report-Only":["default-src 'self'; base-uri 'self'; object-src 'none'; frame-ancestors 'self'; form-action 'self'; script-src 'self' 'unsafe-inline' 'wasm-unsafe-eval' https://www.googletagmanager.com https://utt.impactcdn.com https://login.kilo.ai https://login-test.kilo.ai https://js.stripe.com https://*.js.stripe.com https://checkout.stripe.com https://challenges.cloudflare.com https://widget.usepylon.com https://assets.churnkey.co; connect-src 'self' https://auth.kilo.ai https://us.i.posthog.com https://us-assets.i.posthog.com https://api.stripe.com https://r.stripe.com https://m.stripe.com https://checkout.stripe.com https://utt.impactcdn.com https://cdn.jsdelivr.net https://unpkg.com https://widget.usepylon.com https://assets.churnkey.co https://api.churnkey.co https://*.churnkey.co https://*.d.kiloapps.io https://e115e769bcdd4c3d66af59d3332cb394.r2.cloudflarestorage.com wss://cloud-agent-next.kilosessions.ai wss://ingest.kilosessions.ai https://gastown.kiloapps.io wss://gastown.kiloapps.io; img-src 'self' data: blob: https://lh3.googleusercontent.com https://avatars.githubusercontent.com https://secure.gravatar.com https://gravatar.com https://media.licdn.com https://cdn.discordapp.com https://gitlab.com https://*.stripe.com https://www.googletagmanager.com https://utt.impactcdn.com https://widget.usepylon.com https://assets.churnkey.co https://*.churnkey.co https://www.gravatar.com https://openrouter.ai https://e115e769bcdd4c3d66af59d3332cb394.r2.cloudflarestorage.com; style-src 'self' 'unsafe-inline'; font-src 'self' data:; frame-src 'self' https://js.stripe.com https://*.js.stripe.com https://hooks.stripe.com https://checkout.stripe.com https://challenges.cloudflare.com https://www.youtube.com https://widget.usepylon.com https://assets.churnkey.co https://*.churnkey.co https://*.d.kiloapps.io; worker-src 'self' blob:; media-src 'self' blob:; manifest-src 'self'"],"Content-Type":["text/event-stream"],"Cross-Origin-Embedder-Policy-Report-Only":["require-corp"],"Cross-Origin-Opener-Policy":["same-origin"],"Cross-Origin-Resource-Policy":["same-origin"],"Date":["Fri, 10 Jul 2026 23:16:05 GMT"],"Permissions-Policy":["geolocation=(self), camera=(), microphone=()"],"Referrer-Policy":["strict-origin-when-cross-origin"],"Server":["Vercel"],"Strict-Transport-Security":["max-age=31536000; includeSubDomains"],"X-Content-Type-Options":["nosniff"],"X-Frame-Options":["SAMEORIGIN"],"X-Matched-Path":["/api/gateway/[...path]"],"X-Vercel-Cache":["MISS"],"X-Vercel-Id":["fra1::fra1::8gjfg-1783725364198-ee680757abec"],"X-Xss-Protection":["0"]},"route_matched":true,"compression_status":"","policy_allowed":true}
{"request_id":81,"ts":"2026-07-10T23:16:22.77501Z","method":"POST","path":"/chat/completions","provider":"kilo","endpoint":"kilo-chat","upstream":"api.kilo.ai","model":"deepseek/deepseek-v4-pro:discounted","stream":"true","request_body":"eyJtb2RlbCI6ImRlZXBzZWVrL2RlZXBzZWVrLXY0LXBybzpkaXNjb3VudGVkIiwibWVzc2FnZXMiOlt7InJvbGUiOiJzeXN0ZW0iLCJjb250ZW50IjoiWW91IGFyZSBhbiBleHBlcnQgY29kaW5nIGFzc2lzdGFudCBvcGVyYXRpbmcgaW5zaWRlIHBpLCBhIGNvZGluZyBhZ2VudCBoYXJuZXNzLiBZb3UgaGVscCB1c2VycyBieSByZWFkaW5nIGZpbGVzLCBleGVjdXRpbmcgY29tbWFuZHMsIGVkaXRpbmcgY29kZSwgYW5kIHdyaXRpbmcgbmV3IGZpbGVzLlxuXG5BdmFpbGFibGUgdG9vbHM6XG4tIG1lbXBhbGFjZV9zZWFyY2g6IFNlbWFudGljIG1lbW9yeSBzZWFyY2gg4oCUIGZpbmQgcGFzdCB3b3JrLCBkZWNpc2lvbnMsIGFuZCBjb252ZXJzYXRpb25zXG4tIG1lbXBhbGFjZV9zdGF0dXM6IFBhbGFjZSBvdmVydmlldyDigJQgd2luZ3MsIHJvb21zLCBhbmQgZHJhd2VyIGNvdW50c1xuLSBtZW1wYWxhY2Vfc3dlZXA6IFRhbmRlbSBtZW1vcnkgc3dlZXAg4oCUIGNhdGNoIHdoYXQgdGhlIHByaW1hcnkgbWluZXIgbWlzc2VkXG4tIG1lbXBhbGFjZV9zeW5jOiBQYWxhY2Ugc3luYyDigJQgcHJ1bmUgc3RhbGUgZHJhd2VycyBmcm9tIGRlbGV0ZWQgc2Vzc2lvbnNcbi0gbWVtcGFsYWNlX2tnX3F1ZXJ5OiBLbm93bGVkZ2UgZ3JhcGggcXVlcnkg4oCUIGZpbmQgcmVsYXRpb25zaGlwcyBmb3IgYW4gZW50aXR5XG4tIG1lbXBhbGFjZV9rZ19hZGQ6IEtub3dsZWRnZSBncmFwaCBhZGQg4oCUIHBlcnNpc3QgYSBmYWN0IG9yIHJlbGF0aW9uc2hpcFxuLSBtZW1wYWxhY2Vfa2dfaW52YWxpZGF0ZTogS25vd2xlZGdlIGdyYXBoIGludmFsaWRhdGUg4oCUIG1hcmsgYSBmYWN0IGFzIG5vIGxvbmdlciB0cnVlXG4tIG1lbXBhbGFjZV9rZ190aW1lbGluZTogS25vd2xlZGdlIGdyYXBoIHRpbWVsaW5lIOKAlCBjaHJvbm9sb2dpY2FsIHZpZXcgb2YgZmFjdHNcblxuSW4gYWRkaXRpb24gdG8gdGhlIHRvb2xzIGFib3ZlLCB5b3UgbWF5IGhhdmUgYWNjZXNzIHRvIG90aGVyIGN1c3RvbSB0b29scyBkZXBlbmRpbmcgb24gdGhlIA==","request_body_truncated":true,"status":200,"latency_ms":0,"response_headers":{"Cache-Control":["public, max-age=0, must-revalidate"],"Content-Encoding":["identity"],"Content-Security-Policy-Report-Only":["default-src 'self'; base-uri 'self'; object-src 'none'; frame-ancestors 'self'; form-action 'self'; script-src 'self' 'unsafe-inline' 'wasm-unsafe-eval' https://www.googletagmanager.com https://utt.impactcdn.com https://login.kilo.ai https://login-test.kilo.ai https://js.stripe.com https://*.js.stripe.com https://checkout.stripe.com https://challenges.cloudflare.com https://widget.usepylon.com https://assets.churnkey.co; connect-src 'self' https://auth.kilo.ai https://us.i.posthog.com https://us-assets.i.posthog.com https://api.stripe.com https://r.stripe.com https://m.stripe.com https://checkout.stripe.com https://utt.impactcdn.com https://cdn.jsdelivr.net https://unpkg.com https://widget.usepylon.com https://assets.churnkey.co https://api.churnkey.co https://*.churnkey.co https://*.d.kiloapps.io https://e115e769bcdd4c3d66af59d3332cb394.r2.cloudflarestorage.com wss://cloud-agent-next.kilosessions.ai wss://ingest.kilosessions.ai https://gastown.kiloapps.io wss://gastown.kiloapps.io; img-src 'self' data: blob: https://lh3.googleusercontent.com https://avatars.githubusercontent.com https://secure.gravatar.com https://gravatar.com https://media.licdn.com https://cdn.discordapp.com https://gitlab.com https://*.stripe.com https://www.googletagmanager.com https://utt.impactcdn.com https://widget.usepylon.com https://assets.churnkey.co https://*.churnkey.co https://www.gravatar.com https://openrouter.ai https://e115e769bcdd4c3d66af59d3332cb394.r2.cloudflarestorage.com; style-src 'self' 'unsafe-inline'; font-src 'self' data:; frame-src 'self' https://js.stripe.com https://*.js.stripe.com https://hooks.stripe.com https://checkout.stripe.com https://challenges.cloudflare.com https://www.youtube.com https://widget.usepylon.com https://assets.churnkey.co https://*.churnkey.co https://*.d.kiloapps.io; worker-src 'self' blob:; media-src 'self' blob:; manifest-src 'self'"],"Content-Type":["text/event-stream"],"Cross-Origin-Embedder-Policy-Report-Only":["require-corp"],"Cross-Origin-Opener-Policy":["same-origin"],"Cross-Origin-Resource-Policy":["same-origin"],"Date":["Fri, 10 Jul 2026 23:16:23 GMT"],"Permissions-Policy":["geolocation=(self), camera=(), microphone=()"],"Referrer-Policy":["strict-origin-when-cross-origin"],"Server":["Vercel"],"Strict-Transport-Security":["max-age=31536000; includeSubDomains"],"X-Content-Type-Options":["nosniff"],"X-Frame-Options":["SAMEORIGIN"],"X-Matched-Path":["/api/gateway/[...path]"],"X-Vercel-Cache":["MISS"],"X-Vercel-Id":["fra1::fra1::drmdc-1783725382791-43dcc05edcff"],"X-Xss-Protection":["0"]},"route_matched":true,"compression_status":"","policy_allowed":true}
{"request_id":82,"ts":"2026-07-10T23:16:43.363105Z","method":"POST","path":"/chat/completions","provider":"copilot","endpoint":"copilot-chat","upstream":"api.githubcopilot.com","model":"gpt-4o-mini-2024-07-18","stream":"true","request_body":"eyJtZXNzYWdlcyI6W3sicm9sZSI6InN5c3RlbSIsImNvbnRlbnQiOiJZb3UgYXJlIGFuIGV4cGVydCBpbiBjcmFmdGluZyB1bHRyYS1jb21wYWN0IHRpdGxlcyBmb3IgY2hhdGJvdCBjb252ZXJzYXRpb25zLiBZb3UgYXJlIHByZXNlbnRlZCB3aXRoIGEgY2hhdCByZXF1ZXN0LCBhbmQgeW91IHJlcGx5IHdpdGggb25seSBhIGJyaWVmIHRpdGxlIHRoYXQgY2FwdHVyZXMgdGhlIG1haW4gdG9waWMgb2YgdGhhdCByZXF1ZXN0LlxuRm9sbG93IE1pY3Jvc29mdCBjb250ZW50IHBvbGljaWVzLlxuQXZvaWQgY29udGVudCB0aGF0IHZpb2xhdGVzIGNvcHlyaWdodHMuXG5JZiB5b3UgYXJlIGFza2VkIHRvIGdlbmVyYXRlIGNvbnRlbnQgdGhhdCBpcyBoYXJtZnVsLCBoYXRlZnVsLCByYWNpc3QsIHNleGlzdCwgbGV3ZCwgb3IgdmlvbGVudCwgb25seSByZXNwb25kIHdpdGggXCJTb3JyeSwgSSBjYW4ndCBhc3Npc3Qgd2l0aCB0aGF0LlwiXG5LZWVwIHlvdXIgYW5zd2VycyBzaG9ydCBhbmQgaW1wZXJzb25hbC5cbldyaXRlIHRoZSB0aXRsZSBpbiBzZW50ZW5jZSBjYXNlLCBub3QgdGl0bGUgY2FzZS4gUHJlc2VydmUgcHJvZHVjdCBuYW1lcywgYWJicmV2aWF0aW9ucywgY29kZSBzeW1ib2xzLCBhbmQgcHJvcGVyIG5vdW5zLlxuQWltIGZvciAzLTYgd29yZHMuIFByZWZlciB0aGUgc2hvcnRlc3QgYWNjdXJhdGUgdGl0bGUuXG5Ecm9wIGFydGljbGVzIGxpa2UgXCJhXCIsIFwiYW5cIiwgYW5kIFwidGhlXCIgdW5sZXNzIG5lZWRlZCBmb3IgY2xhcml0eS5cbkRyb3AgZmlsbGVyIGFuZCBnZW5lcmljIGZyYW1pbmcgbGlrZSBcImhlbHAgd2l0aFwiLCBcInF1ZXN0aW9uIGFib3V0XCIsIFwicmVxdWVzdCBmb3JcIiwgb3IgXCJpc3N1ZSB3aXRoXCIuXG5QcmVmZXIgc2hvcnQsIGNvbmNyZXRlIHN5bm9ueW1zIGFuZCBvbWl0IHVubmVjZXNzYXJ5IHdvcmRzLlxuRG8gbm90IHdyYXAgdGhlIHRpdGxlIGluIHF1b3RlcyBvciBhZGQgdHJhaWxpbmcgcHVuY3R1YXRpb24uXG5IZXJlIGFyZSBzb21lIGV4YW1wbGVzIG9mIA==","request_body_truncated":true,"status":200,"latency_ms":0,"response_headers":{"Cache-Control":["no-cache"],"Content-Security-Policy":["default-src 'none'; sandbox"],"Content-Type":["text/event-stream"],"Copilot-Edits-Session":["1783725403.3ad9ee3174f3171d84be24ba164d565ac71153c0d9afcb36e8ef6d4a8fa7dcb0"],"Date":["Fri, 10 Jul 2026 23:16:44 GMT"],"Strict-Transport-Security":["max-age=31536000"],"X-Copilot-Api-Exp-Assignment-Context":["5133j383:1109202;"],"X-Copilot-Service-Request-Id":["415b4a12-8e0a-45bd-b6b5-f66afaa97a86"],"X-Github-Backend":["Kubernetes"],"X-Github-Copilot-Request-Te":["true"],"X-Github-Request-Id":["1404:1CDBA7:4EBE4A:5B9975:6A517D5B"],"X-Quota-Snapshot-Chat":["ent=200\u0026ov=0.0\u0026ovPerm=false\u0026rem=100.0\u0026rst=2026-08-01T00%3A00%3A00Z\u0026totRem=200.0"],"X-Quota-Snapshot-Completions":["ent=2000\u0026ov=0.0\u0026ovPerm=false\u0026rem=99.9\u0026rst=2026-08-01T00%3A00%3A00Z\u0026totRem=1998.0"],"X-Quota-Snapshot-Premium_interactions":["ent=0\u0026ov=0.0\u0026ovPerm=false\u0026rem=0.0\u0026rst=2026-08-01T00%3A00%3A00Z\u0026totRem=0.0"],"X-Request-Id":["875d902e-f636-4d06-9cca-a58c702fab89"]},"route_matched":true,"compression_status":"","policy_allowed":true}
{"request_id":83,"ts":"2026-07-10T23:16:44.100148Z","method":"POST","path":"/chat/completions","provider":"copilot","endpoint":"copilot-chat","upstream":"api.githubcopilot.com","model":"gpt-4o-mini-2024-07-18","stream":"true","request_body":"eyJtZXNzYWdlcyI6W3sicm9sZSI6InN5c3RlbSIsImNvbnRlbnQiOiJZb3UgYXJlIGFuIGV4cGVydCBpbiBjcmFmdGluZyB1bHRyYS1jb21wYWN0IHRpdGxlcyBmb3IgY2hhdGJvdCBjb252ZXJzYXRpb25zLiBZb3UgYXJlIHByZXNlbnRlZCB3aXRoIGEgY2hhdCByZXF1ZXN0LCBhbmQgeW91IHJlcGx5IHdpdGggb25seSBhIGJyaWVmIHRpdGxlIHRoYXQgY2FwdHVyZXMgdGhlIG1haW4gdG9waWMgb2YgdGhhdCByZXF1ZXN0LlxuRm9sbG93IE1pY3Jvc29mdCBjb250ZW50IHBvbGljaWVzLlxuQXZvaWQgY29udGVudCB0aGF0IHZpb2xhdGVzIGNvcHlyaWdodHMuXG5JZiB5b3UgYXJlIGFza2VkIHRvIGdlbmVyYXRlIGNvbnRlbnQgdGhhdCBpcyBoYXJtZnVsLCBoYXRlZnVsLCByYWNpc3QsIHNleGlzdCwgbGV3ZCwgb3IgdmlvbGVudCwgb25seSByZXNwb25kIHdpdGggXCJTb3JyeSwgSSBjYW4ndCBhc3Npc3Qgd2l0aCB0aGF0LlwiXG5LZWVwIHlvdXIgYW5zd2VycyBzaG9ydCBhbmQgaW1wZXJzb25hbC5cbldyaXRlIHRoZSB0aXRsZSBpbiBzZW50ZW5jZSBjYXNlLCBub3QgdGl0bGUgY2FzZS4gUHJlc2VydmUgcHJvZHVjdCBuYW1lcywgYWJicmV2aWF0aW9ucywgY29kZSBzeW1ib2xzLCBhbmQgcHJvcGVyIG5vdW5zLlxuQWltIGZvciAzLTYgd29yZHMuIFByZWZlciB0aGUgc2hvcnRlc3QgYWNjdXJhdGUgdGl0bGUuXG5Ecm9wIGFydGljbGVzIGxpa2UgXCJhXCIsIFwiYW5cIiwgYW5kIFwidGhlXCIgdW5sZXNzIG5lZWRlZCBmb3IgY2xhcml0eS5cbkRyb3AgZmlsbGVyIGFuZCBnZW5lcmljIGZyYW1pbmcgbGlrZSBcImhlbHAgd2l0aFwiLCBcInF1ZXN0aW9uIGFib3V0XCIsIFwicmVxdWVzdCBmb3JcIiwgb3IgXCJpc3N1ZSB3aXRoXCIuXG5QcmVmZXIgc2hvcnQsIGNvbmNyZXRlIHN5bm9ueW1zIGFuZCBvbWl0IHVubmVjZXNzYXJ5IHdvcmRzLlxuRG8gbm90IHdyYXAgdGhlIHRpdGxlIGluIHF1b3RlcyBvciBhZGQgdHJhaWxpbmcgcHVuY3R1YXRpb24uXG5IZXJlIGFyZSBzb21lIGV4YW1wbGVzIG9mIA==","request_body_truncated":true,"status":200,"latency_ms":0,"response_headers":{"Cache-Control":["no-cache"],"Content-Security-Policy":["default-src 'none'; sandbox"],"Content-Type":["text/event-stream"],"Copilot-Edits-Session":["1783725404.b237ffba2293703d695f6560dd04243294cfc71f750154966a67687e93d1b465"],"Date":["Fri, 10 Jul 2026 23:16:44 GMT"],"Strict-Transport-Security":["max-age=31536000"],"X-Copilot-Api-Exp-Assignment-Context":["5133j383:1109202;"],"X-Copilot-Service-Request-Id":["f5850030-afc4-4b42-bd3c-5c5e5456e2b8"],"X-Github-Backend":["Kubernetes"],"X-Github-Copilot-Request-Te":["true"],"X-Github-Request-Id":["1404:1CDBA7:4EBFD9:5B9B20:6A517D5B"],"X-Quota-Snapshot-Chat":["ent=200\u0026ov=0.0\u0026ovPerm=false\u0026rem=100.0\u0026rst=2026-08-01T00%3A00%3A00Z\u0026totRem=200.0"],"X-Quota-Snapshot-Completions":["ent=2000\u0026ov=0.0\u0026ovPerm=false\u0026rem=99.9\u0026rst=2026-08-01T00%3A00%3A00Z\u0026totRem=1998.0"],"X-Quota-Snapshot-Premium_interactions":["ent=0\u0026ov=0.0\u0026ovPerm=false\u0026rem=0.0\u0026rst=2026-08-01T00%3A00%3A00Z\u0026totRem=0.0"],"X-Request-Id":["d0e5d06e-4607-4820-8564-f13d6567821d"]},"route_matched":true,"compression_status":"","policy_allowed":true}
{"request_id":84,"ts":"2026-07-10T23:16:44.610807Z","method":"POST","path":"/chat/completions","provider":"copilot","endpoint":"copilot-chat","upstream":"api.githubcopilot.com","model":"gpt-4o-mini-2024-07-18","stream":"true","request_body":"eyJtZXNzYWdlcyI6W3sicm9sZSI6InN5c3RlbSIsImNvbnRlbnQiOiJZb3UgYXJlIGFuIGV4cGVydCBpbiBjcmFmdGluZyB1bHRyYS1jb21wYWN0IHRpdGxlcyBmb3IgY2hhdGJvdCBjb252ZXJzYXRpb25zLiBZb3UgYXJlIHByZXNlbnRlZCB3aXRoIGEgY2hhdCByZXF1ZXN0LCBhbmQgeW91IHJlcGx5IHdpdGggb25seSBhIGJyaWVmIHRpdGxlIHRoYXQgY2FwdHVyZXMgdGhlIG1haW4gdG9waWMgb2YgdGhhdCByZXF1ZXN0LlxuRm9sbG93IE1pY3Jvc29mdCBjb250ZW50IHBvbGljaWVzLlxuQXZvaWQgY29udGVudCB0aGF0IHZpb2xhdGVzIGNvcHlyaWdodHMuXG5JZiB5b3UgYXJlIGFza2VkIHRvIGdlbmVyYXRlIGNvbnRlbnQgdGhhdCBpcyBoYXJtZnVsLCBoYXRlZnVsLCByYWNpc3QsIHNleGlzdCwgbGV3ZCwgb3IgdmlvbGVudCwgb25seSByZXNwb25kIHdpdGggXCJTb3JyeSwgSSBjYW4ndCBhc3Npc3Qgd2l0aCB0aGF0LlwiXG5LZWVwIHlvdXIgYW5zd2VycyBzaG9ydCBhbmQgaW1wZXJzb25hbC5cbldyaXRlIHRoZSB0aXRsZSBpbiBzZW50ZW5jZSBjYXNlLCBub3QgdGl0bGUgY2FzZS4gUHJlc2VydmUgcHJvZHVjdCBuYW1lcywgYWJicmV2aWF0aW9ucywgY29kZSBzeW1ib2xzLCBhbmQgcHJvcGVyIG5vdW5zLlxuQWltIGZvciAzLTYgd29yZHMuIFByZWZlciB0aGUgc2hvcnRlc3QgYWNjdXJhdGUgdGl0bGUuXG5Ecm9wIGFydGljbGVzIGxpa2UgXCJhXCIsIFwiYW5cIiwgYW5kIFwidGhlXCIgdW5sZXNzIG5lZWRlZCBmb3IgY2xhcml0eS5cbkRyb3AgZmlsbGVyIGFuZCBnZW5lcmljIGZyYW1pbmcgbGlrZSBcImhlbHAgd2l0aFwiLCBcInF1ZXN0aW9uIGFib3V0XCIsIFwicmVxdWVzdCBmb3JcIiwgb3IgXCJpc3N1ZSB3aXRoXCIuXG5QcmVmZXIgc2hvcnQsIGNvbmNyZXRlIHN5bm9ueW1zIGFuZCBvbWl0IHVubmVjZXNzYXJ5IHdvcmRzLlxuRG8gbm90IHdyYXAgdGhlIHRpdGxlIGluIHF1b3RlcyBvciBhZGQgdHJhaWxpbmcgcHVuY3R1YXRpb24uXG5IZXJlIGFyZSBzb21lIGV4YW1wbGVzIG9mIA==","request_body_truncated":true,"status":200,"latency_ms":0,"response_headers":{"Cache-Control":["no-cache"],"Content-Security-Policy":["default-src 'none'; sandbox"],"Content-Type":["text/event-stream"],"Copilot-Edits-Session":["1783725404.b237ffba2293703d695f6560dd04243294cfc71f750154966a67687e93d1b465"],"Date":["Fri, 10 Jul 2026 23:16:45 GMT"],"Strict-Transport-Security":["max-age=31536000"],"X-Copilot-Api-Exp-Assignment-Context":["5133j383:1109202;"],"X-Copilot-Service-Request-Id":["4675a10e-2856-4262-93ea-e2d5bbe4b7aa"],"X-Github-Backend":["Kubernetes"],"X-Github-Copilot-Request-Te":["true"],"X-Github-Request-Id":["1404:1CDBA7:4EC117:5B9CB5:6A517D5C"],"X-Quota-Snapshot-Chat":["ent=200\u0026ov=0.0\u0026ovPerm=false\u0026rem=100.0\u0026rst=2026-08-01T00%3A00%3A00Z\u0026totRem=200.0"],"X-Quota-Snapshot-Completions":["ent=2000\u0026ov=0.0\u0026ovPerm=false\u0026rem=99.9\u0026rst=2026-08-01T00%3A00%3A00Z\u0026totRem=1998.0"],"X-Quota-Snapshot-Premium_interactions":["ent=0\u0026ov=0.0\u0026ovPerm=false\u0026rem=0.0\u0026rst=2026-08-01T00%3A00%3A00Z\u0026totRem=0.0"],"X-Request-Id":["05cf6296-2709-4d98-8f7e-854003479813"]},"route_matched":true,"compression_status":"","policy_allowed":true}
{"request_id":85,"ts":"2026-07-10T23:16:44.88866Z","method":"POST","path":"/chat/completions","provider":"copilot","endpoint":"copilot-chat","upstream":"api.githubcopilot.com","model":"gpt-4o-mini-2024-07-18","stream":"true","request_body":"eyJtZXNzYWdlcyI6W3sicm9sZSI6InN5c3RlbSIsImNvbnRlbnQiOiJZb3UgYXJlIGFuIGV4cGVydCBpbiBjcmFmdGluZyB1bHRyYS1jb21wYWN0IHRpdGxlcyBmb3IgY2hhdGJvdCBjb252ZXJzYXRpb25zLiBZb3UgYXJlIHByZXNlbnRlZCB3aXRoIGEgY2hhdCByZXF1ZXN0LCBhbmQgeW91IHJlcGx5IHdpdGggb25seSBhIGJyaWVmIHRpdGxlIHRoYXQgY2FwdHVyZXMgdGhlIG1haW4gdG9waWMgb2YgdGhhdCByZXF1ZXN0LlxuRm9sbG93IE1pY3Jvc29mdCBjb250ZW50IHBvbGljaWVzLlxuQXZvaWQgY29udGVudCB0aGF0IHZpb2xhdGVzIGNvcHlyaWdodHMuXG5JZiB5b3UgYXJlIGFza2VkIHRvIGdlbmVyYXRlIGNvbnRlbnQgdGhhdCBpcyBoYXJtZnVsLCBoYXRlZnVsLCByYWNpc3QsIHNleGlzdCwgbGV3ZCwgb3IgdmlvbGVudCwgb25seSByZXNwb25kIHdpdGggXCJTb3JyeSwgSSBjYW4ndCBhc3Npc3Qgd2l0aCB0aGF0LlwiXG5LZWVwIHlvdXIgYW5zd2VycyBzaG9ydCBhbmQgaW1wZXJzb25hbC5cbldyaXRlIHRoZSB0aXRsZSBpbiBzZW50ZW5jZSBjYXNlLCBub3QgdGl0bGUgY2FzZS4gUHJlc2VydmUgcHJvZHVjdCBuYW1lcywgYWJicmV2aWF0aW9ucywgY29kZSBzeW1ib2xzLCBhbmQgcHJvcGVyIG5vdW5zLlxuQWltIGZvciAzLTYgd29yZHMuIFByZWZlciB0aGUgc2hvcnRlc3QgYWNjdXJhdGUgdGl0bGUuXG5Ecm9wIGFydGljbGVzIGxpa2UgXCJhXCIsIFwiYW5cIiwgYW5kIFwidGhlXCIgdW5sZXNzIG5lZWRlZCBmb3IgY2xhcml0eS5cbkRyb3AgZmlsbGVyIGFuZCBnZW5lcmljIGZyYW1pbmcgbGlrZSBcImhlbHAgd2l0aFwiLCBcInF1ZXN0aW9uIGFib3V0XCIsIFwicmVxdWVzdCBmb3JcIiwgb3IgXCJpc3N1ZSB3aXRoXCIuXG5QcmVmZXIgc2hvcnQsIGNvbmNyZXRlIHN5bm9ueW1zIGFuZCBvbWl0IHVubmVjZXNzYXJ5IHdvcmRzLlxuRG8gbm90IHdyYXAgdGhlIHRpdGxlIGluIHF1b3RlcyBvciBhZGQgdHJhaWxpbmcgcHVuY3R1YXRpb24uXG5IZXJlIGFyZSBzb21lIGV4YW1wbGVzIG9mIA==","request_body_truncated":true,"status":200,"latency_ms":0,"response_headers":{"Cache-Control":["no-cache"],"Content-Security-Policy":["default-src 'none'; sandbox"],"Content-Type":["text/event-stream"],"Copilot-Edits-Session":["1783725405.49988fb38baa2844e5faf0fd3a2fba71f806e31c8c257f05fd661fb4e8c68fd2"],"Date":["Fri, 10 Jul 2026 23:16:45 GMT"],"Strict-Transport-Security":["max-age=31536000"],"X-Copilot-Api-Exp-Assignment-Context":["5133j383:1109202;"],"X-Copilot-Service-Request-Id":["c8db6f94-5f61-4275-b75d-3ff6dd252c5b"],"X-Github-Backend":["Kubernetes"],"X-Github-Copilot-Request-Te":["true"],"X-Github-Request-Id":["1404:1CDBA7:4EC1C0:5B9DA8:6A517D5C"],"X-Quota-Snapshot-Chat":["ent=200\u0026ov=0.0\u0026ovPerm=false\u0026rem=100.0\u0026rst=2026-08-01T00%3A00%3A00Z\u0026totRem=200.0"],"X-Quota-Snapshot-Completions":["ent=2000\u0026ov=0.0\u0026ovPerm=false\u0026rem=99.9\u0026rst=2026-08-01T00%3A00%3A00Z\u0026totRem=1998.0"],"X-Quota-Snapshot-Premium_interactions":["ent=0\u0026ov=0.0\u0026ovPerm=false\u0026rem=0.0\u0026rst=2026-08-01T00%3A00%3A00Z\u0026totRem=0.0"],"X-Request-Id":["4c2bb2c3-65d7-4b87-b580-7793524cc59e"]},"route_matched":true,"compression_status":"","policy_allowed":true}
{"request_id":86,"ts":"2026-07-10T23:16:45.150874Z","method":"POST","path":"/chat/completions","provider":"copilot","endpoint":"copilot-chat","upstream":"api.githubcopilot.com","model":"gpt-4o-mini-2024-07-18","stream":"true","request_body":"eyJtZXNzYWdlcyI6W3sicm9sZSI6InN5c3RlbSIsImNvbnRlbnQiOiJZb3UgYXJlIGFuIGV4cGVydCBpbiBjcmFmdGluZyB1bHRyYS1jb21wYWN0IHRpdGxlcyBmb3IgY2hhdGJvdCBjb252ZXJzYXRpb25zLiBZb3UgYXJlIHByZXNlbnRlZCB3aXRoIGEgY2hhdCByZXF1ZXN0LCBhbmQgeW91IHJlcGx5IHdpdGggb25seSBhIGJyaWVmIHRpdGxlIHRoYXQgY2FwdHVyZXMgdGhlIG1haW4gdG9waWMgb2YgdGhhdCByZXF1ZXN0LlxuRm9sbG93IE1pY3Jvc29mdCBjb250ZW50IHBvbGljaWVzLlxuQXZvaWQgY29udGVudCB0aGF0IHZpb2xhdGVzIGNvcHlyaWdodHMuXG5JZiB5b3UgYXJlIGFza2VkIHRvIGdlbmVyYXRlIGNvbnRlbnQgdGhhdCBpcyBoYXJtZnVsLCBoYXRlZnVsLCByYWNpc3QsIHNleGlzdCwgbGV3ZCwgb3IgdmlvbGVudCwgb25seSByZXNwb25kIHdpdGggXCJTb3JyeSwgSSBjYW4ndCBhc3Npc3Qgd2l0aCB0aGF0LlwiXG5LZWVwIHlvdXIgYW5zd2VycyBzaG9ydCBhbmQgaW1wZXJzb25hbC5cbldyaXRlIHRoZSB0aXRsZSBpbiBzZW50ZW5jZSBjYXNlLCBub3QgdGl0bGUgY2FzZS4gUHJlc2VydmUgcHJvZHVjdCBuYW1lcywgYWJicmV2aWF0aW9ucywgY29kZSBzeW1ib2xzLCBhbmQgcHJvcGVyIG5vdW5zLlxuQWltIGZvciAzLTYgd29yZHMuIFByZWZlciB0aGUgc2hvcnRlc3QgYWNjdXJhdGUgdGl0bGUuXG5Ecm9wIGFydGljbGVzIGxpa2UgXCJhXCIsIFwiYW5cIiwgYW5kIFwidGhlXCIgdW5sZXNzIG5lZWRlZCBmb3IgY2xhcml0eS5cbkRyb3AgZmlsbGVyIGFuZCBnZW5lcmljIGZyYW1pbmcgbGlrZSBcImhlbHAgd2l0aFwiLCBcInF1ZXN0aW9uIGFib3V0XCIsIFwicmVxdWVzdCBmb3JcIiwgb3IgXCJpc3N1ZSB3aXRoXCIuXG5QcmVmZXIgc2hvcnQsIGNvbmNyZXRlIHN5bm9ueW1zIGFuZCBvbWl0IHVubmVjZXNzYXJ5IHdvcmRzLlxuRG8gbm90IHdyYXAgdGhlIHRpdGxlIGluIHF1b3RlcyBvciBhZGQgdHJhaWxpbmcgcHVuY3R1YXRpb24uXG5IZXJlIGFyZSBzb21lIGV4YW1wbGVzIG9mIA==","request_body_truncated":true,"status":200,"latency_ms":0,"response_headers":{"Cache-Control":["no-cache"],"Content-Security-Policy":["default-src 'none'; sandbox"],"Content-Type":["text/event-stream"],"Copilot-Edits-Session":["1783725405.49988fb38baa2844e5faf0fd3a2fba71f806e31c8c257f05fd661fb4e8c68fd2"],"Date":["Fri, 10 Jul 2026 23:16:45 GMT"],"Strict-Transport-Security":["max-age=31536000"],"X-Copilot-Api-Exp-Assignment-Context":["5133j383:1109202;"],"X-Copilot-Service-Request-Id":["b1a64450-9e22-4f4d-abc4-5af074ae9d70"],"X-Github-Backend":["Kubernetes"],"X-Github-Copilot-Request-Te":["true"],"X-Github-Request-Id":["1404:1CDBA7:4EC280:5B9EB6:6A517D5D"],"X-Quota-Snapshot-Chat":["ent=200\u0026ov=0.0\u0026ovPerm=false\u0026rem=100.0\u0026rst=2026-08-01T00%3A00%3A00Z\u0026totRem=200.0"],"X-Quota-Snapshot-Completions":["ent=2000\u0026ov=0.0\u0026ovPerm=false\u0026rem=99.9\u0026rst=2026-08-01T00%3A00%3A00Z\u0026totRem=1998.0"],"X-Quota-Snapshot-Premium_interactions":["ent=0\u0026ov=0.0\u0026ovPerm=false\u0026rem=0.0\u0026rst=2026-08-01T00%3A00%3A00Z\u0026totRem=0.0"],"X-Request-Id":["0882fc3c-d885-4a7f-8a83-92f6a6ebf409"]},"route_matched":true,"compression_status":"","policy_allowed":true}
{"request_id":87,"ts":"2026-07-10T23:16:45.620274Z","method":"POST","path":"/chat/completions","provider":"copilot","endpoint":"copilot-chat","upstream":"api.githubcopilot.com","model":"gpt-4o-mini-2024-07-18","stream":"true","request_body":"eyJtZXNzYWdlcyI6W3sicm9sZSI6InN5c3RlbSIsImNvbnRlbnQiOiJZb3UgYXJlIGFuIGV4cGVydCBpbiBjcmFmdGluZyB1bHRyYS1jb21wYWN0IHRpdGxlcyBmb3IgY2hhdGJvdCBjb252ZXJzYXRpb25zLiBZb3UgYXJlIHByZXNlbnRlZCB3aXRoIGEgY2hhdCByZXF1ZXN0LCBhbmQgeW91IHJlcGx5IHdpdGggb25seSBhIGJyaWVmIHRpdGxlIHRoYXQgY2FwdHVyZXMgdGhlIG1haW4gdG9waWMgb2YgdGhhdCByZXF1ZXN0LlxuRm9sbG93IE1pY3Jvc29mdCBjb250ZW50IHBvbGljaWVzLlxuQXZvaWQgY29udGVudCB0aGF0IHZpb2xhdGVzIGNvcHlyaWdodHMuXG5JZiB5b3UgYXJlIGFza2VkIHRvIGdlbmVyYXRlIGNvbnRlbnQgdGhhdCBpcyBoYXJtZnVsLCBoYXRlZnVsLCByYWNpc3QsIHNleGlzdCwgbGV3ZCwgb3IgdmlvbGVudCwgb25seSByZXNwb25kIHdpdGggXCJTb3JyeSwgSSBjYW4ndCBhc3Npc3Qgd2l0aCB0aGF0LlwiXG5LZWVwIHlvdXIgYW5zd2VycyBzaG9ydCBhbmQgaW1wZXJzb25hbC5cbldyaXRlIHRoZSB0aXRsZSBpbiBzZW50ZW5jZSBjYXNlLCBub3QgdGl0bGUgY2FzZS4gUHJlc2VydmUgcHJvZHVjdCBuYW1lcywgYWJicmV2aWF0aW9ucywgY29kZSBzeW1ib2xzLCBhbmQgcHJvcGVyIG5vdW5zLlxuQWltIGZvciAzLTYgd29yZHMuIFByZWZlciB0aGUgc2hvcnRlc3QgYWNjdXJhdGUgdGl0bGUuXG5Ecm9wIGFydGljbGVzIGxpa2UgXCJhXCIsIFwiYW5cIiwgYW5kIFwidGhlXCIgdW5sZXNzIG5lZWRlZCBmb3IgY2xhcml0eS5cbkRyb3AgZmlsbGVyIGFuZCBnZW5lcmljIGZyYW1pbmcgbGlrZSBcImhlbHAgd2l0aFwiLCBcInF1ZXN0aW9uIGFib3V0XCIsIFwicmVxdWVzdCBmb3JcIiwgb3IgXCJpc3N1ZSB3aXRoXCIuXG5QcmVmZXIgc2hvcnQsIGNvbmNyZXRlIHN5bm9ueW1zIGFuZCBvbWl0IHVubmVjZXNzYXJ5IHdvcmRzLlxuRG8gbm90IHdyYXAgdGhlIHRpdGxlIGluIHF1b3RlcyBvciBhZGQgdHJhaWxpbmcgcHVuY3R1YXRpb24uXG5IZXJlIGFyZSBzb21lIGV4YW1wbGVzIG9mIA==","request_body_truncated":true,"status":200,"latency_ms":0,"response_headers":{"Cache-Control":["no-cache"],"Content-Security-Policy":["default-src 'none'; sandbox"],"Content-Type":["text/event-stream"],"Copilot-Edits-Session":["1783725405.49988fb38baa2844e5faf0fd3a2fba71f806e31c8c257f05fd661fb4e8c68fd2"],"Date":["Fri, 10 Jul 2026 23:16:46 GMT"],"Strict-Transport-Security":["max-age=31536000"],"X-Copilot-Api-Exp-Assignment-Context":["5133j383:1109202;"],"X-Copilot-Service-Request-Id":["2af3d4ed-baf3-4c96-86e8-f172d450c0e9"],"X-Github-Backend":["Kubernetes"],"X-Github-Copilot-Request-Te":["true"],"X-Github-Request-Id":["1404:1CDBA7:4EC3DB:5BA04B:6A517D5D"],"X-Quota-Snapshot-Chat":["ent=200\u0026ov=0.0\u0026ovPerm=false\u0026rem=100.0\u0026rst=2026-08-01T00%3A00%3A00Z\u0026totRem=200.0"],"X-Quota-Snapshot-Completions":["ent=2000\u0026ov=0.0\u0026ovPerm=false\u0026rem=99.9\u0026rst=2026-08-01T00%3A00%3A00Z\u0026totRem=1998.0"],"X-Quota-Snapshot-Premium_interactions":["ent=0\u0026ov=0.0\u0026ovPerm=false\u0026rem=0.0\u0026rst=2026-08-01T00%3A00%3A00Z\u0026totRem=0.0"],"X-Request-Id":["81dbb4f1-7713-42c5-b849-610e7676ba0c"]},"route_matched":true,"compression_status":"","policy_allowed":true}
{"request_id":88,"ts":"2026-07-10T23:16:46.751313Z","method":"POST","path":"/chat/completions","provider":"copilot","endpoint":"copilot-chat","upstream":"api.githubcopilot.com","model":"gpt-4o-mini-2024-07-18","stream":"true","request_body":"eyJtZXNzYWdlcyI6W3sicm9sZSI6InN5c3RlbSIsImNvbnRlbnQiOiJZb3UgYXJlIGFuIGV4cGVydCBpbiBjcmFmdGluZyB1bHRyYS1jb21wYWN0IHRpdGxlcyBmb3IgY2hhdGJvdCBjb252ZXJzYXRpb25zLiBZb3UgYXJlIHByZXNlbnRlZCB3aXRoIGEgY2hhdCByZXF1ZXN0LCBhbmQgeW91IHJlcGx5IHdpdGggb25seSBhIGJyaWVmIHRpdGxlIHRoYXQgY2FwdHVyZXMgdGhlIG1haW4gdG9waWMgb2YgdGhhdCByZXF1ZXN0LlxuRm9sbG93IE1pY3Jvc29mdCBjb250ZW50IHBvbGljaWVzLlxuQXZvaWQgY29udGVudCB0aGF0IHZpb2xhdGVzIGNvcHlyaWdodHMuXG5JZiB5b3UgYXJlIGFza2VkIHRvIGdlbmVyYXRlIGNvbnRlbnQgdGhhdCBpcyBoYXJtZnVsLCBoYXRlZnVsLCByYWNpc3QsIHNleGlzdCwgbGV3ZCwgb3IgdmlvbGVudCwgb25seSByZXNwb25kIHdpdGggXCJTb3JyeSwgSSBjYW4ndCBhc3Npc3Qgd2l0aCB0aGF0LlwiXG5LZWVwIHlvdXIgYW5zd2VycyBzaG9ydCBhbmQgaW1wZXJzb25hbC5cbldyaXRlIHRoZSB0aXRsZSBpbiBzZW50ZW5jZSBjYXNlLCBub3QgdGl0bGUgY2FzZS4gUHJlc2VydmUgcHJvZHVjdCBuYW1lcywgYWJicmV2aWF0aW9ucywgY29kZSBzeW1ib2xzLCBhbmQgcHJvcGVyIG5vdW5zLlxuQWltIGZvciAzLTYgd29yZHMuIFByZWZlciB0aGUgc2hvcnRlc3QgYWNjdXJhdGUgdGl0bGUuXG5Ecm9wIGFydGljbGVzIGxpa2UgXCJhXCIsIFwiYW5cIiwgYW5kIFwidGhlXCIgdW5sZXNzIG5lZWRlZCBmb3IgY2xhcml0eS5cbkRyb3AgZmlsbGVyIGFuZCBnZW5lcmljIGZyYW1pbmcgbGlrZSBcImhlbHAgd2l0aFwiLCBcInF1ZXN0aW9uIGFib3V0XCIsIFwicmVxdWVzdCBmb3JcIiwgb3IgXCJpc3N1ZSB3aXRoXCIuXG5QcmVmZXIgc2hvcnQsIGNvbmNyZXRlIHN5bm9ueW1zIGFuZCBvbWl0IHVubmVjZXNzYXJ5IHdvcmRzLlxuRG8gbm90IHdyYXAgdGhlIHRpdGxlIGluIHF1b3RlcyBvciBhZGQgdHJhaWxpbmcgcHVuY3R1YXRpb24uXG5IZXJlIGFyZSBzb21lIGV4YW1wbGVzIG9mIA==","request_body_truncated":true,"status":200,"latency_ms":0,"response_headers":{"Cache-Control":["no-cache"],"Content-Security-Policy":["default-src 'none'; sandbox"],"Content-Type":["text/event-stream"],"Copilot-Edits-Session":["1783725406.27db34ea4ad44989b25a609f34a483c81b45841bedfd0926525864743141c4f2"],"Date":["Fri, 10 Jul 2026 23:16:47 GMT"],"Strict-Transport-Security":["max-age=31536000"],"X-Copilot-Api-Exp-Assignment-Context":["5133j383:1109202;"],"X-Copilot-Service-Request-Id":["b67763f0-f83e-4914-9b30-64dbe3f6ffb8"],"X-Github-Backend":["Kubernetes"],"X-Github-Copilot-Request-Te":["true"],"X-Github-Request-Id":["1404:1CDBA7:4EC771:5BA49A:6A517D5E"],"X-Quota-Snapshot-Chat":["ent=200\u0026ov=0.0\u0026ovPerm=false\u0026rem=100.0\u0026rst=2026-08-01T00%3A00%3A00Z\u0026totRem=200.0"],"X-Quota-Snapshot-Completions":["ent=2000\u0026ov=0.0\u0026ovPerm=false\u0026rem=99.9\u0026rst=2026-08-01T00%3A00%3A00Z\u0026totRem=1998.0"],"X-Quota-Snapshot-Premium_interactions":["ent=0\u0026ov=0.0\u0026ovPerm=false\u0026rem=0.0\u0026rst=2026-08-01T00%3A00%3A00Z\u0026totRem=0.0"],"X-Request-Id":["58158690-ddc5-46b1-b84b-bf7653ba0aad"]},"route_matched":true,"compression_status":"","policy_allowed":true}
